Archive member included to satisfy reference by file (symbol)

d:/programmi/stm32cubeide_1.3.0/stm32cubeide/plugins/com.st.stm32cube.ide.mcu.externaltools.gnu-tools-for-stm32.7-2018-q2-update.win32_1.0.0.201904181610/tools/bin/../lib/gcc/arm-none-eabi/7.3.1/../../../../arm-none-eabi/lib/thumb/v7e-m/fpv4-sp/hard\libc_nano.a(lib_a-atoi.o)
                              Core/Src/configuration.o (atoi)
d:/programmi/stm32cubeide_1.3.0/stm32cubeide/plugins/com.st.stm32cube.ide.mcu.externaltools.gnu-tools-for-stm32.7-2018-q2-update.win32_1.0.0.201904181610/tools/bin/../lib/gcc/arm-none-eabi/7.3.1/../../../../arm-none-eabi/lib/thumb/v7e-m/fpv4-sp/hard\libc_nano.a(lib_a-errno.o)
                              Core/Src/syscalls.o (__errno)
d:/programmi/stm32cubeide_1.3.0/stm32cubeide/plugins/com.st.stm32cube.ide.mcu.externaltools.gnu-tools-for-stm32.7-2018-q2-update.win32_1.0.0.201904181610/tools/bin/../lib/gcc/arm-none-eabi/7.3.1/../../../../arm-none-eabi/lib/thumb/v7e-m/fpv4-sp/hard\libc_nano.a(lib_a-exit.o)
                              d:/programmi/stm32cubeide_1.3.0/stm32cubeide/plugins/com.st.stm32cube.ide.mcu.externaltools.gnu-tools-for-stm32.7-2018-q2-update.win32_1.0.0.201904181610/tools/bin/../lib/gcc/arm-none-eabi/7.3.1/../../../../arm-none-eabi/lib/thumb/v7e-m/fpv4-sp/hard/crt0.o (exit)
d:/programmi/stm32cubeide_1.3.0/stm32cubeide/plugins/com.st.stm32cube.ide.mcu.externaltools.gnu-tools-for-stm32.7-2018-q2-update.win32_1.0.0.201904181610/tools/bin/../lib/gcc/arm-none-eabi/7.3.1/../../../../arm-none-eabi/lib/thumb/v7e-m/fpv4-sp/hard\libc_nano.a(lib_a-impure.o)
                              d:/programmi/stm32cubeide_1.3.0/stm32cubeide/plugins/com.st.stm32cube.ide.mcu.externaltools.gnu-tools-for-stm32.7-2018-q2-update.win32_1.0.0.201904181610/tools/bin/../lib/gcc/arm-none-eabi/7.3.1/../../../../arm-none-eabi/lib/thumb/v7e-m/fpv4-sp/hard\libc_nano.a(lib_a-exit.o) (_global_impure_ptr)
d:/programmi/stm32cubeide_1.3.0/stm32cubeide/plugins/com.st.stm32cube.ide.mcu.externaltools.gnu-tools-for-stm32.7-2018-q2-update.win32_1.0.0.201904181610/tools/bin/../lib/gcc/arm-none-eabi/7.3.1/../../../../arm-none-eabi/lib/thumb/v7e-m/fpv4-sp/hard\libc_nano.a(lib_a-init.o)
                              d:/programmi/stm32cubeide_1.3.0/stm32cubeide/plugins/com.st.stm32cube.ide.mcu.externaltools.gnu-tools-for-stm32.7-2018-q2-update.win32_1.0.0.201904181610/tools/bin/../lib/gcc/arm-none-eabi/7.3.1/../../../../arm-none-eabi/lib/thumb/v7e-m/fpv4-sp/hard/crt0.o (__libc_init_array)
d:/programmi/stm32cubeide_1.3.0/stm32cubeide/plugins/com.st.stm32cube.ide.mcu.externaltools.gnu-tools-for-stm32.7-2018-q2-update.win32_1.0.0.201904181610/tools/bin/../lib/gcc/arm-none-eabi/7.3.1/../../../../arm-none-eabi/lib/thumb/v7e-m/fpv4-sp/hard\libc_nano.a(lib_a-itoa.o)
                              Core/Src/mqtt_log.o (itoa)
d:/programmi/stm32cubeide_1.3.0/stm32cubeide/plugins/com.st.stm32cube.ide.mcu.externaltools.gnu-tools-for-stm32.7-2018-q2-update.win32_1.0.0.201904181610/tools/bin/../lib/gcc/arm-none-eabi/7.3.1/../../../../arm-none-eabi/lib/thumb/v7e-m/fpv4-sp/hard\libc_nano.a(lib_a-memset.o)
                              d:/programmi/stm32cubeide_1.3.0/stm32cubeide/plugins/com.st.stm32cube.ide.mcu.externaltools.gnu-tools-for-stm32.7-2018-q2-update.win32_1.0.0.201904181610/tools/bin/../lib/gcc/arm-none-eabi/7.3.1/../../../../arm-none-eabi/lib/thumb/v7e-m/fpv4-sp/hard/crt0.o (memset)
d:/programmi/stm32cubeide_1.3.0/stm32cubeide/plugins/com.st.stm32cube.ide.mcu.externaltools.gnu-tools-for-stm32.7-2018-q2-update.win32_1.0.0.201904181610/tools/bin/../lib/gcc/arm-none-eabi/7.3.1/../../../../arm-none-eabi/lib/thumb/v7e-m/fpv4-sp/hard\libc_nano.a(lib_a-sprintf.o)
                              Core/Src/lcd.o (sprintf)
d:/programmi/stm32cubeide_1.3.0/stm32cubeide/plugins/com.st.stm32cube.ide.mcu.externaltools.gnu-tools-for-stm32.7-2018-q2-update.win32_1.0.0.201904181610/tools/bin/../lib/gcc/arm-none-eabi/7.3.1/../../../../arm-none-eabi/lib/thumb/v7e-m/fpv4-sp/hard\libc_nano.a(lib_a-strcat.o)
                              Core/Src/mqtt_log.o (strcat)
d:/programmi/stm32cubeide_1.3.0/stm32cubeide/plugins/com.st.stm32cube.ide.mcu.externaltools.gnu-tools-for-stm32.7-2018-q2-update.win32_1.0.0.201904181610/tools/bin/../lib/gcc/arm-none-eabi/7.3.1/../../../../arm-none-eabi/lib/thumb/v7e-m/fpv4-sp/hard\libc_nano.a(lib_a-strcmp.o)
                              Core/Src/mqtt_log.o (strcmp)
d:/programmi/stm32cubeide_1.3.0/stm32cubeide/plugins/com.st.stm32cube.ide.mcu.externaltools.gnu-tools-for-stm32.7-2018-q2-update.win32_1.0.0.201904181610/tools/bin/../lib/gcc/arm-none-eabi/7.3.1/../../../../arm-none-eabi/lib/thumb/v7e-m/fpv4-sp/hard\libc_nano.a(lib_a-strcpy.o)
                              Core/Src/configuration.o (strcpy)
[...]
Memory Configuration

Name             Origin             Length             Attributes
RAM              0x0000000020000000 0x0000000000018000 xrw
FLASH            0x0000000008000000 0x0000000000080000 xr
*default*        0x0000000000000000 0xffffffffffffffff

Linker script and memory map

LOAD d:/programmi/stm32cubeide_1.3.0/stm32cubeide/plugins/com.st.stm32cube.ide.mcu.externaltools.gnu-tools-for-stm32.7-2018-q2-update.win32_1.0.0.201904181610/tools/bin/../lib/gcc/arm-none-eabi/7.3.1/thumb/v7e-m/fpv4-sp/hard/crti.o
LOAD d:/programmi/stm32cubeide_1.3.0/stm32cubeide/plugins/com.st.stm32cube.ide.mcu.externaltools.gnu-tools-for-stm32.7-2018-q2-update.win32_1.0.0.201904181610/tools/bin/../lib/gcc/arm-none-eabi/7.3.1/thumb/v7e-m/fpv4-sp/hard/crtbegin.o
LOAD d:/programmi/stm32cubeide_1.3.0/stm32cubeide/plugins/com.st.stm32cube.ide.mcu.externaltools.gnu-tools-for-stm32.7-2018-q2-update.win32_1.0.0.201904181610/tools/bin/../lib/gcc/arm-none-eabi/7.3.1/../../../../arm-none-eabi/lib/thumb/v7e-m/fpv4-sp/hard/crt0.o
LOAD Core/Src/MAX30100.o
LOAD Core/Src/MAX30100_beat_detector.o
LOAD Core/Src/MAX30100_filters.o
LOAD Core/Src/MAX30100_spo2_calculator.o
LOAD Core/Src/buzzer.o
LOAD Core/Src/configuration.o
LOAD Core/Src/datastructure.o
LOAD Core/Src/dma.o
LOAD Core/Src/eeprom_i2c.o
LOAD Core/Src/gpio.o
LOAD Core/Src/i2c.o
LOAD Core/Src/lcd.o
LOAD Core/Src/log.o
LOAD Core/Src/main.o
LOAD Core/Src/mqtt_log.o
LOAD Core/Src/ring_buffer.o
LOAD Core/Src/stm32f4xx_hal_msp.o
LOAD Core/Src/stm32f4xx_it.o
LOAD Core/Src/syscalls.o
LOAD Core/Src/sysmem.o
LOAD Core/Src/system_stm32f4xx.o
LOAD Core/Src/tim.o
LOAD Core/Src/usart.o
LOAD Core/Startup/startup_stm32f401retx.o
LOAD Drivers/STM32F4xx_HAL_Driver/Src/stm32f4xx_hal.o
LOAD Drivers/STM32F4xx_HAL_Driver/Src/stm32f4xx_hal_cortex.o
LOAD Drivers/STM32F4xx_HAL_Driver/Src/stm32f4xx_hal_dma.o
LOAD Drivers/STM32F4xx_HAL_Driver/Src/stm32f4xx_hal_dma_ex.o
LOAD Drivers/STM32F4xx_HAL_Driver/Src/stm32f4xx_hal_exti.o
LOAD Drivers/STM32F4xx_HAL_Driver/Src/stm32f4xx_hal_flash.o
LOAD Drivers/STM32F4xx_HAL_Driver/Src/stm32f4xx_hal_flash_ex.o
LOAD Drivers/STM32F4xx_HAL_Driver/Src/stm32f4xx_hal_flash_ramfunc.o
LOAD Drivers/STM32F4xx_HAL_Driver/Src/stm32f4xx_hal_gpio.o
LOAD Drivers/STM32F4xx_HAL_Driver/Src/stm32f4xx_hal_i2c.o
LOAD Drivers/STM32F4xx_HAL_Driver/Src/stm32f4xx_hal_i2c_ex.o
LOAD Drivers/STM32F4xx_HAL_Driver/Src/stm32f4xx_hal_pwr.o
LOAD Drivers/STM32F4xx_HAL_Driver/Src/stm32f4xx_hal_pwr_ex.o
LOAD Drivers/STM32F4xx_HAL_Driver/Src/stm32f4xx_hal_rcc.o
LOAD Drivers/STM32F4xx_HAL_Driver/Src/stm32f4xx_hal_rcc_ex.o
LOAD Drivers/STM32F4xx_HAL_Driver/Src/stm32f4xx_hal_tim.o
LOAD Drivers/STM32F4xx_HAL_Driver/Src/stm32f4xx_hal_tim_ex.o
LOAD Drivers/STM32F4xx_HAL_Driver/Src/stm32f4xx_hal_uart.o
START GROUP
LOAD d:/programmi/stm32cubeide_1.3.0/stm32cubeide/plugins/com.st.stm32cube.ide.mcu.externaltools.gnu-tools-for-stm32.7-2018-q2-update.win32_1.0.0.201904181610/tools/bin/../lib/gcc/arm-none-eabi/7.3.1/../../../../arm-none-eabi/lib/thumb/v7e-m/fpv4-sp/hard\libc_nano.a
LOAD d:/programmi/stm32cubeide_1.3.0/stm32cubeide/plugins/com.st.stm32cube.ide.mcu.externaltools.gnu-tools-for-stm32.7-2018-q2-update.win32_1.0.0.201904181610/tools/bin/../lib/gcc/arm-none-eabi/7.3.1/../../../../arm-none-eabi/lib/thumb/v7e-m/fpv4-sp/hard\libm.a
END GROUP
START GROUP
LOAD d:/programmi/stm32cubeide_1.3.0/stm32cubeide/plugins/com.st.stm32cube.ide.mcu.externaltools.gnu-tools-for-stm32.7-2018-q2-update.win32_1.0.0.201904181610/tools/bin/../lib/gcc/arm-none-eabi/7.3.1/thumb/v7e-m/fpv4-sp/hard\libgcc.a
LOAD d:/programmi/stm32cubeide_1.3.0/stm32cubeide/plugins/com.st.stm32cube.ide.mcu.externaltools.gnu-tools-for-stm32.7-2018-q2-update.win32_1.0.0.201904181610/tools/bin/../lib/gcc/arm-none-eabi/7.3.1/../../../../arm-none-eabi/lib/thumb/v7e-m/fpv4-sp/hard\libc_nano.a
END GROUP
START GROUP
LOAD d:/programmi/stm32cubeide_1.3.0/stm32cubeide/plugins/com.st.stm32cube.ide.mcu.externaltools.gnu-tools-for-stm32.7-2018-q2-update.win32_1.0.0.201904181610/tools/bin/../lib/gcc/arm-none-eabi/7.3.1/thumb/v7e-m/fpv4-sp/hard\libgcc.a
LOAD d:/programmi/stm32cubeide_1.3.0/stm32cubeide/plugins/com.st.stm32cube.ide.mcu.externaltools.gnu-tools-for-stm32.7-2018-q2-update.win32_1.0.0.201904181610/tools/bin/../lib/gcc/arm-none-eabi/7.3.1/../../../../arm-none-eabi/lib/thumb/v7e-m/fpv4-sp/hard\libc_nano.a
LOAD d:/programmi/stm32cubeide_1.3.0/stm32cubeide/plugins/com.st.stm32cube.ide.mcu.externaltools.gnu-tools-for-stm32.7-2018-q2-update.win32_1.0.0.201904181610/tools/bin/../lib/gcc/arm-none-eabi/7.3.1/../../../../arm-none-eabi/lib/thumb/v7e-m/fpv4-sp/hard\libnosys.a
END GROUP
START GROUP
LOAD d:/programmi/stm32cubeide_1.3.0/stm32cubeide/plugins/com.st.stm32cube.ide.mcu.externaltools.gnu-tools-for-stm32.7-2018-q2-update.win32_1.0.0.201904181610/tools/bin/../lib/gcc/arm-none-eabi/7.3.1/thumb/v7e-m/fpv4-sp/hard\libgcc.a
LOAD d:/programmi/stm32cubeide_1.3.0/stm32cubeide/plugins/com.st.stm32cube.ide.mcu.externaltools.gnu-tools-for-stm32.7-2018-q2-update.win32_1.0.0.201904181610/tools/bin/../lib/gcc/arm-none-eabi/7.3.1/../../../../arm-none-eabi/lib/thumb/v7e-m/fpv4-sp/hard\libc_nano.a
LOAD d:/programmi/stm32cubeide_1.3.0/stm32cubeide/plugins/com.st.stm32cube.ide.mcu.externaltools.gnu-tools-for-stm32.7-2018-q2-update.win32_1.0.0.201904181610/tools/bin/../lib/gcc/arm-none-eabi/7.3.1/../../../../arm-none-eabi/lib/thumb/v7e-m/fpv4-sp/hard\libnosys.a
END GROUP
LOAD d:/programmi/stm32cubeide_1.3.0/stm32cubeide/plugins/com.st.stm32cube.ide.mcu.externaltools.gnu-tools-for-stm32.7-2018-q2-update.win32_1.0.0.201904181610/tools/bin/../lib/gcc/arm-none-eabi/7.3.1/thumb/v7e-m/fpv4-sp/hard/crtend.o
LOAD d:/programmi/stm32cubeide_1.3.0/stm32cubeide/plugins/com.st.stm32cube.ide.mcu.externaltools.gnu-tools-for-stm32.7-2018-q2-update.win32_1.0.0.201904181610/tools/bin/../lib/gcc/arm-none-eabi/7.3.1/thumb/v7e-m/fpv4-sp/hard/crtn.o
                0x0000000020018000                _estack = (ORIGIN (RAM) + LENGTH (RAM))
                0x0000000000000200                _Min_Heap_Size = 0x200
                0x0000000000000400                _Min_Stack_Size = 0x400

.isr_vector     0x0000000008000000      0x194
                0x0000000008000000                . = ALIGN (0x4)
 *(.isr_vector)
 .isr_vector    0x0000000008000000      0x194 Core/Startup/startup_stm32f401retx.o
                0x0000000008000000                g_pfnVectors
                0x0000000008000194                . = ALIGN (0x4)

.text           0x00000000080001a0     0xb2b8
                0x00000000080001a0                . = ALIGN (0x4)
 *(.text)
 .text          0x00000000080001a0       0x40 d:/programmi/stm32cubeide_1.3.0/stm32cubeide/plugins/com.st.stm32cube.ide.mcu.externaltools.gnu-tools-for-stm32.7-2018-q2-update.win32_1.0.0.201904181610/tools/bin/../lib/gcc/arm-none-eabi/7.3.1/thumb/v7e-m/fpv4-sp/hard/crtbegin.o
 .text          0x00000000080001e0       0x14 d:/programmi/stm32cubeide_1.3.0/stm32cubeide/plugins/com.st.stm32cube.ide.mcu.externaltools.gnu-tools-for-stm32.7-2018-q2-update.win32_1.0.0.201904181610/tools/bin/../lib/gcc/arm-none-eabi/7.3.1/../../../../arm-none-eabi/lib/thumb/v7e-m/fpv4-sp/hard\libc_nano.a(lib_a-strcmp.o)
                0x00000000080001e0                strcmp
 .text          0x00000000080001f4       0x10 d:/programmi/stm32cubeide_1.3.0/stm32cubeide/plugins/com.st.stm32cube.ide.mcu.externaltools.gnu-tools-for-stm32.7-2018-q2-update.win32_1.0.0.201904181610/tools/bin/../lib/gcc/arm-none-eabi/7.3.1/../../../../arm-none-eabi/lib/thumb/v7e-m/fpv4-sp/hard\libc_nano.a(lib_a-strlen.o)
                0x00000000080001f4                strlen
 *fill*         0x0000000008000204        0xc 
 .text          0x0000000008000210       0xa0 d:/programmi/stm32cubeide_1.3.0/stm32cubeide/plugins/com.st.stm32cube.ide.mcu.externaltools.gnu-tools-for-stm32.7-2018-q2-update.win32_1.0.0.201904181610/tools/bin/../lib/gcc/arm-none-eabi/7.3.1/../../../../arm-none-eabi/lib/thumb/v7e-m/fpv4-sp/hard\libc_nano.a(lib_a-memchr.o)
                0x0000000008000210                memchr
 .text          0x00000000080002b0      0x378 d:/programmi/stm32cubeide_1.3.0/stm32cubeide/plugins/com.st.stm32cube.ide.mcu.externaltools.gnu-tools-for-stm32.7-2018-q2-update.win32_1.0.0.201904181610/tools/bin/../lib/gcc/arm-none-eabi/7.3.1/thumb/v7e-m/fpv4-sp/hard\libgcc.a(_arm_addsubdf3.o)
                0x00000000080002b0                __aeabi_drsub
                0x00000000080002b8                __aeabi_dsub
                0x00000000080002b8                __subdf3
                0x00000000080002bc                __aeabi_dadd
                0x00000000080002bc                __adddf3
                0x0000000008000534                __floatunsidf
                0x0000000008000534                __aeabi_ui2d
                0x0000000008000554                __floatsidf
                0x0000000008000554                __aeabi_i2d
                0x0000000008000578                __aeabi_f2d
                0x0000000008000578                __extendsfdf2
                0x00000000080005bc                __floatundidf
                0x00000000080005bc                __aeabi_ul2d
                0x00000000080005cc                __floatdidf
                0x00000000080005cc                __aeabi_l2d
 .text          0x0000000008000628      0x424 d:/programmi/stm32cubeide_1.3.0/stm32cubeide/plugins/com.st.stm32cube.ide.mcu.externaltools.gnu-tools-for-stm32.7-2018-q2-update.win32_1.0.0.201904181610/tools/bin/../lib/gcc/arm-none-eabi/7.3.1/thumb/v7e-m/fpv4-sp/hard\libgcc.a(_arm_muldivdf3.o)
                0x0000000008000628                __aeabi_dmul
                0x0000000008000628                __muldf3
                0x000000000800087c                __divdf3
                0x000000000800087c                __aeabi_ddiv
 .text          0x0000000008000a4c      0x110 d:/programmi/stm32cubeide_1.3.0/stm32cubeide/plugins/com.st.stm32cube.ide.mcu.externaltools.gnu-tools-for-stm32.7-2018-q2-update.win32_1.0.0.201904181610/tools/bin/../lib/gcc/arm-none-eabi/7.3.1/thumb/v7e-m/fpv4-sp/hard\libgcc.a(_arm_cmpdf2.o)
                0x0000000008000a4c                __gtdf2
                0x0000000008000a4c                __gedf2
                0x0000000008000a54                __ltdf2
                0x0000000008000a54                __ledf2
                0x0000000008000a5c                __nedf2
                0x0000000008000a5c                __eqdf2
                0x0000000008000a5c                __cmpdf2
                0x0000000008000ad8                __aeabi_cdrcmple
                0x0000000008000ae8                __aeabi_cdcmpeq
                0x0000000008000ae8                __aeabi_cdcmple
                0x0000000008000af8                __aeabi_dcmpeq
                0x0000000008000b0c                __aeabi_dcmplt
                0x0000000008000b20                __aeabi_dcmple
                0x0000000008000b34                __aeabi_dcmpge
                0x0000000008000b48                __aeabi_dcmpgt
 .text          0x0000000008000b5c       0x2c d:/programmi/stm32cubeide_1.3.0/stm32cubeide/plugins/com.st.stm32cube.ide.mcu.externaltools.gnu-tools-for-stm32.7-2018-q2-update.win32_1.0.0.201904181610/tools/bin/../lib/gcc/arm-none-eabi/7.3.1/thumb/v7e-m/fpv4-sp/hard\libgcc.a(_arm_unorddf2.o)
                0x0000000008000b5c                __unorddf2
                0x0000000008000b5c                __aeabi_dcmpun
 .text          0x0000000008000b88       0x40 d:/programmi/stm32cubeide_1.3.0/stm32cubeide/plugins/com.st.stm32cube.ide.mcu.externaltools.gnu-tools-for-stm32.7-2018-q2-update.win32_1.0.0.201904181610/tools/bin/../lib/gcc/arm-none-eabi/7.3.1/thumb/v7e-m/fpv4-sp/hard\libgcc.a(_arm_fixunsdfsi.o)
                0x0000000008000b88                __aeabi_d2uiz
                0x0000000008000b88                __fixunsdfsi
 .text          0x0000000008000bc8       0xa0 d:/programmi/stm32cubeide_1.3.0/stm32cubeide/plugins/com.st.stm32cube.ide.mcu.externaltools.gnu-tools-for-stm32.7-2018-q2-update.win32_1.0.0.201904181610/tools/bin/../lib/gcc/arm-none-eabi/7.3.1/thumb/v7e-m/fpv4-sp/hard\libgcc.a(_arm_truncdfsf2.o)
                0x0000000008000bc8                __truncdfsf2
                0x0000000008000bc8                __aeabi_d2f
 .text          0x0000000008000c68       0x30 d:/programmi/stm32cubeide_1.3.0/stm32cubeide/plugins/com.st.stm32cube.ide.mcu.externaltools.gnu-tools-for-stm32.7-2018-q2-update.win32_1.0.0.201904181610/tools/bin/../lib/gcc/arm-none-eabi/7.3.1/thumb/v7e-m/fpv4-sp/hard\libgcc.a(_aeabi_uldivmod.o)
                0x0000000008000c68                __aeabi_uldivmod
 .text          0x0000000008000c98      0x2cc d:/programmi/stm32cubeide_1.3.0/stm32cubeide/plugins/com.st.stm32cube.ide.mcu.externaltools.gnu-tools-for-stm32.7-2018-q2-update.win32_1.0.0.201904181610/tools/bin/../lib/gcc/arm-none-eabi/7.3.1/thumb/v7e-m/fpv4-sp/hard\libgcc.a(_udivmoddi4.o)
                0x0000000008000c98                __udivmoddi4
 .text          0x0000000008000f64        0x4 d:/programmi/stm32cubeide_1.3.0/stm32cubeide/plugins/com.st.stm32cube.ide.mcu.externaltools.gnu-tools-for-stm32.7-2018-q2-update.win32_1.0.0.201904181610/tools/bin/../lib/gcc/arm-none-eabi/7.3.1/thumb/v7e-m/fpv4-sp/hard\libgcc.a(_dvmd_tls.o)
                0x0000000008000f64                __aeabi_idiv0
                0x0000000008000f64                __aeabi_ldiv0
 *(.text*)
 .text.MAX30100_init
                0x0000000008000f68       0x6c Core/Src/MAX30100.o
                0x0000000008000f68                MAX30100_init
 .text.MAX30100_getID
                0x0000000008000fd4       0x3c Core/Src/MAX30100.o
                0x0000000008000fd4                MAX30100_getID
 .text.MAX30100_setup
                0x0000000008001010       0x6c Core/Src/MAX30100.o
                0x0000000008001010                MAX30100_setup
 .text.MAX30100_clearFIFO
                0x000000000800107c       0x74 Core/Src/MAX30100.o
                0x000000000800107c                MAX30100_clearFIFO
 .text.MAX30100_reset
                0x00000000080010f0       0x4c Core/Src/MAX30100.o
                0x00000000080010f0                MAX30100_reset
 .text.MAX30100_shutdown
                0x000000000800113c       0x4c Core/Src/MAX30100.o
                0x000000000800113c                MAX30100_shutdown
 .text.MAX30100_interrupt_enable
                0x0000000008001188       0x8c Core/Src/MAX30100.o
                0x0000000008001188                MAX30100_interrupt_enable
 .text.MAX30100_read_sensor
                0x0000000008001214      0x154 Core/Src/MAX30100.o
                0x0000000008001214                MAX30100_read_sensor
 .text.add_sample
                0x0000000008001368       0x1c Core/Src/MAX30100_beat_detector.o
                0x0000000008001368                add_sample
 .text.get_rate
                0x0000000008001384       0x54 Core/Src/MAX30100_beat_detector.o
                0x0000000008001384                get_rate
 .text.check_for_beat
                0x00000000080013d8      0x1f0 Core/Src/MAX30100_beat_detector.o
                0x00000000080013d8                check_for_beat
 .text.decrease_threshold
                0x00000000080015c8       0xe4 Core/Src/MAX30100_beat_detector.o
                0x00000000080015c8                decrease_threshold
 .text.min_check
                0x00000000080016ac       0x20 Core/Src/MAX30100_beat_detector.o
                0x00000000080016ac                min_check
 .text.dc_removal
                0x00000000080016cc       0x4e Core/Src/MAX30100_filters.o
                0x00000000080016cc                dc_removal
 *fill*         0x000000000800171a        0x6 
 .text.butterworth_filter
                0x0000000008001720       0x8c Core/Src/MAX30100_filters.o
                0x0000000008001720                butterworth_filter
 .text.mean_diff_filter
                0x00000000080017ac       0xdc Core/Src/MAX30100_filters.o
                0x00000000080017ac                mean_diff_filter
 .text.spo2_update
                0x0000000008001888      0x174 Core/Src/MAX30100_spo2_calculator.o
                0x0000000008001888                spo2_update
 .text.spo2_reset
                0x00000000080019fc       0x36 Core/Src/MAX30100_spo2_calculator.o
                0x00000000080019fc                spo2_reset
 *fill*         0x0000000008001a32        0x2 
 .text.buzzer_low_hr
                0x0000000008001a34       0x2c Core/Src/buzzer.o
                0x0000000008001a34                buzzer_low_hr
 .text.buzzer_high_hr
                0x0000000008001a60       0x2c Core/Src/buzzer.o
                0x0000000008001a60                buzzer_high_hr
 .text.buzzer_low_ox
                0x0000000008001a8c       0x2c Core/Src/buzzer.o
                0x0000000008001a8c                buzzer_low_ox
 .text.buzzer_high_ox
                0x0000000008001ab8       0x2c Core/Src/buzzer.o
                0x0000000008001ab8                buzzer_high_ox
 .text.buzzer_beep
                0x0000000008001ae4       0x40 Core/Src/buzzer.o
                0x0000000008001ae4                buzzer_beep
 .text.buzzer_check
                0x0000000008001b24       0x84 Core/Src/buzzer.o
                0x0000000008001b24                buzzer_check
 .text.buzzer_init
                0x0000000008001ba8       0x20 Core/Src/buzzer.o
                0x0000000008001ba8                buzzer_init
 .text.buzzer_timer_procedure
                0x0000000008001bc8      0x154 Core/Src/buzzer.o
                0x0000000008001bc8                buzzer_timer_procedure
 .text.configuration_init
                0x0000000008001d1c       0x84 Core/Src/configuration.o
                0x0000000008001d1c                configuration_init
 .text.load_conf
                0x0000000008001da0       0xe4 Core/Src/configuration.o
                0x0000000008001da0                load_conf
 .text.save_conf
                0x0000000008001e84       0xc8 Core/Src/configuration.o
                0x0000000008001e84                save_conf
 .text.read_conf_from_buffer
                0x0000000008001f4c       0x26 Core/Src/configuration.o
                0x0000000008001f4c                read_conf_from_buffer
 *fill*         0x0000000008001f72        0x2 
 .text.conf_buffer_transfer
                0x0000000008001f74       0xd8 Core/Src/configuration.o
                0x0000000008001f74                conf_buffer_transfer
 .text.date_init
                0x000000000800204c       0x3c Core/Src/datastructure.o
                0x000000000800204c                date_init
 .text.hr_ox_init
                0x0000000008002088       0x38 Core/Src/datastructure.o
                0x0000000008002088                hr_ox_init
 .text.date_increment
                0x00000000080020c0       0x86 Core/Src/datastructure.o
                0x00000000080020c0                date_increment
 *fill*         0x0000000008002146        0x2 
 .text.MX_DMA_Init
                0x0000000008002148       0x8c Core/Src/dma.o
                0x0000000008002148                MX_DMA_Init
 .text.write_bytes
                0x00000000080021d4       0x62 Core/Src/eeprom_i2c.o
                0x00000000080021d4                write_bytes
 .text.read_bytes
                0x0000000008002236       0x62 Core/Src/eeprom_i2c.o
                0x0000000008002236                read_bytes
 .text.MX_GPIO_Init
                0x0000000008002298       0xf0 Core/Src/gpio.o
                0x0000000008002298                MX_GPIO_Init
 .text.MX_I2C1_Init
                0x0000000008002388       0x5c Core/Src/i2c.o
                0x0000000008002388                MX_I2C1_Init
 .text.MX_I2C2_Init
                0x00000000080023e4       0x5c Core/Src/i2c.o
                0x00000000080023e4                MX_I2C2_Init
 .text.MX_I2C3_Init
                0x0000000008002440       0x5c Core/Src/i2c.o
                0x0000000008002440                MX_I2C3_Init
 .text.HAL_I2C_MspInit
                0x000000000800249c      0x228 Core/Src/i2c.o
                0x000000000800249c                HAL_I2C_MspInit
 .text.lcd_send_cmd
                0x00000000080026c4       0x60 Core/Src/lcd.o
                0x00000000080026c4                lcd_send_cmd
 .text.lcd_send_data
                0x0000000008002724       0x60 Core/Src/lcd.o
                0x0000000008002724                lcd_send_data
 .text.lcd_clear
                0x0000000008002784       0x2c Core/Src/lcd.o
                0x0000000008002784                lcd_clear
 .text.lcd_put_cur
                0x00000000080027b0       0x3c Core/Src/lcd.o
                0x00000000080027b0                lcd_put_cur
 .text.lcd_init
                0x00000000080027ec       0x7a Core/Src/lcd.o
                0x00000000080027ec                lcd_init
 .text.lcd_send_string
                0x0000000008002866       0x28 Core/Src/lcd.o
                0x0000000008002866                lcd_send_string
 *fill*         0x000000000800288e        0x2 
 .text.lcd_send_status
                0x0000000008002890       0x64 Core/Src/lcd.o
                0x0000000008002890                lcd_send_status
 .text.log_status
                0x00000000080028f4       0x88 Core/Src/log.o
                0x00000000080028f4                log_status
 .text.log_system_boot
                0x000000000800297c       0x1c Core/Src/log.o
                0x000000000800297c                log_system_boot
 .text.log_system_configuration_loaded
                0x0000000008002998       0x1c Core/Src/log.o
                0x0000000008002998                log_system_configuration_loaded
 .text.log_system_activated
                0x00000000080029b4       0x1c Core/Src/log.o
                0x00000000080029b4                log_system_activated
 .text.log_system_deactivated
                0x00000000080029d0       0x1c Core/Src/log.o
                0x00000000080029d0                log_system_deactivated
 .text.log_low_heart_rate_alarm
                0x00000000080029ec       0x1c Core/Src/log.o
                0x00000000080029ec                log_low_heart_rate_alarm
 .text.log_high_heart_rate_alarm
                0x0000000008002a08       0x1c Core/Src/log.o
                0x0000000008002a08                log_high_heart_rate_alarm
 .text.log_mqtt_errors
                0x0000000008002a24       0x1c Core/Src/log.o
                0x0000000008002a24                log_mqtt_errors
 .text.log_mqtt_connection_established
                0x0000000008002a40       0x1c Core/Src/log.o
                0x0000000008002a40                log_mqtt_connection_established
 .text.log_mqtt_connection_closed
                0x0000000008002a5c       0x1c Core/Src/log.o
                0x0000000008002a5c                log_mqtt_connection_closed
 .text.log_mqtt_message_sent
                0x0000000008002a78       0x1c Core/Src/log.o
                0x0000000008002a78                log_mqtt_message_sent
 .text.log_transmit
                0x0000000008002a94       0x28 Core/Src/log.o
                0x0000000008002a94                log_transmit
 .text.configuration_check_tr
                0x0000000008002abc       0x3c Core/Src/log.o
                0x0000000008002abc                configuration_check_tr
 .text.main     0x0000000008002af8       0xcc Core/Src/main.o
                0x0000000008002af8                main
 .text.SystemClock_Config
                0x0000000008002bc4       0xc0 Core/Src/main.o
                0x0000000008002bc4                SystemClock_Config
 .text.Error_Handler
                0x0000000008002c84        0xe Core/Src/main.o
                0x0000000008002c84                Error_Handler
 *fill*         0x0000000008002c92        0x2 
 .text.mqtt_init_communication
                0x0000000008002c94       0x40 Core/Src/mqtt_log.o
                0x0000000008002c94                mqtt_init_communication
 .text.send_mqtt
                0x0000000008002cd4      0x1b4 Core/Src/mqtt_log.o
                0x0000000008002cd4                send_mqtt
 .text.mqtt_set_hearth_rate
                0x0000000008002e88       0x24 Core/Src/mqtt_log.o
                0x0000000008002e88                mqtt_set_hearth_rate
 .text.mqtt_set_oximeter
                0x0000000008002eac       0x24 Core/Src/mqtt_log.o
                0x0000000008002eac                mqtt_set_oximeter
 .text.mqtt_set_server
                0x0000000008002ed0       0x20 Core/Src/mqtt_log.o
                0x0000000008002ed0                mqtt_set_server
 .text.mqtt_get_ack
                0x0000000008002ef0       0x28 Core/Src/mqtt_log.o
                0x0000000008002ef0                mqtt_get_ack
 .text.mqtt_check_state
                0x0000000008002f18       0xfc Core/Src/mqtt_log.o
                0x0000000008002f18                mqtt_check_state
 .text.RingBuffer_Init
                0x0000000008003014       0x34 Core/Src/ring_buffer.o
                0x0000000008003014                RingBuffer_Init
 .text.addByte  0x0000000008003048       0x78 Core/Src/ring_buffer.o
                0x0000000008003048                addByte
 .text.getByte  0x00000000080030c0       0x68 Core/Src/ring_buffer.o
                0x00000000080030c0                getByte
 .text.RingBuffer_Write
                0x0000000008003128       0x46 Core/Src/ring_buffer.o
                0x0000000008003128                RingBuffer_Write
 .text.RingBuffer_Read
                0x000000000800316e       0x58 Core/Src/ring_buffer.o
                0x000000000800316e                RingBuffer_Read
 .text.RingBuffer_GetDataLength
                0x00000000080031c6       0x1a Core/Src/ring_buffer.o
                0x00000000080031c6                RingBuffer_GetDataLength
 .text.HAL_MspInit
                0x00000000080031e0       0x50 Core/Src/stm32f4xx_hal_msp.o
                0x00000000080031e0                HAL_MspInit
 .text.NMI_Handler
                0x0000000008003230        0xe Core/Src/stm32f4xx_it.o
                0x0000000008003230                NMI_Handler
 .text.HardFault_Handler
                0x000000000800323e        0x6 Core/Src/stm32f4xx_it.o
                0x000000000800323e                HardFault_Handler
 .text.MemManage_Handler
                0x0000000008003244        0x6 Core/Src/stm32f4xx_it.o
                0x0000000008003244                MemManage_Handler
 .text.BusFault_Handler
                0x000000000800324a        0x6 Core/Src/stm32f4xx_it.o
                0x000000000800324a                BusFault_Handler
 .text.UsageFault_Handler
                0x0000000008003250        0x6 Core/Src/stm32f4xx_it.o
                0x0000000008003250                UsageFault_Handler
 .text.SVC_Handler
                0x0000000008003256        0xe Core/Src/stm32f4xx_it.o
                0x0000000008003256                SVC_Handler
 .text.DebugMon_Handler
                0x0000000008003264        0xe Core/Src/stm32f4xx_it.o
                0x0000000008003264                DebugMon_Handler
 .text.PendSV_Handler
                0x0000000008003272        0xe Core/Src/stm32f4xx_it.o
                0x0000000008003272                PendSV_Handler
 .text.SysTick_Handler
                0x0000000008003280       0x1c Core/Src/stm32f4xx_it.o
                0x0000000008003280                SysTick_Handler
 .text.DMA1_Stream5_IRQHandler
                0x000000000800329c       0x14 Core/Src/stm32f4xx_it.o
                0x000000000800329c                DMA1_Stream5_IRQHandler
 .text.DMA1_Stream6_IRQHandler
                0x00000000080032b0       0x14 Core/Src/stm32f4xx_it.o
                0x00000000080032b0                DMA1_Stream6_IRQHandler
 .text.TIM1_BRK_TIM9_IRQHandler
                0x00000000080032c4       0x1c Core/Src/stm32f4xx_it.o
                0x00000000080032c4                TIM1_BRK_TIM9_IRQHandler
 .text.TIM1_UP_TIM10_IRQHandler
                0x00000000080032e0       0x1c Core/Src/stm32f4xx_it.o
                0x00000000080032e0                TIM1_UP_TIM10_IRQHandler
 .text.TIM1_TRG_COM_TIM11_IRQHandler
                0x00000000080032fc       0x1c Core/Src/stm32f4xx_it.o
                0x00000000080032fc                TIM1_TRG_COM_TIM11_IRQHandler
 .text.TIM2_IRQHandler
                0x0000000008003318       0x14 Core/Src/stm32f4xx_it.o
                0x0000000008003318                TIM2_IRQHandler
 .text.TIM3_IRQHandler
                0x000000000800332c       0x14 Core/Src/stm32f4xx_it.o
                0x000000000800332c                TIM3_IRQHandler
 .text.TIM4_IRQHandler
                0x0000000008003340       0x14 Core/Src/stm32f4xx_it.o
                0x0000000008003340                TIM4_IRQHandler
 .text.I2C1_EV_IRQHandler
                0x0000000008003354       0x14 Core/Src/stm32f4xx_it.o
                0x0000000008003354                I2C1_EV_IRQHandler
 .text.I2C1_ER_IRQHandler
                0x0000000008003368       0x14 Core/Src/stm32f4xx_it.o
                0x0000000008003368                I2C1_ER_IRQHandler
 .text.I2C2_EV_IRQHandler
                0x000000000800337c       0x14 Core/Src/stm32f4xx_it.o
                0x000000000800337c                I2C2_EV_IRQHandler
 .text.I2C2_ER_IRQHandler
                0x0000000008003390       0x14 Core/Src/stm32f4xx_it.o
                0x0000000008003390                I2C2_ER_IRQHandler
 .text.USART1_IRQHandler
                0x00000000080033a4       0x14 Core/Src/stm32f4xx_it.o
                0x00000000080033a4                USART1_IRQHandler
 .text.USART2_IRQHandler
                0x00000000080033b8       0x14 Core/Src/stm32f4xx_it.o
                0x00000000080033b8                USART2_IRQHandler
 .text.EXTI15_10_IRQHandler
                0x00000000080033cc       0x10 Core/Src/stm32f4xx_it.o
                0x00000000080033cc                EXTI15_10_IRQHandler
 .text.TIM5_IRQHandler
                0x00000000080033dc       0x14 Core/Src/stm32f4xx_it.o
                0x00000000080033dc                TIM5_IRQHandler
 .text.DMA2_Stream2_IRQHandler
                0x00000000080033f0       0x14 Core/Src/stm32f4xx_it.o
                0x00000000080033f0                DMA2_Stream2_IRQHandler
 .text.DMA2_Stream7_IRQHandler
                0x0000000008003404       0x14 Core/Src/stm32f4xx_it.o
                0x0000000008003404                DMA2_Stream7_IRQHandler
 .text.I2C3_EV_IRQHandler
                0x0000000008003418       0x14 Core/Src/stm32f4xx_it.o
                0x0000000008003418                I2C3_EV_IRQHandler
 .text.I2C3_ER_IRQHandler
                0x000000000800342c       0x14 Core/Src/stm32f4xx_it.o
                0x000000000800342c                I2C3_ER_IRQHandler
 .text.HAL_TIM_PeriodElapsedCallback
                0x0000000008003440      0x220 Core/Src/stm32f4xx_it.o
                0x0000000008003440                HAL_TIM_PeriodElapsedCallback
 .text.HAL_UART_RxCpltCallback
                0x0000000008003660      0x128 Core/Src/stm32f4xx_it.o
                0x0000000008003660                HAL_UART_RxCpltCallback
 .text.HAL_UART_TxCpltCallback
                0x0000000008003788       0x24 Core/Src/stm32f4xx_it.o
                0x0000000008003788                HAL_UART_TxCpltCallback
 .text.millis   0x00000000080037ac       0x18 Core/Src/stm32f4xx_it.o
                0x00000000080037ac                millis
 .text.HAL_GPIO_EXTI_Callback
                0x00000000080037c4       0x58 Core/Src/stm32f4xx_it.o
                0x00000000080037c4                HAL_GPIO_EXTI_Callback
 .text._sbrk    0x000000000800381c       0x58 Core/Src/sysmem.o
                0x000000000800381c                _sbrk
 .text.SystemInit
                0x0000000008003874       0x2c Core/Src/system_stm32f4xx.o
                0x0000000008003874                SystemInit
 .text.MX_TIM1_Init
                0x00000000080038a0       0xac Core/Src/tim.o
                0x00000000080038a0                MX_TIM1_Init
 .text.MX_TIM2_Init
                0x000000000800394c       0xec Core/Src/tim.o
                0x000000000800394c                MX_TIM2_Init
 .text.MX_TIM3_Init
                0x0000000008003a38       0x9c Core/Src/tim.o
                0x0000000008003a38                MX_TIM3_Init
 .text.MX_TIM4_Init
                0x0000000008003ad4       0xa4 Core/Src/tim.o
                0x0000000008003ad4                MX_TIM4_Init
 .text.MX_TIM5_Init
                0x0000000008003b78       0xa8 Core/Src/tim.o
                0x0000000008003b78                MX_TIM5_Init
 .text.MX_TIM9_Init
                0x0000000008003c20       0x80 Core/Src/tim.o
                0x0000000008003c20                MX_TIM9_Init
 .text.MX_TIM10_Init
                0x0000000008003ca0       0x54 Core/Src/tim.o
                0x0000000008003ca0                MX_TIM10_Init
 .text.MX_TIM11_Init
                0x0000000008003cf4       0x54 Core/Src/tim.o
                0x0000000008003cf4                MX_TIM11_Init
 .text.HAL_TIM_Base_MspInit
                0x0000000008003d48      0x210 Core/Src/tim.o
                0x0000000008003d48                HAL_TIM_Base_MspInit
 .text.HAL_TIM_MspPostInit
                0x0000000008003f58       0x70 Core/Src/tim.o
                0x0000000008003f58                HAL_TIM_MspPostInit
 .text.MX_USART1_UART_Init
                0x0000000008003fc8       0x54 Core/Src/usart.o
                0x0000000008003fc8                MX_USART1_UART_Init
 .text.MX_USART2_UART_Init
                0x000000000800401c       0x54 Core/Src/usart.o
                0x000000000800401c                MX_USART2_UART_Init
 .text.HAL_UART_MspInit
                0x0000000008004070      0x2ac Core/Src/usart.o
                0x0000000008004070                HAL_UART_MspInit
 .text.Reset_Handler
                0x000000000800431c       0x50 Core/Startup/startup_stm32f401retx.o
                0x000000000800431c                Reset_Handler
 .text.Default_Handler
                0x000000000800436c        0x2 Core/Startup/startup_stm32f401retx.o
                0x000000000800436c                RTC_Alarm_IRQHandler
                0x000000000800436c                EXTI2_IRQHandler
                0x000000000800436c                SPI4_IRQHandler
                0x000000000800436c                TIM1_CC_IRQHandler
                0x000000000800436c                DMA2_Stream5_IRQHandler
                0x000000000800436c                PVD_IRQHandler
                0x000000000800436c                SDIO_IRQHandler
                0x000000000800436c                TAMP_STAMP_IRQHandler
                0x000000000800436c                EXTI3_IRQHandler
                0x000000000800436c                EXTI0_IRQHandler
                0x000000000800436c                DMA1_Stream2_IRQHandler
                0x000000000800436c                FPU_IRQHandler
                0x000000000800436c                SPI1_IRQHandler
                0x000000000800436c                DMA2_Stream3_IRQHandler
                0x000000000800436c                USART6_IRQHandler
                0x000000000800436c                DMA2_Stream0_IRQHandler
                0x000000000800436c                DMA1_Stream1_IRQHandler
                0x000000000800436c                RCC_IRQHandler
                0x000000000800436c                Default_Handler
                0x000000000800436c                ADC_IRQHandler
                0x000000000800436c                DMA1_Stream7_IRQHandler
                0x000000000800436c                EXTI9_5_IRQHandler
                0x000000000800436c                RTC_WKUP_IRQHandler
                0x000000000800436c                SPI2_IRQHandler
                0x000000000800436c                DMA1_Stream0_IRQHandler
                0x000000000800436c                EXTI4_IRQHandler
                0x000000000800436c                WWDG_IRQHandler
                0x000000000800436c                OTG_FS_WKUP_IRQHandler
                0x000000000800436c                EXTI1_IRQHandler
                0x000000000800436c                DMA2_Stream1_IRQHandler
                0x000000000800436c                FLASH_IRQHandler
                0x000000000800436c                DMA2_Stream4_IRQHandler
                0x000000000800436c                OTG_FS_IRQHandler
                0x000000000800436c                SPI3_IRQHandler
                0x000000000800436c                DMA1_Stream4_IRQHandler
                0x000000000800436c                DMA2_Stream6_IRQHandler
                0x000000000800436c                DMA1_Stream3_IRQHandler
 *fill*         0x000000000800436e        0x2 
 .text.HAL_Init
                0x0000000008004370       0x44 Drivers/STM32F4xx_HAL_Driver/Src/stm32f4xx_hal.o
                0x0000000008004370                HAL_Init
 .text.HAL_InitTick
                0x00000000080043b4       0x60 Drivers/STM32F4xx_HAL_Driver/Src/stm32f4xx_hal.o
                0x00000000080043b4                HAL_InitTick
 .text.HAL_IncTick
                0x0000000008004414       0x28 Drivers/STM32F4xx_HAL_Driver/Src/stm32f4xx_hal.o
                0x0000000008004414                HAL_IncTick
 .text.HAL_GetTick
                0x000000000800443c       0x18 Drivers/STM32F4xx_HAL_Driver/Src/stm32f4xx_hal.o
                0x000000000800443c                HAL_GetTick
 .text.HAL_Delay
                0x0000000008004454       0x44 Drivers/STM32F4xx_HAL_Driver/Src/stm32f4xx_hal.o
                0x0000000008004454                HAL_Delay
 .text.__NVIC_SetPriorityGrouping
                0x0000000008004498       0x48 Drivers/STM32F4xx_HAL_Driver/Src/stm32f4xx_hal_cortex.o
 .text.__NVIC_GetPriorityGrouping
                0x00000000080044e0       0x1c Drivers/STM32F4xx_HAL_Driver/Src/stm32f4xx_hal_cortex.o
 .text.__NVIC_EnableIRQ
                0x00000000080044fc       0x3c Drivers/STM32F4xx_HAL_Driver/Src/stm32f4xx_hal_cortex.o
 .text.__NVIC_SetPriority
                0x0000000008004538       0x54 Drivers/STM32F4xx_HAL_Driver/Src/stm32f4xx_hal_cortex.o
 .text.NVIC_EncodePriority
                0x000000000800458c       0x66 Drivers/STM32F4xx_HAL_Driver/Src/stm32f4xx_hal_cortex.o
 *fill*         0x00000000080045f2        0x2 
 .text.SysTick_Config
                0x00000000080045f4       0x44 Drivers/STM32F4xx_HAL_Driver/Src/stm32f4xx_hal_cortex.o
 .text.HAL_NVIC_SetPriorityGrouping
                0x0000000008004638       0x16 Drivers/STM32F4xx_HAL_Driver/Src/stm32f4xx_hal_cortex.o
                0x0000000008004638                HAL_NVIC_SetPriorityGrouping
 .text.HAL_NVIC_SetPriority
                0x000000000800464e       0x38 Drivers/STM32F4xx_HAL_Driver/Src/stm32f4xx_hal_cortex.o
                0x000000000800464e                HAL_NVIC_SetPriority
 .text.HAL_NVIC_EnableIRQ
                0x0000000008004686       0x1c Drivers/STM32F4xx_HAL_Driver/Src/stm32f4xx_hal_cortex.o
                0x0000000008004686                HAL_NVIC_EnableIRQ
 .text.HAL_SYSTICK_Config
                0x00000000080046a2       0x18 Drivers/STM32F4xx_HAL_Driver/Src/stm32f4xx_hal_cortex.o
                0x00000000080046a2                HAL_SYSTICK_Config
 *fill*         0x00000000080046ba        0x2 
 .text.HAL_DMA_Init
                0x00000000080046bc      0x15c Drivers/STM32F4xx_HAL_Driver/Src/stm32f4xx_hal_dma.o
                0x00000000080046bc                HAL_DMA_Init
 .text.HAL_DMA_Start_IT
                0x0000000008004818       0xb0 Drivers/STM32F4xx_HAL_Driver/Src/stm32f4xx_hal_dma.o
                0x0000000008004818                HAL_DMA_Start_IT
 .text.HAL_DMA_Abort_IT
                0x00000000080048c8       0x44 Drivers/STM32F4xx_HAL_Driver/Src/stm32f4xx_hal_dma.o
                0x00000000080048c8                HAL_DMA_Abort_IT
 .text.HAL_DMA_IRQHandler
                0x000000000800490c      0x314 Drivers/STM32F4xx_HAL_Driver/Src/stm32f4xx_hal_dma.o
                0x000000000800490c                HAL_DMA_IRQHandler
 .text.HAL_DMA_GetState
                0x0000000008004c20       0x1c Drivers/STM32F4xx_HAL_Driver/Src/stm32f4xx_hal_dma.o
                0x0000000008004c20                HAL_DMA_GetState
 .text.DMA_SetConfig
                0x0000000008004c3c       0x5c Drivers/STM32F4xx_HAL_Driver/Src/stm32f4xx_hal_dma.o
 .text.DMA_CalcBaseAndBitshift
                0x0000000008004c98       0x6c Drivers/STM32F4xx_HAL_Driver/Src/stm32f4xx_hal_dma.o
 .text.DMA_CheckFifoParam
                0x0000000008004d04       0xf4 Drivers/STM32F4xx_HAL_Driver/Src/stm32f4xx_hal_dma.o
 .text.HAL_GPIO_Init
                0x0000000008004df8      0x304 Drivers/STM32F4xx_HAL_Driver/Src/stm32f4xx_hal_gpio.o
                0x0000000008004df8                HAL_GPIO_Init
 .text.HAL_GPIO_ReadPin
                0x00000000080050fc       0x30 Drivers/STM32F4xx_HAL_Driver/Src/stm32f4xx_hal_gpio.o
                0x00000000080050fc                HAL_GPIO_ReadPin
 .text.HAL_GPIO_WritePin
                0x000000000800512c       0x32 Drivers/STM32F4xx_HAL_Driver/Src/stm32f4xx_hal_gpio.o
                0x000000000800512c                HAL_GPIO_WritePin
 .text.HAL_GPIO_TogglePin
                0x000000000800515e       0x36 Drivers/STM32F4xx_HAL_Driver/Src/stm32f4xx_hal_gpio.o
                0x000000000800515e                HAL_GPIO_TogglePin
 .text.HAL_GPIO_EXTI_IRQHandler
                0x0000000008005194       0x30 Drivers/STM32F4xx_HAL_Driver/Src/stm32f4xx_hal_gpio.o
                0x0000000008005194                HAL_GPIO_EXTI_IRQHandler
 .text.HAL_I2C_Init
                0x00000000080051c4      0x270 Drivers/STM32F4xx_HAL_Driver/Src/stm32f4xx_hal_i2c.o
                0x00000000080051c4                HAL_I2C_Init
 .text.HAL_I2C_Master_Transmit
                0x0000000008005434      0x1fc Drivers/STM32F4xx_HAL_Driver/Src/stm32f4xx_hal_i2c.o
                0x0000000008005434                HAL_I2C_Master_Transmit
 .text.HAL_I2C_Mem_Write
                0x0000000008005630      0x1f4 Drivers/STM32F4xx_HAL_Driver/Src/stm32f4xx_hal_i2c.o
                0x0000000008005630                HAL_I2C_Mem_Write
 .text.HAL_I2C_Mem_Read
                0x0000000008005824      0x44c Drivers/STM32F4xx_HAL_Driver/Src/stm32f4xx_hal_i2c.o
                0x0000000008005824                HAL_I2C_Mem_Read
 .text.HAL_I2C_IsDeviceReady
                0x0000000008005c70      0x25c Drivers/STM32F4xx_HAL_Driver/Src/stm32f4xx_hal_i2c.o
                0x0000000008005c70                HAL_I2C_IsDeviceReady
 .text.HAL_I2C_EV_IRQHandler
                0x0000000008005ecc      0x2cc Drivers/STM32F4xx_HAL_Driver/Src/stm32f4xx_hal_i2c.o
                0x0000000008005ecc                HAL_I2C_EV_IRQHandler
 .text.HAL_I2C_ER_IRQHandler
                0x0000000008006198      0x14e Drivers/STM32F4xx_HAL_Driver/Src/stm32f4xx_hal_i2c.o
                0x0000000008006198                HAL_I2C_ER_IRQHandler
 .text.HAL_I2C_MasterTxCpltCallback
                0x00000000080062e6       0x14 Drivers/STM32F4xx_HAL_Driver/Src/stm32f4xx_hal_i2c.o
                0x00000000080062e6                HAL_I2C_MasterTxCpltCallback
 .text.HAL_I2C_MasterRxCpltCallback
                0x00000000080062fa       0x14 Drivers/STM32F4xx_HAL_Driver/Src/stm32f4xx_hal_i2c.o
                0x00000000080062fa                HAL_I2C_MasterRxCpltCallback
 .text.HAL_I2C_SlaveTxCpltCallback
                0x000000000800630e       0x14 Drivers/STM32F4xx_HAL_Driver/Src/stm32f4xx_hal_i2c.o
                0x000000000800630e                HAL_I2C_SlaveTxCpltCallback
 .text.HAL_I2C_SlaveRxCpltCallback
                0x0000000008006322       0x14 Drivers/STM32F4xx_HAL_Driver/Src/stm32f4xx_hal_i2c.o
                0x0000000008006322                HAL_I2C_SlaveRxCpltCallback
 .text.HAL_I2C_AddrCallback
                0x0000000008006336       0x1c Drivers/STM32F4xx_HAL_Driver/Src/stm32f4xx_hal_i2c.o
                0x0000000008006336                HAL_I2C_AddrCallback
 .text.HAL_I2C_ListenCpltCallback
                0x0000000008006352       0x14 Drivers/STM32F4xx_HAL_Driver/Src/stm32f4xx_hal_i2c.o
                0x0000000008006352                HAL_I2C_ListenCpltCallback
 .text.HAL_I2C_MemTxCpltCallback
                0x0000000008006366       0x14 Drivers/STM32F4xx_HAL_Driver/Src/stm32f4xx_hal_i2c.o
                0x0000000008006366                HAL_I2C_MemTxCpltCallback
 .text.HAL_I2C_MemRxCpltCallback
                0x000000000800637a       0x14 Drivers/STM32F4xx_HAL_Driver/Src/stm32f4xx_hal_i2c.o
                0x000000000800637a                HAL_I2C_MemRxCpltCallback
 .text.HAL_I2C_ErrorCallback
                0x000000000800638e       0x14 Drivers/STM32F4xx_HAL_Driver/Src/stm32f4xx_hal_i2c.o
                0x000000000800638e                HAL_I2C_ErrorCallback
 .text.HAL_I2C_AbortCpltCallback
                0x00000000080063a2       0x14 Drivers/STM32F4xx_HAL_Driver/Src/stm32f4xx_hal_i2c.o
                0x00000000080063a2                HAL_I2C_AbortCpltCallback
 .text.I2C_MasterTransmit_TXE
                0x00000000080063b6      0x138 Drivers/STM32F4xx_HAL_Driver/Src/stm32f4xx_hal_i2c.o
 .text.I2C_MasterTransmit_BTF
                0x00000000080064ee      0x100 Drivers/STM32F4xx_HAL_Driver/Src/stm32f4xx_hal_i2c.o
 .text.I2C_MemoryTransmit_TXE_BTF
                0x00000000080065ee       0xce Drivers/STM32F4xx_HAL_Driver/Src/stm32f4xx_hal_i2c.o
 .text.I2C_MasterReceive_RXNE
                0x00000000080066bc      0x104 Drivers/STM32F4xx_HAL_Driver/Src/stm32f4xx_hal_i2c.o
 .text.I2C_MasterReceive_BTF
                0x00000000080067c0      0x1d4 Drivers/STM32F4xx_HAL_Driver/Src/stm32f4xx_hal_i2c.o
 .text.I2C_Master_SB
                0x0000000008006994      0x10c Drivers/STM32F4xx_HAL_Driver/Src/stm32f4xx_hal_i2c.o
 .text.I2C_Master_ADD10
                0x0000000008006aa0       0x54 Drivers/STM32F4xx_HAL_Driver/Src/stm32f4xx_hal_i2c.o
 .text.I2C_Master_ADDR
                0x0000000008006af4      0x322 Drivers/STM32F4xx_HAL_Driver/Src/stm32f4xx_hal_i2c.o
 .text.I2C_SlaveTransmit_TXE
                0x0000000008006e16       0x7a Drivers/STM32F4xx_HAL_Driver/Src/stm32f4xx_hal_i2c.o
 .text.I2C_SlaveTransmit_BTF
                0x0000000008006e90       0x42 Drivers/STM32F4xx_HAL_Driver/Src/stm32f4xx_hal_i2c.o
 .text.I2C_SlaveReceive_RXNE
                0x0000000008006ed2       0x7c Drivers/STM32F4xx_HAL_Driver/Src/stm32f4xx_hal_i2c.o
 .text.I2C_SlaveReceive_BTF
                0x0000000008006f4e       0x44 Drivers/STM32F4xx_HAL_Driver/Src/stm32f4xx_hal_i2c.o
 .text.I2C_Slave_ADDR
                0x0000000008006f92       0x88 Drivers/STM32F4xx_HAL_Driver/Src/stm32f4xx_hal_i2c.o
 *fill*         0x000000000800701a        0x2 
 .text.I2C_Slave_STOPF
                0x000000000800701c      0x260 Drivers/STM32F4xx_HAL_Driver/Src/stm32f4xx_hal_i2c.o
 .text.I2C_Slave_AF
                0x000000000800727c       0xe0 Drivers/STM32F4xx_HAL_Driver/Src/stm32f4xx_hal_i2c.o
 .text.I2C_ITError
                0x000000000800735c      0x25c Drivers/STM32F4xx_HAL_Driver/Src/stm32f4xx_hal_i2c.o
 .text.I2C_MasterRequestWrite
                0x00000000080075b8      0x104 Drivers/STM32F4xx_HAL_Driver/Src/stm32f4xx_hal_i2c.o
 .text.I2C_RequestMemoryWrite
                0x00000000080076bc      0x128 Drivers/STM32F4xx_HAL_Driver/Src/stm32f4xx_hal_i2c.o
 .text.I2C_RequestMemoryRead
                0x00000000080077e4      0x1cc Drivers/STM32F4xx_HAL_Driver/Src/stm32f4xx_hal_i2c.o
 .text.I2C_DMAAbort
                0x00000000080079b0       0xfe Drivers/STM32F4xx_HAL_Driver/Src/stm32f4xx_hal_i2c.o
 .text.I2C_WaitOnFlagUntilTimeout
                0x0000000008007aae       0xae Drivers/STM32F4xx_HAL_Driver/Src/stm32f4xx_hal_i2c.o
 .text.I2C_WaitOnMasterAddressFlagUntilTimeout
                0x0000000008007b5c       0xfe Drivers/STM32F4xx_HAL_Driver/Src/stm32f4xx_hal_i2c.o
 .text.I2C_WaitOnTXEFlagUntilTimeout
                0x0000000008007c5a       0x82 Drivers/STM32F4xx_HAL_Driver/Src/stm32f4xx_hal_i2c.o
 .text.I2C_WaitOnBTFFlagUntilTimeout
                0x0000000008007cdc       0x82 Drivers/STM32F4xx_HAL_Driver/Src/stm32f4xx_hal_i2c.o
 .text.I2C_WaitOnRXNEFlagUntilTimeout
                0x0000000008007d5e       0xac Drivers/STM32F4xx_HAL_Driver/Src/stm32f4xx_hal_i2c.o
 .text.I2C_IsAcknowledgeFailed
                0x0000000008007e0a       0x5e Drivers/STM32F4xx_HAL_Driver/Src/stm32f4xx_hal_i2c.o
 .text.I2C_ConvertOtherXferOptions
                0x0000000008007e68       0x36 Drivers/STM32F4xx_HAL_Driver/Src/stm32f4xx_hal_i2c.o
 *fill*         0x0000000008007e9e        0x2 
 .text.HAL_RCC_OscConfig
                0x0000000008007ea0      0x4e0 Drivers/STM32F4xx_HAL_Driver/Src/stm32f4xx_hal_rcc.o
                0x0000000008007ea0                HAL_RCC_OscConfig
 .text.HAL_RCC_ClockConfig
                0x0000000008008380      0x1cc Drivers/STM32F4xx_HAL_Driver/Src/stm32f4xx_hal_rcc.o
                0x0000000008008380                HAL_RCC_ClockConfig
 .text.HAL_RCC_GetSysClockFreq
                0x000000000800854c      0x164 Drivers/STM32F4xx_HAL_Driver/Src/stm32f4xx_hal_rcc.o
                0x000000000800854c                HAL_RCC_GetSysClockFreq
 .text.HAL_RCC_GetHCLKFreq
                0x00000000080086b0       0x18 Drivers/STM32F4xx_HAL_Driver/Src/stm32f4xx_hal_rcc.o
                0x00000000080086b0                HAL_RCC_GetHCLKFreq
 .text.HAL_RCC_GetPCLK1Freq
                0x00000000080086c8       0x28 Drivers/STM32F4xx_HAL_Driver/Src/stm32f4xx_hal_rcc.o
                0x00000000080086c8                HAL_RCC_GetPCLK1Freq
 .text.HAL_RCC_GetPCLK2Freq
                0x00000000080086f0       0x28 Drivers/STM32F4xx_HAL_Driver/Src/stm32f4xx_hal_rcc.o
                0x00000000080086f0                HAL_RCC_GetPCLK2Freq
 .text.HAL_TIM_Base_Init
                0x0000000008008718       0x56 Drivers/STM32F4xx_HAL_Driver/Src/stm32f4xx_hal_tim.o
                0x0000000008008718                HAL_TIM_Base_Init
 .text.HAL_TIM_Base_Start_IT
                0x000000000800876e       0x48 Drivers/STM32F4xx_HAL_Driver/Src/stm32f4xx_hal_tim.o
                0x000000000800876e                HAL_TIM_Base_Start_IT
 .text.HAL_TIM_Base_Stop_IT
                0x00000000080087b6       0x56 Drivers/STM32F4xx_HAL_Driver/Src/stm32f4xx_hal_tim.o
                0x00000000080087b6                HAL_TIM_Base_Stop_IT
 .text.HAL_TIM_PWM_Init
                0x000000000800880c       0x56 Drivers/STM32F4xx_HAL_Driver/Src/stm32f4xx_hal_tim.o
                0x000000000800880c                HAL_TIM_PWM_Init
 .text.HAL_TIM_PWM_MspInit
                0x0000000008008862       0x14 Drivers/STM32F4xx_HAL_Driver/Src/stm32f4xx_hal_tim.o
                0x0000000008008862                HAL_TIM_PWM_MspInit
 *fill*         0x0000000008008876        0x2 
 .text.HAL_TIM_PWM_Start
                0x0000000008008878       0x64 Drivers/STM32F4xx_HAL_Driver/Src/stm32f4xx_hal_tim.o
                0x0000000008008878                HAL_TIM_PWM_Start
 .text.HAL_TIM_PWM_Stop
                0x00000000080088dc       0x98 Drivers/STM32F4xx_HAL_Driver/Src/stm32f4xx_hal_tim.o
                0x00000000080088dc                HAL_TIM_PWM_Stop
 .text.HAL_TIM_IRQHandler
                0x0000000008008974      0x210 Drivers/STM32F4xx_HAL_Driver/Src/stm32f4xx_hal_tim.o
                0x0000000008008974                HAL_TIM_IRQHandler
 .text.HAL_TIM_PWM_ConfigChannel
                0x0000000008008b84      0x18c Drivers/STM32F4xx_HAL_Driver/Src/stm32f4xx_hal_tim.o
                0x0000000008008b84                HAL_TIM_PWM_ConfigChannel
 .text.HAL_TIM_ConfigClockSource
                0x0000000008008d10      0x16e Drivers/STM32F4xx_HAL_Driver/Src/stm32f4xx_hal_tim.o
                0x0000000008008d10                HAL_TIM_ConfigClockSource
 .text.HAL_TIM_OC_DelayElapsedCallback
                0x0000000008008e7e       0x14 Drivers/STM32F4xx_HAL_Driver/Src/stm32f4xx_hal_tim.o
                0x0000000008008e7e                HAL_TIM_OC_DelayElapsedCallback
 .text.HAL_TIM_IC_CaptureCallback
                0x0000000008008e92       0x14 Drivers/STM32F4xx_HAL_Driver/Src/stm32f4xx_hal_tim.o
                0x0000000008008e92                HAL_TIM_IC_CaptureCallback
 .text.HAL_TIM_PWM_PulseFinishedCallback
                0x0000000008008ea6       0x14 Drivers/STM32F4xx_HAL_Driver/Src/stm32f4xx_hal_tim.o
                0x0000000008008ea6                HAL_TIM_PWM_PulseFinishedCallback
 .text.HAL_TIM_TriggerCallback
                0x0000000008008eba       0x14 Drivers/STM32F4xx_HAL_Driver/Src/stm32f4xx_hal_tim.o
                0x0000000008008eba                HAL_TIM_TriggerCallback
 *fill*         0x0000000008008ece        0x2 
 .text.TIM_Base_SetConfig
                0x0000000008008ed0      0x100 Drivers/STM32F4xx_HAL_Driver/Src/stm32f4xx_hal_tim.o
                0x0000000008008ed0                TIM_Base_SetConfig
 .text.TIM_OC1_SetConfig
                0x0000000008008fd0       0xcc Drivers/STM32F4xx_HAL_Driver/Src/stm32f4xx_hal_tim.o
 .text.TIM_OC2_SetConfig
                0x000000000800909c       0xd8 Drivers/STM32F4xx_HAL_Driver/Src/stm32f4xx_hal_tim.o
                0x000000000800909c                TIM_OC2_SetConfig
 .text.TIM_OC3_SetConfig
                0x0000000008009174       0xd4 Drivers/STM32F4xx_HAL_Driver/Src/stm32f4xx_hal_tim.o
 .text.TIM_OC4_SetConfig
                0x0000000008009248       0xa0 Drivers/STM32F4xx_HAL_Driver/Src/stm32f4xx_hal_tim.o
 .text.TIM_TI1_ConfigInputStage
                0x00000000080092e8       0x5e Drivers/STM32F4xx_HAL_Driver/Src/stm32f4xx_hal_tim.o
 .text.TIM_TI2_ConfigInputStage
                0x0000000008009346       0x60 Drivers/STM32F4xx_HAL_Driver/Src/stm32f4xx_hal_tim.o
 .text.TIM_ITRx_SetConfig
                0x00000000080093a6       0x36 Drivers/STM32F4xx_HAL_Driver/Src/stm32f4xx_hal_tim.o
 .text.TIM_ETR_SetConfig
                0x00000000080093dc       0x40 Drivers/STM32F4xx_HAL_Driver/Src/stm32f4xx_hal_tim.o
                0x00000000080093dc                TIM_ETR_SetConfig
 .text.TIM_CCxChannelCmd
                0x000000000800941c       0x4a Drivers/STM32F4xx_HAL_Driver/Src/stm32f4xx_hal_tim.o
                0x000000000800941c                TIM_CCxChannelCmd
 *fill*         0x0000000008009466        0x2 
 .text.HAL_TIMEx_MasterConfigSynchronization
                0x0000000008009468       0xdc Drivers/STM32F4xx_HAL_Driver/Src/stm32f4xx_hal_tim_ex.o
                0x0000000008009468                HAL_TIMEx_MasterConfigSynchronization
 .text.HAL_TIMEx_CommutCallback
                0x0000000008009544       0x14 Drivers/STM32F4xx_HAL_Driver/Src/stm32f4xx_hal_tim_ex.o
                0x0000000008009544                HAL_TIMEx_CommutCallback
 .text.HAL_TIMEx_BreakCallback
                0x0000000008009558       0x14 Drivers/STM32F4xx_HAL_Driver/Src/stm32f4xx_hal_tim_ex.o
                0x0000000008009558                HAL_TIMEx_BreakCallback
 .text.HAL_UART_Init
                0x000000000800956c       0x9a Drivers/STM32F4xx_HAL_Driver/Src/stm32f4xx_hal_uart.o
                0x000000000800956c                HAL_UART_Init
 *fill*         0x0000000008009606        0x2 
 .text.HAL_UART_Transmit_DMA
                0x0000000008009608       0xd8 Drivers/STM32F4xx_HAL_Driver/Src/stm32f4xx_hal_uart.o
                0x0000000008009608                HAL_UART_Transmit_DMA
 .text.HAL_UART_Receive_DMA
                0x00000000080096e0      0x100 Drivers/STM32F4xx_HAL_Driver/Src/stm32f4xx_hal_uart.o
                0x00000000080096e0                HAL_UART_Receive_DMA
 .text.HAL_UART_IRQHandler
                0x00000000080097e0      0x200 Drivers/STM32F4xx_HAL_Driver/Src/stm32f4xx_hal_uart.o
                0x00000000080097e0                HAL_UART_IRQHandler
 .text.HAL_UART_TxHalfCpltCallback
                0x00000000080099e0       0x14 Drivers/STM32F4xx_HAL_Driver/Src/stm32f4xx_hal_uart.o
                0x00000000080099e0                HAL_UART_TxHalfCpltCallback
 .text.HAL_UART_RxHalfCpltCallback
                0x00000000080099f4       0x14 Drivers/STM32F4xx_HAL_Driver/Src/stm32f4xx_hal_uart.o
                0x00000000080099f4                HAL_UART_RxHalfCpltCallback
 .text.HAL_UART_ErrorCallback
                0x0000000008009a08       0x14 Drivers/STM32F4xx_HAL_Driver/Src/stm32f4xx_hal_uart.o
                0x0000000008009a08                HAL_UART_ErrorCallback
 .text.UART_DMATransmitCplt
                0x0000000008009a1c       0x52 Drivers/STM32F4xx_HAL_Driver/Src/stm32f4xx_hal_uart.o
 .text.UART_DMATxHalfCplt
                0x0000000008009a6e       0x1c Drivers/STM32F4xx_HAL_Driver/Src/stm32f4xx_hal_uart.o
 .text.UART_DMAReceiveCplt
                0x0000000008009a8a       0x68 Drivers/STM32F4xx_HAL_Driver/Src/stm32f4xx_hal_uart.o
 .text.UART_DMARxHalfCplt
                0x0000000008009af2       0x1c Drivers/STM32F4xx_HAL_Driver/Src/stm32f4xx_hal_uart.o
 .text.UART_DMAError
                0x0000000008009b0e       0x94 Drivers/STM32F4xx_HAL_Driver/Src/stm32f4xx_hal_uart.o
 .text.UART_EndTxTransfer
                0x0000000008009ba2       0x2c Drivers/STM32F4xx_HAL_Driver/Src/stm32f4xx_hal_uart.o
 .text.UART_EndRxTransfer
                0x0000000008009bce       0x3c Drivers/STM32F4xx_HAL_Driver/Src/stm32f4xx_hal_uart.o
 .text.UART_DMAAbortOnError
                0x0000000008009c0a       0x28 Drivers/STM32F4xx_HAL_Driver/Src/stm32f4xx_hal_uart.o
 .text.UART_Transmit_IT
                0x0000000008009c32       0xac Drivers/STM32F4xx_HAL_Driver/Src/stm32f4xx_hal_uart.o
 .text.UART_EndTransmit_IT
                0x0000000008009cde       0x30 Drivers/STM32F4xx_HAL_Driver/Src/stm32f4xx_hal_uart.o
 .text.UART_Receive_IT
                0x0000000008009d0e      0x102 Drivers/STM32F4xx_HAL_Driver/Src/stm32f4xx_hal_uart.o
 .text.UART_SetConfig
                0x0000000008009e10      0x6f8 Drivers/STM32F4xx_HAL_Driver/Src/stm32f4xx_hal_uart.o
 .text.atoi     0x000000000800a508        0x8 d:/programmi/stm32cubeide_1.3.0/stm32cubeide/plugins/com.st.stm32cube.ide.mcu.externaltools.gnu-tools-for-stm32.7-2018-q2-update.win32_1.0.0.201904181610/tools/bin/../lib/gcc/arm-none-eabi/7.3.1/../../../../arm-none-eabi/lib/thumb/v7e-m/fpv4-sp/hard\libc_nano.a(lib_a-atoi.o)
                0x000000000800a508                atoi
 .text.__errno  0x000000000800a510        0xc d:/programmi/stm32cubeide_1.3.0/stm32cubeide/plugins/com.st.stm32cube.ide.mcu.externaltools.gnu-tools-for-stm32.7-2018-q2-update.win32_1.0.0.201904181610/tools/bin/../lib/gcc/arm-none-eabi/7.3.1/../../../../arm-none-eabi/lib/thumb/v7e-m/fpv4-sp/hard\libc_nano.a(lib_a-errno.o)
                0x000000000800a510                __errno
 .text.__libc_init_array
                0x000000000800a51c       0x48 d:/programmi/stm32cubeide_1.3.0/stm32cubeide/plugins/com.st.stm32cube.ide.mcu.externaltools.gnu-tools-for-stm32.7-2018-q2-update.win32_1.0.0.201904181610/tools/bin/../lib/gcc/arm-none-eabi/7.3.1/../../../../arm-none-eabi/lib/thumb/v7e-m/fpv4-sp/hard\libc_nano.a(lib_a-init.o)
                0x000000000800a51c                __libc_init_array
 .text.__itoa   0x000000000800a564       0x30 d:/programmi/stm32cubeide_1.3.0/stm32cubeide/plugins/com.st.stm32cube.ide.mcu.externaltools.gnu-tools-for-stm32.7-2018-q2-update.win32_1.0.0.201904181610/tools/bin/../lib/gcc/arm-none-eabi/7.3.1/../../../../arm-none-eabi/lib/thumb/v7e-m/fpv4-sp/hard\libc_nano.a(lib_a-itoa.o)
                0x000000000800a564                __itoa
 .text.itoa     0x000000000800a594        0x4 d:/programmi/stm32cubeide_1.3.0/stm32cubeide/plugins/com.st.stm32cube.ide.mcu.externaltools.gnu-tools-for-stm32.7-2018-q2-update.win32_1.0.0.201904181610/tools/bin/../lib/gcc/arm-none-eabi/7.3.1/../../../../arm-none-eabi/lib/thumb/v7e-m/fpv4-sp/hard\libc_nano.a(lib_a-itoa.o)
                0x000000000800a594                itoa
 .text.memset   0x000000000800a598       0x10 d:/programmi/stm32cubeide_1.3.0/stm32cubeide/plugins/com.st.stm32cube.ide.mcu.externaltools.gnu-tools-for-stm32.7-2018-q2-update.win32_1.0.0.201904181610/tools/bin/../lib/gcc/arm-none-eabi/7.3.1/../../../../arm-none-eabi/lib/thumb/v7e-m/fpv4-sp/hard\libc_nano.a(lib_a-memset.o)
                0x000000000800a598                memset
 .text.sprintf  0x000000000800a5a8       0x40 d:/programmi/stm32cubeide_1.3.0/stm32cubeide/plugins/com.st.stm32cube.ide.mcu.externaltools.gnu-tools-for-stm32.7-2018-q2-update.win32_1.0.0.201904181610/tools/bin/../lib/gcc/arm-none-eabi/7.3.1/../../../../arm-none-eabi/lib/thumb/v7e-m/fpv4-sp/hard\libc_nano.a(lib_a-sprintf.o)
                0x000000000800a5a8                siprintf
                0x000000000800a5a8                sprintf
 .text.strcat   0x000000000800a5e8       0x1e d:/programmi/stm32cubeide_1.3.0/stm32cubeide/plugins/com.st.stm32cube.ide.mcu.externaltools.gnu-tools-for-stm32.7-2018-q2-update.win32_1.0.0.201904181610/tools/bin/../lib/gcc/arm-none-eabi/7.3.1/../../../../arm-none-eabi/lib/thumb/v7e-m/fpv4-sp/hard\libc_nano.a(lib_a-strcat.o)
                0x000000000800a5e8                strcat
 .text.strcpy   0x000000000800a606       0x10 d:/programmi/stm32cubeide_1.3.0/stm32cubeide/plugins/com.st.stm32cube.ide.mcu.externaltools.gnu-tools-for-stm32.7-2018-q2-update.win32_1.0.0.201904181610/tools/bin/../lib/gcc/arm-none-eabi/7.3.1/../../../../arm-none-eabi/lib/thumb/v7e-m/fpv4-sp/hard\libc_nano.a(lib_a-strcpy.o)
                0x000000000800a606                strcpy
 .text._strtol_l.isra.0
                0x000000000800a616       0xf6 d:/programmi/stm32cubeide_1.3.0/stm32cubeide/plugins/com.st.stm32cube.ide.mcu.externaltools.gnu-tools-for-stm32.7-2018-q2-update.win32_1.0.0.201904181610/tools/bin/../lib/gcc/arm-none-eabi/7.3.1/../../../../arm-none-eabi/lib/thumb/v7e-m/fpv4-sp/hard\libc_nano.a(lib_a-strtol.o)
 .text.strtol   0x000000000800a70c       0x2c d:/programmi/stm32cubeide_1.3.0/stm32cubeide/plugins/com.st.stm32cube.ide.mcu.externaltools.gnu-tools-for-stm32.7-2018-q2-update.win32_1.0.0.201904181610/tools/bin/../lib/gcc/arm-none-eabi/7.3.1/../../../../arm-none-eabi/lib/thumb/v7e-m/fpv4-sp/hard\libc_nano.a(lib_a-strtol.o)
                0x000000000800a70c                strtol
 .text.__utoa   0x000000000800a738       0x7c d:/programmi/stm32cubeide_1.3.0/stm32cubeide/plugins/com.st.stm32cube.ide.mcu.externaltools.gnu-tools-for-stm32.7-2018-q2-update.win32_1.0.0.201904181610/tools/bin/../lib/gcc/arm-none-eabi/7.3.1/../../../../arm-none-eabi/lib/thumb/v7e-m/fpv4-sp/hard\libc_nano.a(lib_a-utoa.o)
                0x000000000800a738                __utoa
 .text.__locale_ctype_ptr_l
                0x000000000800a7b4        0x6 d:/programmi/stm32cubeide_1.3.0/stm32cubeide/plugins/com.st.stm32cube.ide.mcu.externaltools.gnu-tools-for-stm32.7-2018-q2-update.win32_1.0.0.201904181610/tools/bin/../lib/gcc/arm-none-eabi/7.3.1/../../../../arm-none-eabi/lib/thumb/v7e-m/fpv4-sp/hard\libc_nano.a(lib_a-locale.o)
                0x000000000800a7b4                __locale_ctype_ptr_l
 .text.__ascii_mbtowc
                0x000000000800a7ba       0x24 d:/programmi/stm32cubeide_1.3.0/stm32cubeide/plugins/com.st.stm32cube.ide.mcu.externaltools.gnu-tools-for-stm32.7-2018-q2-update.win32_1.0.0.201904181610/tools/bin/../lib/gcc/arm-none-eabi/7.3.1/../../../../arm-none-eabi/lib/thumb/v7e-m/fpv4-sp/hard\libc_nano.a(lib_a-mbtowc_r.o)
                0x000000000800a7ba                __ascii_mbtowc
 .text.__ssputs_r
                0x000000000800a7de       0xb4 d:/programmi/stm32cubeide_1.3.0/stm32cubeide/plugins/com.st.stm32cube.ide.mcu.externaltools.gnu-tools-for-stm32.7-2018-q2-update.win32_1.0.0.201904181610/tools/bin/../lib/gcc/arm-none-eabi/7.3.1/../../../../arm-none-eabi/lib/thumb/v7e-m/fpv4-sp/hard\libc_nano.a(lib_a-nano-svfprintf.o)
                0x000000000800a7de                __ssputs_r
 *fill*         0x000000000800a892        0x2 
 .text._svfprintf_r
                0x000000000800a894      0x1f0 d:/programmi/stm32cubeide_1.3.0/stm32cubeide/plugins/com.st.stm32cube.ide.mcu.externaltools.gnu-tools-for-stm32.7-2018-q2-update.win32_1.0.0.201904181610/tools/bin/../lib/gcc/arm-none-eabi/7.3.1/../../../../arm-none-eabi/lib/thumb/v7e-m/fpv4-sp/hard\libc_nano.a(lib_a-nano-svfprintf.o)
                0x000000000800a894                _svfiprintf_r
                0x000000000800a894                _svfprintf_r
 .text._printf_common
                0x000000000800aa84       0xea d:/programmi/stm32cubeide_1.3.0/stm32cubeide/plugins/com.st.stm32cube.ide.mcu.externaltools.gnu-tools-for-stm32.7-2018-q2-update.win32_1.0.0.201904181610/tools/bin/../lib/gcc/arm-none-eabi/7.3.1/../../../../arm-none-eabi/lib/thumb/v7e-m/fpv4-sp/hard\libc_nano.a(lib_a-nano-vfprintf_i.o)
                0x000000000800aa84                _printf_common
 *fill*         0x000000000800ab6e        0x2 
 .text._printf_i
                0x000000000800ab70      0x224 d:/programmi/stm32cubeide_1.3.0/stm32cubeide/plugins/com.st.stm32cube.ide.mcu.externaltools.gnu-tools-for-stm32.7-2018-q2-update.win32_1.0.0.201904181610/tools/bin/../lib/gcc/arm-none-eabi/7.3.1/../../../../arm-none-eabi/lib/thumb/v7e-m/fpv4-sp/hard\libc_nano.a(lib_a-nano-vfprintf_i.o)
                0x000000000800ab70                _printf_i
 .text.__ascii_wctomb
                0x000000000800ad94       0x1a d:/programmi/stm32cubeide_1.3.0/stm32cubeide/plugins/com.st.stm32cube.ide.mcu.externaltools.gnu-tools-for-stm32.7-2018-q2-update.win32_1.0.0.201904181610/tools/bin/../lib/gcc/arm-none-eabi/7.3.1/../../../../arm-none-eabi/lib/thumb/v7e-m/fpv4-sp/hard\libc_nano.a(lib_a-wctomb_r.o)
                0x000000000800ad94                __ascii_wctomb
 .text.memcpy   0x000000000800adae       0x16 d:/programmi/stm32cubeide_1.3.0/stm32cubeide/plugins/com.st.stm32cube.ide.mcu.externaltools.gnu-tools-for-stm32.7-2018-q2-update.win32_1.0.0.201904181610/tools/bin/../lib/gcc/arm-none-eabi/7.3.1/../../../../arm-none-eabi/lib/thumb/v7e-m/fpv4-sp/hard\libc_nano.a(lib_a-memcpy-stub.o)
                0x000000000800adae                memcpy
 .text.memmove  0x000000000800adc4       0x32 d:/programmi/stm32cubeide_1.3.0/stm32cubeide/plugins/com.st.stm32cube.ide.mcu.externaltools.gnu-tools-for-stm32.7-2018-q2-update.win32_1.0.0.201904181610/tools/bin/../lib/gcc/arm-none-eabi/7.3.1/../../../../arm-none-eabi/lib/thumb/v7e-m/fpv4-sp/hard\libc_nano.a(lib_a-memmove.o)
                0x000000000800adc4                memmove
 *fill*         0x000000000800adf6        0x2 
 .text._free_r  0x000000000800adf8       0x9c d:/programmi/stm32cubeide_1.3.0/stm32cubeide/plugins/com.st.stm32cube.ide.mcu.externaltools.gnu-tools-for-stm32.7-2018-q2-update.win32_1.0.0.201904181610/tools/bin/../lib/gcc/arm-none-eabi/7.3.1/../../../../arm-none-eabi/lib/thumb/v7e-m/fpv4-sp/hard\libc_nano.a(lib_a-nano-freer.o)
                0x000000000800adf8                _free_r
 .text._malloc_r
                0x000000000800ae94       0xb4 d:/programmi/stm32cubeide_1.3.0/stm32cubeide/plugins/com.st.stm32cube.ide.mcu.externaltools.gnu-tools-for-stm32.7-2018-q2-update.win32_1.0.0.201904181610/tools/bin/../lib/gcc/arm-none-eabi/7.3.1/../../../../arm-none-eabi/lib/thumb/v7e-m/fpv4-sp/hard\libc_nano.a(lib_a-nano-mallocr.o)
                0x000000000800ae94                _malloc_r
 .text._realloc_r
                0x000000000800af48       0x4c d:/programmi/stm32cubeide_1.3.0/stm32cubeide/plugins/com.st.stm32cube.ide.mcu.externaltools.gnu-tools-for-stm32.7-2018-q2-update.win32_1.0.0.201904181610/tools/bin/../lib/gcc/arm-none-eabi/7.3.1/../../../../arm-none-eabi/lib/thumb/v7e-m/fpv4-sp/hard\libc_nano.a(lib_a-nano-reallocr.o)
                0x000000000800af48                _realloc_r
 .text._sbrk_r  0x000000000800af94       0x20 d:/programmi/stm32cubeide_1.3.0/stm32cubeide/plugins/com.st.stm32cube.ide.mcu.externaltools.gnu-tools-for-stm32.7-2018-q2-update.win32_1.0.0.201904181610/tools/bin/../lib/gcc/arm-none-eabi/7.3.1/../../../../arm-none-eabi/lib/thumb/v7e-m/fpv4-sp/hard\libc_nano.a(lib_a-sbrkr.o)
                0x000000000800af94                _sbrk_r
 .text.__malloc_lock
                0x000000000800afb4        0x2 d:/programmi/stm32cubeide_1.3.0/stm32cubeide/plugins/com.st.stm32cube.ide.mcu.externaltools.gnu-tools-for-stm32.7-2018-q2-update.win32_1.0.0.201904181610/tools/bin/../lib/gcc/arm-none-eabi/7.3.1/../../../../arm-none-eabi/lib/thumb/v7e-m/fpv4-sp/hard\libc_nano.a(lib_a-mlock.o)
                0x000000000800afb4                __malloc_lock
 .text.__malloc_unlock
                0x000000000800afb6        0x2 d:/programmi/stm32cubeide_1.3.0/stm32cubeide/plugins/com.st.stm32cube.ide.mcu.externaltools.gnu-tools-for-stm32.7-2018-q2-update.win32_1.0.0.201904181610/tools/bin/../lib/gcc/arm-none-eabi/7.3.1/../../../../arm-none-eabi/lib/thumb/v7e-m/fpv4-sp/hard\libc_nano.a(lib_a-mlock.o)
                0x000000000800afb6                __malloc_unlock
 .text._malloc_usable_size_r
                0x000000000800afb8       0x10 d:/programmi/stm32cubeide_1.3.0/stm32cubeide/plugins/com.st.stm32cube.ide.mcu.externaltools.gnu-tools-for-stm32.7-2018-q2-update.win32_1.0.0.201904181610/tools/bin/../lib/gcc/arm-none-eabi/7.3.1/../../../../arm-none-eabi/lib/thumb/v7e-m/fpv4-sp/hard\libc_nano.a(lib_a-nano-msizer.o)
                0x000000000800afb8                _malloc_usable_size_r
 .text.log      0x000000000800afc8      0x100 d:/programmi/stm32cubeide_1.3.0/stm32cubeide/plugins/com.st.stm32cube.ide.mcu.externaltools.gnu-tools-for-stm32.7-2018-q2-update.win32_1.0.0.201904181610/tools/bin/../lib/gcc/arm-none-eabi/7.3.1/../../../../arm-none-eabi/lib/thumb/v7e-m/fpv4-sp/hard\libm.a(lib_a-w_log.o)
                0x000000000800afc8                log
 .text.__ieee754_log
                0x000000000800b0c8      0x364 d:/programmi/stm32cubeide_1.3.0/stm32cubeide/plugins/com.st.stm32cube.ide.mcu.externaltools.gnu-tools-for-stm32.7-2018-q2-update.win32_1.0.0.201904181610/tools/bin/../lib/gcc/arm-none-eabi/7.3.1/../../../../arm-none-eabi/lib/thumb/v7e-m/fpv4-sp/hard\libm.a(lib_a-e_log.o)
                0x000000000800b0c8                __ieee754_log
 .text.matherr  0x000000000800b42c        0x4 d:/programmi/stm32cubeide_1.3.0/stm32cubeide/plugins/com.st.stm32cube.ide.mcu.externaltools.gnu-tools-for-stm32.7-2018-q2-update.win32_1.0.0.201904181610/tools/bin/../lib/gcc/arm-none-eabi/7.3.1/../../../../arm-none-eabi/lib/thumb/v7e-m/fpv4-sp/hard\libm.a(lib_a-s_matherr.o)
                0x000000000800b42c                matherr
 .text.nan      0x000000000800b430       0x10 d:/programmi/stm32cubeide_1.3.0/stm32cubeide/plugins/com.st.stm32cube.ide.mcu.externaltools.gnu-tools-for-stm32.7-2018-q2-update.win32_1.0.0.201904181610/tools/bin/../lib/gcc/arm-none-eabi/7.3.1/../../../../arm-none-eabi/lib/thumb/v7e-m/fpv4-sp/hard\libm.a(lib_a-s_nan.o)
                0x000000000800b430                nan
 *(.glue_7)
 .glue_7        0x000000000800b440        0x0 linker stubs
 *(.glue_7t)
 .glue_7t       0x000000000800b440        0x0 linker stubs
 *(.eh_frame)
 .eh_frame      0x000000000800b440        0x0 d:/programmi/stm32cubeide_1.3.0/stm32cubeide/plugins/com.st.stm32cube.ide.mcu.externaltools.gnu-tools-for-stm32.7-2018-q2-update.win32_1.0.0.201904181610/tools/bin/../lib/gcc/arm-none-eabi/7.3.1/thumb/v7e-m/fpv4-sp/hard/crtbegin.o
 *(.init)
 .init          0x000000000800b440        0x4 d:/programmi/stm32cubeide_1.3.0/stm32cubeide/plugins/com.st.stm32cube.ide.mcu.externaltools.gnu-tools-for-stm32.7-2018-q2-update.win32_1.0.0.201904181610/tools/bin/../lib/gcc/arm-none-eabi/7.3.1/thumb/v7e-m/fpv4-sp/hard/crti.o
                0x000000000800b440                _init
 .init          0x000000000800b444        0x8 d:/programmi/stm32cubeide_1.3.0/stm32cubeide/plugins/com.st.stm32cube.ide.mcu.externaltools.gnu-tools-for-stm32.7-2018-q2-update.win32_1.0.0.201904181610/tools/bin/../lib/gcc/arm-none-eabi/7.3.1/thumb/v7e-m/fpv4-sp/hard/crtn.o
 *(.fini)
 .fini          0x000000000800b44c        0x4 d:/programmi/stm32cubeide_1.3.0/stm32cubeide/plugins/com.st.stm32cube.ide.mcu.externaltools.gnu-tools-for-stm32.7-2018-q2-update.win32_1.0.0.201904181610/tools/bin/../lib/gcc/arm-none-eabi/7.3.1/thumb/v7e-m/fpv4-sp/hard/crti.o
                0x000000000800b44c                _fini
 .fini          0x000000000800b450        0x8 d:/programmi/stm32cubeide_1.3.0/stm32cubeide/plugins/com.st.stm32cube.ide.mcu.externaltools.gnu-tools-for-stm32.7-2018-q2-update.win32_1.0.0.201904181610/tools/bin/../lib/gcc/arm-none-eabi/7.3.1/thumb/v7e-m/fpv4-sp/hard/crtn.o
                0x000000000800b458                . = ALIGN (0x4)
                0x000000000800b458                _etext = .

.vfp11_veneer   0x000000000800b458        0x0
 .vfp11_veneer  0x000000000800b458        0x0 linker stubs

.v4_bx          0x000000000800b458        0x0
 .v4_bx         0x000000000800b458        0x0 linker stubs

.iplt           0x000000000800b458        0x0
 .iplt          0x000000000800b458        0x0 d:/programmi/stm32cubeide_1.3.0/stm32cubeide/plugins/com.st.stm32cube.ide.mcu.externaltools.gnu-tools-for-stm32.7-2018-q2-update.win32_1.0.0.201904181610/tools/bin/../lib/gcc/arm-none-eabi/7.3.1/thumb/v7e-m/fpv4-sp/hard/crtbegin.o

.rodata         0x000000000800b458      0x2e4
                0x000000000800b458                . = ALIGN (0x4)
 *(.rodata)
 .rodata        0x000000000800b458       0x18 Core/Src/configuration.o
 .rodata        0x000000000800b470       0x16 Core/Src/lcd.o
 *fill*         0x000000000800b486        0x2 
 .rodata        0x000000000800b488      0x117 Core/Src/log.o
 *fill*         0x000000000800b59f        0x1 
 .rodata        0x000000000800b5a0       0x14 Core/Src/mqtt_log.o
 *(.rodata*)
 .rodata.AHBPrescTable
                0x000000000800b5b4       0x10 Core/Src/system_stm32f4xx.o
                0x000000000800b5b4                AHBPrescTable
 .rodata.APBPrescTable
                0x000000000800b5c4        0x8 Core/Src/system_stm32f4xx.o
                0x000000000800b5c4                APBPrescTable
 .rodata.flagBitshiftOffset.8199
                0x000000000800b5cc        0x8 Drivers/STM32F4xx_HAL_Driver/Src/stm32f4xx_hal_dma.o
 .rodata.__utoa.str1.1
                0x000000000800b5d4       0x25 d:/programmi/stm32cubeide_1.3.0/stm32cubeide/plugins/com.st.stm32cube.ide.mcu.externaltools.gnu-tools-for-stm32.7-2018-q2-update.win32_1.0.0.201904181610/tools/bin/../lib/gcc/arm-none-eabi/7.3.1/../../../../arm-none-eabi/lib/thumb/v7e-m/fpv4-sp/hard\libc_nano.a(lib_a-utoa.o)
 .rodata._setlocale_r.str1.1
                0x000000000800b5f9        0x8 d:/programmi/stm32cubeide_1.3.0/stm32cubeide/plugins/com.st.stm32cube.ide.mcu.externaltools.gnu-tools-for-stm32.7-2018-q2-update.win32_1.0.0.201904181610/tools/bin/../lib/gcc/arm-none-eabi/7.3.1/../../../../arm-none-eabi/lib/thumb/v7e-m/fpv4-sp/hard\libc_nano.a(lib_a-locale.o)
                                          0x9 (size before relaxing)
 .rodata.str1.1
                0x000000000800b601        0x2 d:/programmi/stm32cubeide_1.3.0/stm32cubeide/plugins/com.st.stm32cube.ide.mcu.externaltools.gnu-tools-for-stm32.7-2018-q2-update.win32_1.0.0.201904181610/tools/bin/../lib/gcc/arm-none-eabi/7.3.1/../../../../arm-none-eabi/lib/thumb/v7e-m/fpv4-sp/hard\libc_nano.a(lib_a-locale.o)
 .rodata._svfprintf_r.str1.1
                0x000000000800b603       0x11 d:/programmi/stm32cubeide_1.3.0/stm32cubeide/plugins/com.st.stm32cube.ide.mcu.externaltools.gnu-tools-for-stm32.7-2018-q2-update.win32_1.0.0.201904181610/tools/bin/../lib/gcc/arm-none-eabi/7.3.1/../../../../arm-none-eabi/lib/thumb/v7e-m/fpv4-sp/hard\libc_nano.a(lib_a-nano-svfprintf.o)
 .rodata._printf_i.str1.1
                0x000000000800b614       0x22 d:/programmi/stm32cubeide_1.3.0/stm32cubeide/plugins/com.st.stm32cube.ide.mcu.externaltools.gnu-tools-for-stm32.7-2018-q2-update.win32_1.0.0.201904181610/tools/bin/../lib/gcc/arm-none-eabi/7.3.1/../../../../arm-none-eabi/lib/thumb/v7e-m/fpv4-sp/hard\libc_nano.a(lib_a-nano-vfprintf_i.o)
 .rodata._ctype_
                0x000000000800b636      0x101 d:/programmi/stm32cubeide_1.3.0/stm32cubeide/plugins/com.st.stm32cube.ide.mcu.externaltools.gnu-tools-for-stm32.7-2018-q2-update.win32_1.0.0.201904181610/tools/bin/../lib/gcc/arm-none-eabi/7.3.1/../../../../arm-none-eabi/lib/thumb/v7e-m/fpv4-sp/hard\libc_nano.a(lib_a-ctype_.o)
                0x000000000800b636                _ctype_
 .rodata.log.str1.1
                0x000000000800b737        0x4 d:/programmi/stm32cubeide_1.3.0/stm32cubeide/plugins/com.st.stm32cube.ide.mcu.externaltools.gnu-tools-for-stm32.7-2018-q2-update.win32_1.0.0.201904181610/tools/bin/../lib/gcc/arm-none-eabi/7.3.1/../../../../arm-none-eabi/lib/thumb/v7e-m/fpv4-sp/hard\libm.a(lib_a-w_log.o)
                                          0x5 (size before relaxing)
                0x000000000800b73c                . = ALIGN (0x4)
 *fill*         0x000000000800b73b        0x1 

.ARM.extab      0x000000000800b73c        0x0
                0x000000000800b73c                . = ALIGN (0x4)
 *(.ARM.extab* .gnu.linkonce.armextab.*)
                0x000000000800b73c                . = ALIGN (0x4)

.ARM            0x000000000800b73c        0x8
                0x000000000800b73c                . = ALIGN (0x4)
                0x000000000800b73c                __exidx_start = .
 *(.ARM.exidx*)
 .ARM.exidx     0x000000000800b73c        0x8 d:/programmi/stm32cubeide_1.3.0/stm32cubeide/plugins/com.st.stm32cube.ide.mcu.externaltools.gnu-tools-for-stm32.7-2018-q2-update.win32_1.0.0.201904181610/tools/bin/../lib/gcc/arm-none-eabi/7.3.1/thumb/v7e-m/fpv4-sp/hard\libgcc.a(_udivmoddi4.o)
                0x000000000800b744                __exidx_end = .
                0x000000000800b744                . = ALIGN (0x4)

.rel.dyn        0x000000000800b744        0x0
 .rel.iplt      0x000000000800b744        0x0 d:/programmi/stm32cubeide_1.3.0/stm32cubeide/plugins/com.st.stm32cube.ide.mcu.externaltools.gnu-tools-for-stm32.7-2018-q2-update.win32_1.0.0.201904181610/tools/bin/../lib/gcc/arm-none-eabi/7.3.1/thumb/v7e-m/fpv4-sp/hard/crtbegin.o

.preinit_array  0x000000000800b744        0x0
                0x000000000800b744                . = ALIGN (0x4)
                0x000000000800b744                PROVIDE (__preinit_array_start = .)
 *(.preinit_array*)
                0x000000000800b744                PROVIDE (__preinit_array_end = .)
                0x000000000800b744                . = ALIGN (0x4)

.init_array     0x000000000800b744        0x4
                0x000000000800b744                . = ALIGN (0x4)
                0x000000000800b744                PROVIDE (__init_array_start = .)
 *(SORT_BY_NAME(.init_array.*))
 *(.init_array*)
 .init_array    0x000000000800b744        0x4 d:/programmi/stm32cubeide_1.3.0/stm32cubeide/plugins/com.st.stm32cube.ide.mcu.externaltools.gnu-tools-for-stm32.7-2018-q2-update.win32_1.0.0.201904181610/tools/bin/../lib/gcc/arm-none-eabi/7.3.1/thumb/v7e-m/fpv4-sp/hard/crtbegin.o
                0x000000000800b748                PROVIDE (__init_array_end = .)
                0x000000000800b748                . = ALIGN (0x4)

.fini_array     0x000000000800b748        0x4
                0x000000000800b748                . = ALIGN (0x4)
                [!provide]                        PROVIDE (__fini_array_start = .)
 *(SORT_BY_NAME(.fini_array.*))
 *(.fini_array*)
 .fini_array    0x000000000800b748        0x4 d:/programmi/stm32cubeide_1.3.0/stm32cubeide/plugins/com.st.stm32cube.ide.mcu.externaltools.gnu-tools-for-stm32.7-2018-q2-update.win32_1.0.0.201904181610/tools/bin/../lib/gcc/arm-none-eabi/7.3.1/thumb/v7e-m/fpv4-sp/hard/crtbegin.o
                [!provide]                        PROVIDE (__fini_array_end = .)
                0x000000000800b74c                . = ALIGN (0x4)
                0x000000000800b74c                _sidata = LOADADDR (.data)

.data           0x0000000020000000      0x294 load address 0x000000000800b74c
                0x0000000020000000                . = ALIGN (0x4)
                0x0000000020000000                _sdata = .
 *(.data)
 *(.data*)
 .data.spo2_LUT
                0x0000000020000000       0xac Core/Src/MAX30100_spo2_calculator.o
                0x0000000020000000                spo2_LUT
 .data.sep      0x00000000200000ac        0x3 Core/Src/mqtt_log.o
                0x00000000200000ac                sep
 *fill*         0x00000000200000af        0x1 
 .data.end      0x00000000200000b0        0x2 Core/Src/mqtt_log.o
                0x00000000200000b0                end
 *fill*         0x00000000200000b2        0x2 
 .data.SystemCoreClock
                0x00000000200000b4        0x4 Core/Src/system_stm32f4xx.o
                0x00000000200000b4                SystemCoreClock
 .data.uwTickPrio
                0x00000000200000b8        0x4 Drivers/STM32F4xx_HAL_Driver/Src/stm32f4xx_hal.o
                0x00000000200000b8                uwTickPrio
 .data.uwTickFreq
                0x00000000200000bc        0x1 Drivers/STM32F4xx_HAL_Driver/Src/stm32f4xx_hal.o
                0x00000000200000bc                uwTickFreq
 *fill*         0x00000000200000bd        0x3 
 .data._impure_ptr
                0x00000000200000c0        0x4 d:/programmi/stm32cubeide_1.3.0/stm32cubeide/plugins/com.st.stm32cube.ide.mcu.externaltools.gnu-tools-for-stm32.7-2018-q2-update.win32_1.0.0.201904181610/tools/bin/../lib/gcc/arm-none-eabi/7.3.1/../../../../arm-none-eabi/lib/thumb/v7e-m/fpv4-sp/hard\libc_nano.a(lib_a-impure.o)
                0x00000000200000c0                _impure_ptr
 .data.impure_data
                0x00000000200000c4       0x60 d:/programmi/stm32cubeide_1.3.0/stm32cubeide/plugins/com.st.stm32cube.ide.mcu.externaltools.gnu-tools-for-stm32.7-2018-q2-update.win32_1.0.0.201904181610/tools/bin/../lib/gcc/arm-none-eabi/7.3.1/../../../../arm-none-eabi/lib/thumb/v7e-m/fpv4-sp/hard\libc_nano.a(lib_a-impure.o)
 .data.__global_locale
                0x0000000020000124      0x16c d:/programmi/stm32cubeide_1.3.0/stm32cubeide/plugins/com.st.stm32cube.ide.mcu.externaltools.gnu-tools-for-stm32.7-2018-q2-update.win32_1.0.0.201904181610/tools/bin/../lib/gcc/arm-none-eabi/7.3.1/../../../../arm-none-eabi/lib/thumb/v7e-m/fpv4-sp/hard\libc_nano.a(lib_a-locale.o)
                0x0000000020000124                __global_locale
 .data.__fdlib_version
                0x0000000020000290        0x1 d:/programmi/stm32cubeide_1.3.0/stm32cubeide/plugins/com.st.stm32cube.ide.mcu.externaltools.gnu-tools-for-stm32.7-2018-q2-update.win32_1.0.0.201904181610/tools/bin/../lib/gcc/arm-none-eabi/7.3.1/../../../../arm-none-eabi/lib/thumb/v7e-m/fpv4-sp/hard\libm.a(lib_a-s_lib_ver.o)
                0x0000000020000290                __fdlib_version
                0x0000000020000294                . = ALIGN (0x4)
 *fill*         0x0000000020000291        0x3 
                0x0000000020000294                _edata = .

.igot.plt       0x0000000020000294        0x0 load address 0x000000000800b9e0
 .igot.plt      0x0000000020000294        0x0 d:/programmi/stm32cubeide_1.3.0/stm32cubeide/plugins/com.st.stm32cube.ide.mcu.externaltools.gnu-tools-for-stm32.7-2018-q2-update.win32_1.0.0.201904181610/tools/bin/../lib/gcc/arm-none-eabi/7.3.1/thumb/v7e-m/fpv4-sp/hard/crtbegin.o
                0x0000000020000294                . = ALIGN (0x4)

.bss            0x0000000020000294      0x758 load address 0x000000000800b9e0
                0x0000000020000294                _sbss = .
                0x0000000020000294                __bss_start__ = _sbss
 *(.bss)
 .bss           0x0000000020000294       0x1c d:/programmi/stm32cubeide_1.3.0/stm32cubeide/plugins/com.st.stm32cube.ide.mcu.externaltools.gnu-tools-for-stm32.7-2018-q2-update.win32_1.0.0.201904181610/tools/bin/../lib/gcc/arm-none-eabi/7.3.1/thumb/v7e-m/fpv4-sp/hard/crtbegin.o
 *(.bss*)
 .bss.IR        0x00000000200002b0        0x2 Core/Src/MAX30100.o
                0x00000000200002b0                IR
 .bss.RED       0x00000000200002b2        0x2 Core/Src/MAX30100.o
                0x00000000200002b2                RED
 .bss.temp      0x00000000200002b4        0x4 Core/Src/MAX30100.o
                0x00000000200002b4                temp
 .bss.w         0x00000000200002b8        0x4 Core/Src/MAX30100.o
                0x00000000200002b8                w
 .bss.h         0x00000000200002bc        0x4 Core/Src/MAX30100.o
                0x00000000200002bc                h
 .bss._millis   0x00000000200002c0        0x4 Core/Src/stm32f4xx_it.o
 .bss.heap_end.6424
                0x00000000200002c4        0x4 Core/Src/sysmem.o
 .bss.__malloc_free_list
                0x00000000200002c8        0x4 d:/programmi/stm32cubeide_1.3.0/stm32cubeide/plugins/com.st.stm32cube.ide.mcu.externaltools.gnu-tools-for-stm32.7-2018-q2-update.win32_1.0.0.201904181610/tools/bin/../lib/gcc/arm-none-eabi/7.3.1/../../../../arm-none-eabi/lib/thumb/v7e-m/fpv4-sp/hard\libc_nano.a(lib_a-nano-mallocr.o)
                0x00000000200002c8                __malloc_free_list
 .bss.__malloc_sbrk_start
                0x00000000200002cc        0x4 d:/programmi/stm32cubeide_1.3.0/stm32cubeide/plugins/com.st.stm32cube.ide.mcu.externaltools.gnu-tools-for-stm32.7-2018-q2-update.win32_1.0.0.201904181610/tools/bin/../lib/gcc/arm-none-eabi/7.3.1/../../../../arm-none-eabi/lib/thumb/v7e-m/fpv4-sp/hard\libc_nano.a(lib_a-nano-mallocr.o)
                0x00000000200002cc                __malloc_sbrk_start
 *(COMMON)
 COMMON         0x00000000200002d0       0x6c Core/Src/MAX30100.o
                0x00000000200002d0                beat_detected
                0x00000000200002d4                filtered_pulse_value
                0x00000000200002d8                meanDiffIR
                0x0000000020000320                red_ACvalue
                0x0000000020000324                ir_ACvalue
                0x0000000020000328                spo2_calculator
 COMMON         0x000000002000033c       0x14 Core/Src/MAX30100_beat_detector.o
                0x000000002000033c                threshold
                0x0000000020000340                ts_last_beat
                0x0000000020000344                beat_period
                0x0000000020000348                beat_state
                0x000000002000034c                last_max_value
 COMMON         0x0000000020000350        0x8 Core/Src/MAX30100_filters.o
                0x0000000020000350                v
 COMMON         0x0000000020000358       0x54 Core/Src/configuration.o
                0x0000000020000358                buff
 COMMON         0x00000000200003ac       0xfc Core/Src/i2c.o
                0x00000000200003ac                hi2c3
                0x0000000020000400                hi2c1
                0x0000000020000454                hi2c2
 COMMON         0x00000000200004a8       0xb8 Core/Src/main.o
                0x00000000200004a8                conf_status
                0x00000000200004ac                conf
                0x00000000200004cc                hr_ox
                0x00000000200004d4                conf_buffer
                0x00000000200004fc                buzzer
                0x0000000020000500                dma_buffer
                0x0000000020000554                pwm
                0x0000000020000558                date
 COMMON         0x0000000020000560       0x84 Core/Src/mqtt_log.o
                0x0000000020000560                mqtt
                0x00000000200005d0                dest
 COMMON         0x00000000200005e4      0x200 Core/Src/tim.o
                0x00000000200005e4                htim4
                0x0000000020000624                htim10
                0x0000000020000664                htim5
                0x00000000200006a4                htim3
                0x00000000200006e4                htim11
                0x0000000020000724                htim1
                0x0000000020000764                htim9
                0x00000000200007a4                htim2
 COMMON         0x00000000200007e4      0x200 Core/Src/usart.o
                0x00000000200007e4                hdma_usart2_rx
                0x0000000020000844                hdma_usart1_tx
                0x00000000200008a4                hdma_usart1_rx
                0x0000000020000904                hdma_usart2_tx
                0x0000000020000964                huart1
                0x00000000200009a4                huart2
 COMMON         0x00000000200009e4        0x4 Drivers/STM32F4xx_HAL_Driver/Src/stm32f4xx_hal.o
                0x00000000200009e4                uwTick
 COMMON         0x00000000200009e8        0x4 d:/programmi/stm32cubeide_1.3.0/stm32cubeide/plugins/com.st.stm32cube.ide.mcu.externaltools.gnu-tools-for-stm32.7-2018-q2-update.win32_1.0.0.201904181610/tools/bin/../lib/gcc/arm-none-eabi/7.3.1/../../../../arm-none-eabi/lib/thumb/v7e-m/fpv4-sp/hard\libc_nano.a(lib_a-reent.o)
                0x00000000200009e8                errno
                0x00000000200009ec                . = ALIGN (0x4)
                0x00000000200009ec                _ebss = .
                0x00000000200009ec                __bss_end__ = _ebss

._user_heap_stack
                0x00000000200009ec      0x604 load address 0x000000000800b9e0
                0x00000000200009f0                . = ALIGN (0x8)
 *fill*         0x00000000200009ec        0x4 
                [!provide]                        PROVIDE (end = .)
                [!provide]                        PROVIDE (_end = .)
                0x0000000020000bf0                . = (. + _Min_Heap_Size)
 *fill*         0x00000000200009f0      0x200 
                0x0000000020000ff0                . = (. + _Min_Stack_Size)
 *fill*         0x0000000020000bf0      0x400 
                0x0000000020000ff0                . = ALIGN (0x8)

/DISCARD/
 libc.a(*)
 libm.a(*)
 libgcc.a(*)

.ARM.attributes
                0x0000000000000000       0x30
 *(.ARM.attributes)
 .ARM.attributes
                0x0000000000000000       0x22 d:/programmi/stm32cubeide_1.3.0/stm32cubeide/plugins/com.st.stm32cube.ide.mcu.externaltools.gnu-tools-for-stm32.7-2018-q2-update.win32_1.0.0.201904181610/tools/bin/../lib/gcc/arm-none-eabi/7.3.1/thumb/v7e-m/fpv4-sp/hard/crti.o
 .ARM.attributes
                0x0000000000000022       0x34 d:/programmi/stm32cubeide_1.3.0/stm32cubeide/plugins/com.st.stm32cube.ide.mcu.externaltools.gnu-tools-for-stm32.7-2018-q2-update.win32_1.0.0.201904181610/tools/bin/../lib/gcc/arm-none-eabi/7.3.1/thumb/v7e-m/fpv4-sp/hard/crtbegin.o
 .ARM.attributes
                0x0000000000000056       0x39 Core/Src/MAX30100.o
 .ARM.attributes
                0x000000000000008f       0x39 Core/Src/MAX30100_beat_detector.o
 .ARM.attributes
                0x00000000000000c8       0x39 Core/Src/MAX30100_filters.o
 .ARM.attributes
                0x0000000000000101       0x39 Core/Src/MAX30100_spo2_calculator.o
 .ARM.attributes
                0x000000000000013a       0x39 Core/Src/buzzer.o
 .ARM.attributes
                0x0000000000000173       0x39 Core/Src/configuration.o
 .ARM.attributes
                0x00000000000001ac       0x39 Core/Src/datastructure.o
 .ARM.attributes
                0x00000000000001e5       0x39 Core/Src/dma.o
 .ARM.attributes
                0x000000000000021e       0x39 Core/Src/eeprom_i2c.o
 .ARM.attributes
                0x0000000000000257       0x39 Core/Src/gpio.o
 .ARM.attributes
                0x0000000000000290       0x39 Core/Src/i2c.o
 .ARM.attributes
                0x00000000000002c9       0x39 Core/Src/lcd.o
 .ARM.attributes
                0x0000000000000302       0x39 Core/Src/log.o
 .ARM.attributes
                0x000000000000033b       0x39 Core/Src/main.o
 .ARM.attributes
                0x0000000000000374       0x39 Core/Src/mqtt_log.o
 .ARM.attributes
                0x00000000000003ad       0x39 Core/Src/ring_buffer.o
 .ARM.attributes
                0x00000000000003e6       0x39 Core/Src/stm32f4xx_hal_msp.o
 .ARM.attributes
                0x000000000000041f       0x39 Core/Src/stm32f4xx_it.o
 .ARM.attributes
                0x0000000000000458       0x39 Core/Src/sysmem.o
 .ARM.attributes
                0x0000000000000491       0x39 Core/Src/system_stm32f4xx.o
 .ARM.attributes
                0x00000000000004ca       0x39 Core/Src/tim.o
 .ARM.attributes
                0x0000000000000503       0x39 Core/Src/usart.o
 .ARM.attributes
                0x000000000000053c       0x21 Core/Startup/startup_stm32f401retx.o
 .ARM.attributes
                0x000000000000055d       0x39 Drivers/STM32F4xx_HAL_Driver/Src/stm32f4xx_hal.o
 .ARM.attributes
                0x0000000000000596       0x39 Drivers/STM32F4xx_HAL_Driver/Src/stm32f4xx_hal_cortex.o
 .ARM.attributes
                0x00000000000005cf       0x39 Drivers/STM32F4xx_HAL_Driver/Src/stm32f4xx_hal_dma.o
 .ARM.attributes
                0x0000000000000608       0x39 Drivers/STM32F4xx_HAL_Driver/Src/stm32f4xx_hal_gpio.o
 .ARM.attributes
                0x0000000000000641       0x39 Drivers/STM32F4xx_HAL_Driver/Src/stm32f4xx_hal_i2c.o
 .ARM.attributes
                0x000000000000067a       0x39 Drivers/STM32F4xx_HAL_Driver/Src/stm32f4xx_hal_rcc.o
 .ARM.attributes
                0x00000000000006b3       0x39 Drivers/STM32F4xx_HAL_Driver/Src/stm32f4xx_hal_tim.o
 .ARM.attributes
                0x00000000000006ec       0x39 Drivers/STM32F4xx_HAL_Driver/Src/stm32f4xx_hal_tim_ex.o
 .ARM.attributes
                0x0000000000000725       0x39 Drivers/STM32F4xx_HAL_Driver/Src/stm32f4xx_hal_uart.o
 .ARM.attributes
                0x000000000000075e       0x34 d:/programmi/stm32cubeide_1.3.0/stm32cubeide/plugins/com.st.stm32cube.ide.mcu.externaltools.gnu-tools-for-stm32.7-2018-q2-update.win32_1.0.0.201904181610/tools/bin/../lib/gcc/arm-none-eabi/7.3.1/../../../../arm-none-eabi/lib/thumb/v7e-m/fpv4-sp/hard\libc_nano.a(lib_a-atoi.o)
 .ARM.attributes
                0x0000000000000792       0x34 d:/programmi/stm32cubeide_1.3.0/stm32cubeide/plugins/com.st.stm32cube.ide.mcu.externaltools.gnu-tools-for-stm32.7-2018-q2-update.win32_1.0.0.201904181610/tools/bin/../lib/gcc/arm-none-eabi/7.3.1/../../../../arm-none-eabi/lib/thumb/v7e-m/fpv4-sp/hard\libc_nano.a(lib_a-errno.o)
 .ARM.attributes
                0x00000000000007c6       0x34 d:/programmi/stm32cubeide_1.3.0/stm32cubeide/plugins/com.st.stm32cube.ide.mcu.externaltools.gnu-tools-for-stm32.7-2018-q2-update.win32_1.0.0.201904181610/tools/bin/../lib/gcc/arm-none-eabi/7.3.1/../../../../arm-none-eabi/lib/thumb/v7e-m/fpv4-sp/hard\libc_nano.a(lib_a-impure.o)
 .ARM.attributes
                0x00000000000007fa       0x34 d:/programmi/stm32cubeide_1.3.0/stm32cubeide/plugins/com.st.stm32cube.ide.mcu.externaltools.gnu-tools-for-stm32.7-2018-q2-update.win32_1.0.0.201904181610/tools/bin/../lib/gcc/arm-none-eabi/7.3.1/../../../../arm-none-eabi/lib/thumb/v7e-m/fpv4-sp/hard\libc_nano.a(lib_a-init.o)
 .ARM.attributes
                0x000000000000082e       0x34 d:/programmi/stm32cubeide_1.3.0/stm32cubeide/plugins/com.st.stm32cube.ide.mcu.externaltools.gnu-tools-for-stm32.7-2018-q2-update.win32_1.0.0.201904181610/tools/bin/../lib/gcc/arm-none-eabi/7.3.1/../../../../arm-none-eabi/lib/thumb/v7e-m/fpv4-sp/hard\libc_nano.a(lib_a-itoa.o)
 .ARM.attributes