stm32f4xx_it.c:98:6:NMI_Handler	0	static
stm32f4xx_it.c:111:6:HardFault_Handler	0	static
stm32f4xx_it.c:126:6:MemManage_Handler	0	static
stm32f4xx_it.c:141:6:BusFault_Handler	0	static
stm32f4xx_it.c:156:6:UsageFault_Handler	0	static
stm32f4xx_it.c:171:6:SVC_Handler	0	static
stm32f4xx_it.c:184:6:DebugMon_Handler	0	static
stm32f4xx_it.c:197:6:PendSV_Handler	0	static
stm32f4xx_it.c:210:6:SysTick_Handler	8	static
stm32f4xx_it.c:231:6:DMA1_Stream5_IRQHandler	0	static
stm32f4xx_it.c:245:6:DMA1_Stream6_IRQHandler	0	static
stm32f4xx_it.c:259:6:TIM1_BRK_TIM9_IRQHandler	8	static
stm32f4xx_it.c:274:6:TIM1_UP_TIM10_IRQHandler	8	static
stm32f4xx_it.c:289:6:TIM1_TRG_COM_TIM11_IRQHandler	8	static
stm32f4xx_it.c:304:6:TIM2_IRQHandler	0	static
stm32f4xx_it.c:318:6:TIM4_IRQHandler	0	static
stm32f4xx_it.c:332:6:I2C1_EV_IRQHandler	0	static
stm32f4xx_it.c:346:6:I2C1_ER_IRQHandler	0	static
stm32f4xx_it.c:360:6:I2C2_EV_IRQHandler	0	static
stm32f4xx_it.c:374:6:I2C2_ER_IRQHandler	0	static
stm32f4xx_it.c:388:6:USART1_IRQHandler	0	static
stm32f4xx_it.c:402:6:USART2_IRQHandler	0	static
stm32f4xx_it.c:416:6:EXTI15_10_IRQHandler	0	static
stm32f4xx_it.c:430:6:TIM5_IRQHandler	0	static
stm32f4xx_it.c:444:6:DMA2_Stream2_IRQHandler	0	static
stm32f4xx_it.c:458:6:DMA2_Stream7_IRQHandler	0	static
stm32f4xx_it.c:472:6:I2C3_EV_IRQHandler	0	static
stm32f4xx_it.c:486:6:I2C3_ER_IRQHandler	0	static
stm32f4xx_it.c:498:6:HAL_TIM_PeriodElapsedCallback	16	static
stm32f4xx_it.c:548:6:HAL_UART_RxCpltCallback	112	static
stm32f4xx_it.c:594:6:HAL_UART_TxCpltCallback	0	static
stm32f4xx_it.c:603:6:millis_init	0	static
stm32f4xx_it.c:610:10:millis	0	static
stm32f4xx_it.c:613:6:delay	0	static
stm32f4xx_it.c:619:6:HAL_GPIO_EXTI_Callback	8	static
