log.c:22:6:log_status	104	static
log.c:29:6:log_system_boot	8	static
log.c:34:6:log_system_configuration_loaded	8	static
log.c:38:6:log_system_activated	8	static
log.c:41:6:log_system_deactivated	8	static
log.c:44:6:log_low_heart_rate_alarm	8	static
log.c:47:6:log_high_heart_rate_alarm	8	static
log.c:50:6:log_mqtt_errors	8	static
log.c:53:6:log_mqtt_connection_established	8	static
log.c:56:6:log_mqtt_connection_closed	8	static
log.c:59:6:log_mqtt_message_sent	8	static
log.c:62:6:log_transmit	8	static
