log.c:14:6:log_status	104	static
log.c:25:6:log_system_boot	8	static
log.c:31:6:log_system_configuration_loaded	8	static
log.c:37:6:log_system_activated	8	static
log.c:41:6:log_system_deactivated	8	static
log.c:45:6:log_low_heart_rate_alarm	8	static
log.c:50:6:log_high_heart_rate_alarm	8	static
log.c:55:6:log_mqtt_errors	8	static
log.c:59:6:log_mqtt_connection_established	8	static
log.c:64:6:log_mqtt_connection_closed	8	static
log.c:69:6:log_mqtt_message_sent	8	static
log.c:73:6:log_transmit	8	static
log.c:79:6:configuration_check_tr	16	static
