core_cm4.h:1816:22:__NVIC_SetPriority	16	static
core_cm4.h:2022:26:SysTick_Config	16	static
stm32f4xx_it.c:103:6:NMI_Handler	4	static
stm32f4xx_it.c:115:6:HardFault_Handler	4	static
stm32f4xx_it.c:128:6:MemManage_Handler	4	static
stm32f4xx_it.c:141:6:BusFault_Handler	4	static
stm32f4xx_it.c:154:6:UsageFault_Handler	4	static
stm32f4xx_it.c:167:6:SVC_Handler	4	static
stm32f4xx_it.c:179:6:DebugMon_Handler	4	static
stm32f4xx_it.c:191:6:PendSV_Handler	4	static
stm32f4xx_it.c:203:6:SysTick_Handler	8	static
stm32f4xx_it.c:223:6:DMA1_Stream5_IRQHandler	8	static
stm32f4xx_it.c:236:6:DMA1_Stream6_IRQHandler	8	static
stm32f4xx_it.c:249:6:TIM1_BRK_TIM9_IRQHandler	8	static
stm32f4xx_it.c:263:6:TIM1_UP_TIM10_IRQHandler	8	static
stm32f4xx_it.c:277:6:TIM1_TRG_COM_TIM11_IRQHandler	8	static
stm32f4xx_it.c:291:6:TIM2_IRQHandler	8	static
stm32f4xx_it.c:304:6:TIM3_IRQHandler	8	static
stm32f4xx_it.c:317:6:TIM4_IRQHandler	8	static
stm32f4xx_it.c:330:6:I2C1_EV_IRQHandler	8	static
stm32f4xx_it.c:343:6:I2C1_ER_IRQHandler	8	static
stm32f4xx_it.c:356:6:I2C2_EV_IRQHandler	8	static
stm32f4xx_it.c:369:6:I2C2_ER_IRQHandler	8	static
stm32f4xx_it.c:382:6:USART1_IRQHandler	8	static
stm32f4xx_it.c:395:6:USART2_IRQHandler	8	static
stm32f4xx_it.c:408:6:EXTI15_10_IRQHandler	8	static
stm32f4xx_it.c:421:6:TIM5_IRQHandler	8	static
stm32f4xx_it.c:434:6:DMA2_Stream2_IRQHandler	8	static
stm32f4xx_it.c:447:6:DMA2_Stream7_IRQHandler	8	static
stm32f4xx_it.c:460:6:I2C3_EV_IRQHandler	8	static
stm32f4xx_it.c:473:6:I2C3_ER_IRQHandler	8	static
stm32f4xx_it.c:484:6:HAL_TIM_PeriodElapsedCallback	32	static
stm32f4xx_it.c:590:6:HAL_UART_RxCpltCallback	56	static
stm32f4xx_it.c:638:6:HAL_UART_TxCpltCallback	16	static
stm32f4xx_it.c:646:6:millis_init	8	static
stm32f4xx_it.c:654:10:millis	4	static
stm32f4xx_it.c:657:6:delay	16	static
stm32f4xx_it.c:664:6:HAL_GPIO_EXTI_Callback	16	static
