Archive member included to satisfy reference by file (symbol)

d:/programmi/stm32cubeide_1.3.0/stm32cubeide/plugins/com.st.stm32cube.ide.mcu.externaltools.gnu-tools-for-stm32.7-2018-q2-update.win32_1.0.0.201904181610/tools/bin/../lib/gcc/arm-none-eabi/7.3.1/../../../../arm-none-eabi/lib/thumb/v7e-m/fpv4-sp/hard\libc_nano.a(lib_a-atoi.o)
                              Core/Src/configuration.o (atoi)
d:/programmi/stm32cubeide_1.3.0/stm32cubeide/plugins/com.st.stm32cube.ide.mcu.externaltools.gnu-tools-for-stm32.7-2018-q2-update.win32_1.0.0.201904181610/tools/bin/../lib/gcc/arm-none-eabi/7.3.1/../../../../arm-none-eabi/lib/thumb/v7e-m/fpv4-sp/hard\libc_nano.a(lib_a-errno.o)
                              Core/Src/syscalls.o (__errno)
d:/programmi/stm32cubeide_1.3.0/stm32cubeide/plugins/com.st.stm32cube.ide.mcu.externaltools.gnu-tools-for-stm32.7-2018-q2-update.win32_1.0.0.201904181610/tools/bin/../lib/gcc/arm-none-eabi/7.3.1/../../../../arm-none-eabi/lib/thumb/v7e-m/fpv4-sp/hard\libc_nano.a(lib_a-exit.o)
                              d:/programmi/stm32cubeide_1.3.0/stm32cubeide/plugins/com.st.stm32cube.ide.mcu.externaltools.gnu-tools-for-stm32.7-2018-q2-update.win32_1.0.0.201904181610/tools/bin/../lib/gcc/arm-none-eabi/7.3.1/../../../../arm-none-eabi/lib/thumb/v7e-m/fpv4-sp/hard/crt0.o (exit)
d:/programmi/stm32cubeide_1.3.0/stm32cubeide/plugins/com.st.stm32cube.ide.mcu.externaltools.gnu-tools-for-stm32.7-2018-q2-update.win32_1.0.0.201904181610/tools/bin/../lib/gcc/arm-none-eabi/7.3.1/../../../../arm-none-eabi/lib/thumb/v7e-m/fpv4-sp/hard\libc_nano.a(lib_a-impure.o)
                              d:/programmi/stm32cubeide_1.3.0/stm32cubeide/plugins/com.st.stm32cube.ide.mcu.externaltools.gnu-tools-for-stm32.7-2018-q2-update.win32_1.0.0.201904181610/tools/bin/../lib/gcc/arm-none-eabi/7.3.1/../../../../arm-none-eabi/lib/thumb/v7e-m/fpv4-sp/hard\libc_nano.a(lib_a-exit.o) (_global_impure_ptr)
d:/programmi/stm32cubeide_1.3.0/stm32cubeide/plugins/com.st.stm32cube.ide.mcu.externaltools.gnu-tools-for-stm32.7-2018-q2-update.win32_1.0.0.201904181610/tools/bin/../lib/gcc/arm-none-eabi/7.3.1/../../../../arm-none-eabi/lib/thumb/v7e-m/fpv4-sp/hard\libc_nano.a(lib_a-init.o)
                              d:/programmi/stm32cubeide_1.3.0/stm32cubeide/plugins/com.st.stm32cube.ide.mcu.externaltools.gnu-tools-for-stm32.7-2018-q2-update.win32_1.0.0.201904181610/tools/bin/../lib/gcc/arm-none-eabi/7.3.1/../../../../arm-none-eabi/lib/thumb/v7e-m/fpv4-sp/hard/crt0.o (__libc_init_array)
d:/programmi/stm32cubeide_1.3.0/stm32cubeide/plugins/com.st.stm32cube.ide.mcu.externaltools.gnu-tools-for-stm32.7-2018-q2-update.win32_1.0.0.201904181610/tools/bin/../lib/gcc/arm-none-eabi/7.3.1/../../../../arm-none-eabi/lib/thumb/v7e-m/fpv4-sp/hard\libc_nano.a(lib_a-itoa.o)
                              Core/Src/mqtt_log.o (itoa)
d:/programmi/stm32cubeide_1.3.0/stm32cubeide/plugins/com.st.stm32cube.ide.mcu.externaltools.gnu-tools-for-stm32.7-2018-q2-update.win32_1.0.0.201904181610/tools/bin/../lib/gcc/arm-none-eabi/7.3.1/../../../../arm-none-eabi/lib/thumb/v7e-m/fpv4-sp/hard\libc_nano.a(lib_a-memset.o)
                              d:/programmi/stm32cubeide_1.3.0/stm32cubeide/plugins/com.st.stm32cube.ide.mcu.externaltools.gnu-tools-for-stm32.7-2018-q2-update.win32_1.0.0.201904181610/tools/bin/../lib/gcc/arm-none-eabi/7.3.1/../../../../arm-none-eabi/lib/thumb/v7e-m/fpv4-sp/hard/crt0.o (memset)
d:/programmi/stm32cubeide_1.3.0/stm32cubeide/plugins/com.st.stm32cube.ide.mcu.externaltools.gnu-tools-for-stm32.7-2018-q2-update.win32_1.0.0.201904181610/tools/bin/../lib/gcc/arm-none-eabi/7.3.1/../../../../arm-none-eabi/lib/thumb/v7e-m/fpv4-sp/hard\libc_nano.a(lib_a-sprintf.o)
                              Core/Src/lcd.o (sprintf)
d:/programmi/stm32cubeide_1.3.0/stm32cubeide/plugins/com.st.stm32cube.ide.mcu.externaltools.gnu-tools-for-stm32.7-2018-q2-update.win32_1.0.0.201904181610/tools/bin/../lib/gcc/arm-none-eabi/7.3.1/../../../../arm-none-eabi/lib/thumb/v7e-m/fpv4-sp/hard\libc_nano.a(lib_a-strcat.o)
                              Core/Src/mqtt_log.o (strcat)
d:/programmi/stm32cubeide_1.3.0/stm32cubeide/plugins/com.st.stm32cube.ide.mcu.externaltools.gnu-tools-for-stm32.7-2018-q2-update.win32_1.0.0.201904181610/tools/bin/../lib/gcc/arm-none-eabi/7.3.1/../../../../arm-none-eabi/lib/thumb/v7e-m/fpv4-sp/hard\libc_nano.a(lib_a-strcmp.o)
                              Core/Src/mqtt_log.o (strcmp)
d:/programmi/stm32cubeide_1.3.0/stm32cubeide/plugins/com.st.stm32cube.ide.mcu.externaltools.gnu-tools-for-stm32.7-2018-q2-update.win32_1.0.0.201904181610/tools/bin/../lib/gcc/arm-none-eabi/7.3.1/../../../../arm-none-eabi/lib/thumb/v7e-m/fpv4-sp/hard\libc_nano.a(lib_a-strcpy.o)
                              Core/Src/configuration.o (strcpy)
[...]
Memory Configuration

Name             Origin             Length             Attributes
RAM              0x0000000020000000 0x0000000000018000 xrw
FLASH            0x0000000008000000 0x0000000000080000 xr
*default*        0x0000000000000000 0xffffffffffffffff

Linker script and memory map

LOAD d:/programmi/stm32cubeide_1.3.0/stm32cubeide/plugins/com.st.stm32cube.ide.mcu.externaltools.gnu-tools-for-stm32.7-2018-q2-update.win32_1.0.0.201904181610/tools/bin/../lib/gcc/arm-none-eabi/7.3.1/thumb/v7e-m/fpv4-sp/hard/crti.o
LOAD d:/programmi/stm32cubeide_1.3.0/stm32cubeide/plugins/com.st.stm32cube.ide.mcu.externaltools.gnu-tools-for-stm32.7-2018-q2-update.win32_1.0.0.201904181610/tools/bin/../lib/gcc/arm-none-eabi/7.3.1/thumb/v7e-m/fpv4-sp/hard/crtbegin.o
LOAD d:/programmi/stm32cubeide_1.3.0/stm32cubeide/plugins/com.st.stm32cube.ide.mcu.externaltools.gnu-tools-for-stm32.7-2018-q2-update.win32_1.0.0.201904181610/tools/bin/../lib/gcc/arm-none-eabi/7.3.1/../../../../arm-none-eabi/lib/thumb/v7e-m/fpv4-sp/hard/crt0.o
LOAD Core/Src/MAX30100.o
LOAD Core/Src/MAX30100_beat_detector.o
LOAD Core/Src/MAX30100_filters.o
LOAD Core/Src/MAX30100_spo2_calculator.o
LOAD Core/Src/buzzer.o
LOAD Core/Src/configuration.o
LOAD Core/Src/datastructure.o
LOAD Core/Src/dma.o
LOAD Core/Src/eeprom_i2c.o
LOAD Core/Src/gpio.o
LOAD Core/Src/i2c.o
LOAD Core/Src/lcd.o
LOAD Core/Src/log.o
LOAD Core/Src/main.o
LOAD Core/Src/mqtt_log.o
LOAD Core/Src/ring_buffer.o
LOAD Core/Src/stm32f4xx_hal_msp.o
LOAD Core/Src/stm32f4xx_it.o
LOAD Core/Src/syscalls.o
LOAD Core/Src/sysmem.o
LOAD Core/Src/system_stm32f4xx.o
LOAD Core/Src/tim.o
LOAD Core/Src/usart.o
LOAD Core/Startup/startup_stm32f401retx.o
LOAD Drivers/STM32F4xx_HAL_Driver/Src/stm32f4xx_hal.o
LOAD Drivers/STM32F4xx_HAL_Driver/Src/stm32f4xx_hal_cortex.o
LOAD Drivers/STM32F4xx_HAL_Driver/Src/stm32f4xx_hal_dma.o
LOAD Drivers/STM32F4xx_HAL_Driver/Src/stm32f4xx_hal_dma_ex.o
LOAD Drivers/STM32F4xx_HAL_Driver/Src/stm32f4xx_hal_exti.o
LOAD Drivers/STM32F4xx_HAL_Driver/Src/stm32f4xx_hal_flash.o
LOAD Drivers/STM32F4xx_HAL_Driver/Src/stm32f4xx_hal_flash_ex.o
LOAD Drivers/STM32F4xx_HAL_Driver/Src/stm32f4xx_hal_flash_ramfunc.o
LOAD Drivers/STM32F4xx_HAL_Driver/Src/stm32f4xx_hal_gpio.o
LOAD Drivers/STM32F4xx_HAL_Driver/Src/stm32f4xx_hal_i2c.o
LOAD Drivers/STM32F4xx_HAL_Driver/Src/stm32f4xx_hal_i2c_ex.o
LOAD Drivers/STM32F4xx_HAL_Driver/Src/stm32f4xx_hal_pwr.o
LOAD Drivers/STM32F4xx_HAL_Driver/Src/stm32f4xx_hal_pwr_ex.o
LOAD Drivers/STM32F4xx_HAL_Driver/Src/stm32f4xx_hal_rcc.o
LOAD Drivers/STM32F4xx_HAL_Driver/Src/stm32f4xx_hal_rcc_ex.o
LOAD Drivers/STM32F4xx_HAL_Driver/Src/stm32f4xx_hal_tim.o
LOAD Drivers/STM32F4xx_HAL_Driver/Src/stm32f4xx_hal_tim_ex.o
LOAD Drivers/STM32F4xx_HAL_Driver/Src/stm32f4xx_hal_uart.o
START GROUP
LOAD d:/programmi/stm32cubeide_1.3.0/stm32cubeide/plugins/com.st.stm32cube.ide.mcu.externaltools.gnu-tools-for-stm32.7-2018-q2-update.win32_1.0.0.201904181610/tools/bin/../lib/gcc/arm-none-eabi/7.3.1/../../../../arm-none-eabi/lib/thumb/v7e-m/fpv4-sp/hard\libc_nano.a
LOAD d:/programmi/stm32cubeide_1.3.0/stm32cubeide/plugins/com.st.stm32cube.ide.mcu.externaltools.gnu-tools-for-stm32.7-2018-q2-update.win32_1.0.0.201904181610/tools/bin/../lib/gcc/arm-none-eabi/7.3.1/../../../../arm-none-eabi/lib/thumb/v7e-m/fpv4-sp/hard\libm.a
END GROUP
START GROUP
LOAD d:/programmi/stm32cubeide_1.3.0/stm32cubeide/plugins/com.st.stm32cube.ide.mcu.externaltools.gnu-tools-for-stm32.7-2018-q2-update.win32_1.0.0.201904181610/tools/bin/../lib/gcc/arm-none-eabi/7.3.1/thumb/v7e-m/fpv4-sp/hard\libgcc.a
LOAD d:/programmi/stm32cubeide_1.3.0/stm32cubeide/plugins/com.st.stm32cube.ide.mcu.externaltools.gnu-tools-for-stm32.7-2018-q2-update.win32_1.0.0.201904181610/tools/bin/../lib/gcc/arm-none-eabi/7.3.1/../../../../arm-none-eabi/lib/thumb/v7e-m/fpv4-sp/hard\libc_nano.a
END GROUP
START GROUP
LOAD d:/programmi/stm32cubeide_1.3.0/stm32cubeide/plugins/com.st.stm32cube.ide.mcu.externaltools.gnu-tools-for-stm32.7-2018-q2-update.win32_1.0.0.201904181610/tools/bin/../lib/gcc/arm-none-eabi/7.3.1/thumb/v7e-m/fpv4-sp/hard\libgcc.a
LOAD d:/programmi/stm32cubeide_1.3.0/stm32cubeide/plugins/com.st.stm32cube.ide.mcu.externaltools.gnu-tools-for-stm32.7-2018-q2-update.win32_1.0.0.201904181610/tools/bin/../lib/gcc/arm-none-eabi/7.3.1/../../../../arm-none-eabi/lib/thumb/v7e-m/fpv4-sp/hard\libc_nano.a
LOAD d:/programmi/stm32cubeide_1.3.0/stm32cubeide/plugins/com.st.stm32cube.ide.mcu.externaltools.gnu-tools-for-stm32.7-2018-q2-update.win32_1.0.0.201904181610/tools/bin/../lib/gcc/arm-none-eabi/7.3.1/../../../../arm-none-eabi/lib/thumb/v7e-m/fpv4-sp/hard\libnosys.a
END GROUP
START GROUP
LOAD d:/programmi/stm32cubeide_1.3.0/stm32cubeide/plugins/com.st.stm32cube.ide.mcu.externaltools.gnu-tools-for-stm32.7-2018-q2-update.win32_1.0.0.201904181610/tools/bin/../lib/gcc/arm-none-eabi/7.3.1/thumb/v7e-m/fpv4-sp/hard\libgcc.a
LOAD d:/programmi/stm32cubeide_1.3.0/stm32cubeide/plugins/com.st.stm32cube.ide.mcu.externaltools.gnu-tools-for-stm32.7-2018-q2-update.win32_1.0.0.201904181610/tools/bin/../lib/gcc/arm-none-eabi/7.3.1/../../../../arm-none-eabi/lib/thumb/v7e-m/fpv4-sp/hard\libc_nano.a
LOAD d:/programmi/stm32cubeide_1.3.0/stm32cubeide/plugins/com.st.stm32cube.ide.mcu.externaltools.gnu-tools-for-stm32.7-2018-q2-update.win32_1.0.0.201904181610/tools/bin/../lib/gcc/arm-none-eabi/7.3.1/../../../../arm-none-eabi/lib/thumb/v7e-m/fpv4-sp/hard\libnosys.a
END GROUP
LOAD d:/programmi/stm32cubeide_1.3.0/stm32cubeide/plugins/com.st.stm32cube.ide.mcu.externaltools.gnu-tools-for-stm32.7-2018-q2-update.win32_1.0.0.201904181610/tools/bin/../lib/gcc/arm-none-eabi/7.3.1/thumb/v7e-m/fpv4-sp/hard/crtend.o
LOAD d:/programmi/stm32cubeide_1.3.0/stm32cubeide/plugins/com.st.stm32cube.ide.mcu.externaltools.gnu-tools-for-stm32.7-2018-q2-update.win32_1.0.0.201904181610/tools/bin/../lib/gcc/arm-none-eabi/7.3.1/thumb/v7e-m/fpv4-sp/hard/crtn.o
                0x0000000020018000                _estack = (ORIGIN (RAM) + LENGTH (RAM))
                0x0000000000000200                _Min_Heap_Size = 0x200
                0x0000000000000400                _Min_Stack_Size = 0x400

.isr_vector     0x0000000008000000      0x194
                0x0000000008000000                . = ALIGN (0x4)
 *(.isr_vector)
 .isr_vector    0x0000000008000000      0x194 Core/Startup/startup_stm32f401retx.o
                0x0000000008000000                g_pfnVectors
                0x0000000008000194                . = ALIGN (0x4)

.text           0x00000000080001a0     0x6768
                0x00000000080001a0                . = ALIGN (0x4)
 *(.text)
 .text          0x00000000080001a0       0x40 d:/programmi/stm32cubeide_1.3.0/stm32cubeide/plugins/com.st.stm32cube.ide.mcu.externaltools.gnu-tools-for-stm32.7-2018-q2-update.win32_1.0.0.201904181610/tools/bin/../lib/gcc/arm-none-eabi/7.3.1/thumb/v7e-m/fpv4-sp/hard/crtbegin.o
 .text          0x00000000080001e0       0x14 d:/programmi/stm32cubeide_1.3.0/stm32cubeide/plugins/com.st.stm32cube.ide.mcu.externaltools.gnu-tools-for-stm32.7-2018-q2-update.win32_1.0.0.201904181610/tools/bin/../lib/gcc/arm-none-eabi/7.3.1/../../../../arm-none-eabi/lib/thumb/v7e-m/fpv4-sp/hard\libc_nano.a(lib_a-strcmp.o)
                0x00000000080001e0                strcmp
 .text          0x00000000080001f4       0x10 d:/programmi/stm32cubeide_1.3.0/stm32cubeide/plugins/com.st.stm32cube.ide.mcu.externaltools.gnu-tools-for-stm32.7-2018-q2-update.win32_1.0.0.201904181610/tools/bin/../lib/gcc/arm-none-eabi/7.3.1/../../../../arm-none-eabi/lib/thumb/v7e-m/fpv4-sp/hard\libc_nano.a(lib_a-strlen.o)
                0x00000000080001f4                strlen
 *fill*         0x0000000008000204        0xc 
 .text          0x0000000008000210       0xa0 d:/programmi/stm32cubeide_1.3.0/stm32cubeide/plugins/com.st.stm32cube.ide.mcu.externaltools.gnu-tools-for-stm32.7-2018-q2-update.win32_1.0.0.201904181610/tools/bin/../lib/gcc/arm-none-eabi/7.3.1/../../../../arm-none-eabi/lib/thumb/v7e-m/fpv4-sp/hard\libc_nano.a(lib_a-memchr.o)
                0x0000000008000210                memchr
 .text          0x00000000080002b0      0x378 d:/programmi/stm32cubeide_1.3.0/stm32cubeide/plugins/com.st.stm32cube.ide.mcu.externaltools.gnu-tools-for-stm32.7-2018-q2-update.win32_1.0.0.201904181610/tools/bin/../lib/gcc/arm-none-eabi/7.3.1/thumb/v7e-m/fpv4-sp/hard\libgcc.a(_arm_addsubdf3.o)
                0x00000000080002b0                __aeabi_drsub
                0x00000000080002b8                __aeabi_dsub
                0x00000000080002b8                __subdf3
                0x00000000080002bc                __aeabi_dadd
                0x00000000080002bc                __adddf3
                0x0000000008000534                __floatunsidf
                0x0000000008000534                __aeabi_ui2d
                0x0000000008000554                __floatsidf
                0x0000000008000554                __aeabi_i2d
                0x0000000008000578                __aeabi_f2d
                0x0000000008000578                __extendsfdf2
                0x00000000080005bc                __floatundidf
                0x00000000080005bc                __aeabi_ul2d
                0x00000000080005cc                __floatdidf
                0x00000000080005cc                __aeabi_l2d
 .text          0x0000000008000628      0x424 d:/programmi/stm32cubeide_1.3.0/stm32cubeide/plugins/com.st.stm32cube.ide.mcu.externaltools.gnu-tools-for-stm32.7-2018-q2-update.win32_1.0.0.201904181610/tools/bin/../lib/gcc/arm-none-eabi/7.3.1/thumb/v7e-m/fpv4-sp/hard\libgcc.a(_arm_muldivdf3.o)
                0x0000000008000628                __aeabi_dmul
                0x0000000008000628                __muldf3
                0x000000000800087c                __divdf3
                0x000000000800087c                __aeabi_ddiv
 .text          0x0000000008000a4c      0x110 d:/programmi/stm32cubeide_1.3.0/stm32cubeide/plugins/com.st.stm32cube.ide.mcu.externaltools.gnu-tools-for-stm32.7-2018-q2-update.win32_1.0.0.201904181610/tools/bin/../lib/gcc/arm-none-eabi/7.3.1/thumb/v7e-m/fpv4-sp/hard\libgcc.a(_arm_cmpdf2.o)
                0x0000000008000a4c                __gtdf2
                0x0000000008000a4c                __gedf2
                0x0000000008000a54                __ltdf2
                0x0000000008000a54                __ledf2
                0x0000000008000a5c                __nedf2
                0x0000000008000a5c                __eqdf2
                0x0000000008000a5c                __cmpdf2
                0x0000000008000ad8                __aeabi_cdrcmple
                0x0000000008000ae8                __aeabi_cdcmpeq
                0x0000000008000ae8                __aeabi_cdcmple
                0x0000000008000af8                __aeabi_dcmpeq
                0x0000000008000b0c                __aeabi_dcmplt
                0x0000000008000b20                __aeabi_dcmple
                0x0000000008000b34                __aeabi_dcmpge
                0x0000000008000b48                __aeabi_dcmpgt
 .text          0x0000000008000b5c       0x2c d:/programmi/stm32cubeide_1.3.0/stm32cubeide/plugins/com.st.stm32cube.ide.mcu.externaltools.gnu-tools-for-stm32.7-2018-q2-update.win32_1.0.0.201904181610/tools/bin/../lib/gcc/arm-none-eabi/7.3.1/thumb/v7e-m/fpv4-sp/hard\libgcc.a(_arm_unorddf2.o)
                0x0000000008000b5c                __unorddf2
                0x0000000008000b5c                __aeabi_dcmpun
 .text          0x0000000008000b88       0xa0 d:/programmi/stm32cubeide_1.3.0/stm32cubeide/plugins/com.st.stm32cube.ide.mcu.externaltools.gnu-tools-for-stm32.7-2018-q2-update.win32_1.0.0.201904181610/tools/bin/../lib/gcc/arm-none-eabi/7.3.1/thumb/v7e-m/fpv4-sp/hard\libgcc.a(_arm_truncdfsf2.o)
                0x0000000008000b88                __truncdfsf2
                0x0000000008000b88                __aeabi_d2f
 .text          0x0000000008000c28       0x30 d:/programmi/stm32cubeide_1.3.0/stm32cubeide/plugins/com.st.stm32cube.ide.mcu.externaltools.gnu-tools-for-stm32.7-2018-q2-update.win32_1.0.0.201904181610/tools/bin/../lib/gcc/arm-none-eabi/7.3.1/thumb/v7e-m/fpv4-sp/hard\libgcc.a(_aeabi_uldivmod.o)
                0x0000000008000c28                __aeabi_uldivmod
 .text          0x0000000008000c58      0x2cc d:/programmi/stm32cubeide_1.3.0/stm32cubeide/plugins/com.st.stm32cube.ide.mcu.externaltools.gnu-tools-for-stm32.7-2018-q2-update.win32_1.0.0.201904181610/tools/bin/../lib/gcc/arm-none-eabi/7.3.1/thumb/v7e-m/fpv4-sp/hard\libgcc.a(_udivmoddi4.o)
                0x0000000008000c58                __udivmoddi4
 .text          0x0000000008000f24        0x4 d:/programmi/stm32cubeide_1.3.0/stm32cubeide/plugins/com.st.stm32cube.ide.mcu.externaltools.gnu-tools-for-stm32.7-2018-q2-update.win32_1.0.0.201904181610/tools/bin/../lib/gcc/arm-none-eabi/7.3.1/thumb/v7e-m/fpv4-sp/hard\libgcc.a(_dvmd_tls.o)
                0x0000000008000f24                __aeabi_idiv0
                0x0000000008000f24                __aeabi_ldiv0
 *(.text*)
 .text.MAX30100_getID
                0x0000000008000f28       0x34 Core/Src/MAX30100.o
                0x0000000008000f28                MAX30100_getID
 .text.MAX30100_setup
                0x0000000008000f5c       0x5c Core/Src/MAX30100.o
                0x0000000008000f5c                MAX30100_setup
 .text.MAX30100_clearFIFO
                0x0000000008000fb8       0x60 Core/Src/MAX30100.o
                0x0000000008000fb8                MAX30100_clearFIFO
 .text.MAX30100_reset
                0x0000000008001018       0x44 Core/Src/MAX30100.o
                0x0000000008001018                MAX30100_reset
 .text.MAX30100_shutdown
                0x000000000800105c       0x44 Core/Src/MAX30100.o
                0x000000000800105c                MAX30100_shutdown
 .text.MAX30100_interrupt_enable
                0x00000000080010a0       0x74 Core/Src/MAX30100.o
                0x00000000080010a0                MAX30100_interrupt_enable
 .text.MAX30100_init
                0x0000000008001114       0x44 Core/Src/MAX30100.o
                0x0000000008001114                MAX30100_init
 .text.MAX30100_read_sensor
                0x0000000008001158       0xe8 Core/Src/MAX30100.o
                0x0000000008001158                MAX30100_read_sensor
 .text.get_rate
                0x0000000008001240       0x40 Core/Src/MAX30100_beat_detector.o
                0x0000000008001240                get_rate
 .text.decrease_threshold
                0x0000000008001280       0xc8 Core/Src/MAX30100_beat_detector.o
                0x0000000008001280                decrease_threshold
 .text.check_for_beat
                0x0000000008001348      0x170 Core/Src/MAX30100_beat_detector.o
                0x0000000008001348                check_for_beat
 .text.add_sample
                0x00000000080014b8        0x4 Core/Src/MAX30100_beat_detector.o
                0x00000000080014b8                add_sample
 .text.dc_removal
                0x00000000080014bc       0x12 Core/Src/MAX30100_filters.o
                0x00000000080014bc                dc_removal
 *fill*         0x00000000080014ce        0x2 
 .text.butterworth_filter
                0x00000000080014d0       0x6c Core/Src/MAX30100_filters.o
                0x00000000080014d0                butterworth_filter
 .text.spo2_reset
                0x000000000800153c       0x10 Core/Src/MAX30100_spo2_calculator.o
                0x000000000800153c                spo2_reset
 .text.spo2_update
                0x000000000800154c       0xf0 Core/Src/MAX30100_spo2_calculator.o
                0x000000000800154c                spo2_update
 .text.configuration_init
                0x000000000800163c       0x44 Core/Src/configuration.o
                0x000000000800163c                configuration_init
 .text.load_conf
                0x0000000008001680       0xa8 Core/Src/configuration.o
                0x0000000008001680                load_conf
 .text.save_conf
                0x0000000008001728       0xa0 Core/Src/configuration.o
                0x0000000008001728                save_conf
 .text.read_conf_from_buffer
                0x00000000080017c8       0x14 Core/Src/configuration.o
                0x00000000080017c8                read_conf_from_buffer
 .text.date_fake_init
                0x00000000080017dc       0x16 Core/Src/datastructure.o
                0x00000000080017dc                date_fake_init
 .text.hr_ox_fake_init
                0x00000000080017f2       0x1a Core/Src/datastructure.o
                0x00000000080017f2                hr_ox_fake_init
 .text.date_fake_increment
                0x000000000800180c       0x3e Core/Src/datastructure.o
                0x000000000800180c                date_fake_increment
 *fill*         0x000000000800184a        0x2 
 .text.MX_DMA_Init
                0x000000000800184c       0x78 Core/Src/dma.o
                0x000000000800184c                MX_DMA_Init
 .text.write_bytes
                0x00000000080018c4       0x46 Core/Src/eeprom_i2c.o
                0x00000000080018c4                write_bytes
 .text.read_bytes
                0x000000000800190a       0x46 Core/Src/eeprom_i2c.o
                0x000000000800190a                read_bytes
 .text.MX_GPIO_Init
                0x0000000008001950       0xbc Core/Src/gpio.o
                0x0000000008001950                MX_GPIO_Init
 .text.MX_I2C1_Init
                0x0000000008001a0c       0x3c Core/Src/i2c.o
                0x0000000008001a0c                MX_I2C1_Init
 .text.MX_I2C2_Init
                0x0000000008001a48       0x3c Core/Src/i2c.o
                0x0000000008001a48                MX_I2C2_Init
 .text.MX_I2C3_Init
                0x0000000008001a84       0x3c Core/Src/i2c.o
                0x0000000008001a84                MX_I2C3_Init
 .text.HAL_I2C_MspInit
                0x0000000008001ac0      0x1c8 Core/Src/i2c.o
                0x0000000008001ac0                HAL_I2C_MspInit
 .text.lcd_send_cmd
                0x0000000008001c88       0x44 Core/Src/lcd.o
                0x0000000008001c88                lcd_send_cmd
 .text.lcd_send_data
                0x0000000008001ccc       0x44 Core/Src/lcd.o
                0x0000000008001ccc                lcd_send_data
 .text.lcd_clear
                0x0000000008001d10       0x16 Core/Src/lcd.o
                0x0000000008001d10                lcd_clear
 .text.lcd_init
                0x0000000008001d26       0x78 Core/Src/lcd.o
                0x0000000008001d26                lcd_init
 .text.lcd_send_string
                0x0000000008001d9e       0x12 Core/Src/lcd.o
                0x0000000008001d9e                lcd_send_string
 .text.lcd_send_status
                0x0000000008001db0       0x44 Core/Src/lcd.o
                0x0000000008001db0                lcd_send_status
 .text.log_transmit
                0x0000000008001df4       0x48 Core/Src/log.o
                0x0000000008001df4                log_transmit
 .text.log_system_boot
                0x0000000008001e3c       0x14 Core/Src/log.o
                0x0000000008001e3c                log_system_boot
 .text.log_system_configuration_loaded
                0x0000000008001e50       0x14 Core/Src/log.o
                0x0000000008001e50                log_system_configuration_loaded
 .text.SystemClock_Config
                0x0000000008001e64       0x80 Core/Src/main.o
                0x0000000008001e64                SystemClock_Config
 .text.startup.main
                0x0000000008001ee4       0xa4 Core/Src/main.o
                0x0000000008001ee4                main
 .text.Error_Handler
                0x0000000008001f88        0x2 Core/Src/main.o
                0x0000000008001f88                Error_Handler
 *fill*         0x0000000008001f8a        0x2 
 .text.send_mqtt
                0x0000000008001f8c       0x88 Core/Src/mqtt_log.o
                0x0000000008001f8c                send_mqtt
 .text.mqtt_get_ack
                0x0000000008002014       0x20 Core/Src/mqtt_log.o
                0x0000000008002014                mqtt_get_ack
 .text.mqtt_check_state
                0x0000000008002034       0x34 Core/Src/mqtt_log.o
                0x0000000008002034                mqtt_check_state
 .text.RingBuffer_Init
                0x0000000008002068       0x14 Core/Src/ring_buffer.o
                0x0000000008002068                RingBuffer_Init
 .text.addByte  0x000000000800207c       0x32 Core/Src/ring_buffer.o
                0x000000000800207c                addByte
 .text.getByte  0x00000000080020ae       0x2c Core/Src/ring_buffer.o
                0x00000000080020ae                getByte
 .text.RingBuffer_Write
                0x00000000080020da       0x30 Core/Src/ring_buffer.o
                0x00000000080020da                RingBuffer_Write
 .text.RingBuffer_Read
                0x000000000800210a       0x2e Core/Src/ring_buffer.o
                0x000000000800210a                RingBuffer_Read
 .text.RingBuffer_GetDataLength
                0x0000000008002138        0x6 Core/Src/ring_buffer.o
                0x0000000008002138                RingBuffer_GetDataLength
 *fill*         0x000000000800213e        0x2 
 .text.HAL_MspInit
                0x0000000008002140       0x38 Core/Src/stm32f4xx_hal_msp.o
                0x0000000008002140                HAL_MspInit
 .text.NMI_Handler
                0x0000000008002178        0x2 Core/Src/stm32f4xx_it.o
                0x0000000008002178                NMI_Handler
 .text.HardFault_Handler
                0x000000000800217a        0x2 Core/Src/stm32f4xx_it.o
                0x000000000800217a                HardFault_Handler
 .text.MemManage_Handler
                0x000000000800217c        0x2 Core/Src/stm32f4xx_it.o
                0x000000000800217c                MemManage_Handler
 .text.BusFault_Handler
                0x000000000800217e        0x2 Core/Src/stm32f4xx_it.o
                0x000000000800217e                BusFault_Handler
 .text.UsageFault_Handler
                0x0000000008002180        0x2 Core/Src/stm32f4xx_it.o
                0x0000000008002180                UsageFault_Handler
 .text.SVC_Handler
                0x0000000008002182        0x2 Core/Src/stm32f4xx_it.o
                0x0000000008002182                SVC_Handler
 .text.DebugMon_Handler
                0x0000000008002184        0x2 Core/Src/stm32f4xx_it.o
                0x0000000008002184                DebugMon_Handler
 .text.PendSV_Handler
                0x0000000008002186        0x2 Core/Src/stm32f4xx_it.o
                0x0000000008002186                PendSV_Handler
 .text.SysTick_Handler
                0x0000000008002188       0x14 Core/Src/stm32f4xx_it.o
                0x0000000008002188                SysTick_Handler
 .text.DMA1_Stream5_IRQHandler
                0x000000000800219c        0xc Core/Src/stm32f4xx_it.o
                0x000000000800219c                DMA1_Stream5_IRQHandler
 .text.DMA1_Stream6_IRQHandler
                0x00000000080021a8        0xc Core/Src/stm32f4xx_it.o
                0x00000000080021a8                DMA1_Stream6_IRQHandler
 .text.TIM1_BRK_TIM9_IRQHandler
                0x00000000080021b4       0x1c Core/Src/stm32f4xx_it.o
                0x00000000080021b4                TIM1_BRK_TIM9_IRQHandler
 .text.TIM1_UP_TIM10_IRQHandler
                0x00000000080021d0       0x1c Core/Src/stm32f4xx_it.o
                0x00000000080021d0                TIM1_UP_TIM10_IRQHandler
 .text.TIM1_TRG_COM_TIM11_IRQHandler
                0x00000000080021ec       0x1c Core/Src/stm32f4xx_it.o
                0x00000000080021ec                TIM1_TRG_COM_TIM11_IRQHandler
 .text.TIM2_IRQHandler
                0x0000000008002208        0xc Core/Src/stm32f4xx_it.o
                0x0000000008002208                TIM2_IRQHandler
 .text.TIM4_IRQHandler
                0x0000000008002214        0xc Core/Src/stm32f4xx_it.o
                0x0000000008002214                TIM4_IRQHandler
 .text.I2C1_EV_IRQHandler
                0x0000000008002220        0xc Core/Src/stm32f4xx_it.o
                0x0000000008002220                I2C1_EV_IRQHandler
 .text.I2C1_ER_IRQHandler
                0x000000000800222c        0xc Core/Src/stm32f4xx_it.o
                0x000000000800222c                I2C1_ER_IRQHandler
 .text.I2C2_EV_IRQHandler
                0x0000000008002238        0xc Core/Src/stm32f4xx_it.o
                0x0000000008002238                I2C2_EV_IRQHandler
 .text.I2C2_ER_IRQHandler
                0x0000000008002244        0xc Core/Src/stm32f4xx_it.o
                0x0000000008002244                I2C2_ER_IRQHandler
 .text.USART1_IRQHandler
                0x0000000008002250        0xc Core/Src/stm32f4xx_it.o
                0x0000000008002250                USART1_IRQHandler
 .text.USART2_IRQHandler
                0x000000000800225c        0xc Core/Src/stm32f4xx_it.o
                0x000000000800225c                USART2_IRQHandler
 .text.EXTI15_10_IRQHandler
                0x0000000008002268        0x8 Core/Src/stm32f4xx_it.o
                0x0000000008002268                EXTI15_10_IRQHandler
 .text.TIM5_IRQHandler
                0x0000000008002270        0xc Core/Src/stm32f4xx_it.o
                0x0000000008002270                TIM5_IRQHandler
 .text.DMA2_Stream2_IRQHandler
                0x000000000800227c        0xc Core/Src/stm32f4xx_it.o
                0x000000000800227c                DMA2_Stream2_IRQHandler
 .text.DMA2_Stream7_IRQHandler
                0x0000000008002288        0xc Core/Src/stm32f4xx_it.o
                0x0000000008002288                DMA2_Stream7_IRQHandler
 .text.I2C3_EV_IRQHandler
                0x0000000008002294        0xc Core/Src/stm32f4xx_it.o
                0x0000000008002294                I2C3_EV_IRQHandler
 .text.I2C3_ER_IRQHandler
                0x00000000080022a0        0xc Core/Src/stm32f4xx_it.o
                0x00000000080022a0                I2C3_ER_IRQHandler
 .text.HAL_TIM_PeriodElapsedCallback
                0x00000000080022ac       0xdc Core/Src/stm32f4xx_it.o
                0x00000000080022ac                HAL_TIM_PeriodElapsedCallback
 .text.HAL_UART_RxCpltCallback
                0x0000000008002388       0xe0 Core/Src/stm32f4xx_it.o
                0x0000000008002388                HAL_UART_RxCpltCallback
 .text.HAL_UART_TxCpltCallback
                0x0000000008002468       0x14 Core/Src/stm32f4xx_it.o
                0x0000000008002468                HAL_UART_TxCpltCallback
 .text.millis   0x000000000800247c        0xc Core/Src/stm32f4xx_it.o
                0x000000000800247c                millis
 .text.HAL_GPIO_EXTI_Callback
                0x0000000008002488       0x40 Core/Src/stm32f4xx_it.o
                0x0000000008002488                HAL_GPIO_EXTI_Callback
 .text._sbrk    0x00000000080024c8       0x34 Core/Src/sysmem.o
                0x00000000080024c8                _sbrk
 .text.SystemInit
                0x00000000080024fc       0x1c Core/Src/system_stm32f4xx.o
                0x00000000080024fc                SystemInit
 .text.MX_TIM1_Init
                0x0000000008002518       0x78 Core/Src/tim.o
                0x0000000008002518                MX_TIM1_Init
 .text.MX_TIM4_Init
                0x0000000008002590       0x74 Core/Src/tim.o
                0x0000000008002590                MX_TIM4_Init
 .text.MX_TIM5_Init
                0x0000000008002604       0x74 Core/Src/tim.o
                0x0000000008002604                MX_TIM5_Init
 .text.MX_TIM9_Init
                0x0000000008002678       0x3c Core/Src/tim.o
                0x0000000008002678                MX_TIM9_Init
 .text.MX_TIM10_Init
                0x00000000080026b4       0x3c Core/Src/tim.o
                0x00000000080026b4                MX_TIM10_Init
 .text.MX_TIM11_Init
                0x00000000080026f0       0x3c Core/Src/tim.o
                0x00000000080026f0                MX_TIM11_Init
 .text.HAL_TIM_Base_MspInit
                0x000000000800272c      0x140 Core/Src/tim.o
                0x000000000800272c                HAL_TIM_Base_MspInit
 .text.HAL_TIM_OnePulse_MspInit
                0x000000000800286c       0x44 Core/Src/tim.o
                0x000000000800286c                HAL_TIM_OnePulse_MspInit
 .text.HAL_TIM_MspPostInit
                0x00000000080028b0       0x50 Core/Src/tim.o
                0x00000000080028b0                HAL_TIM_MspPostInit
 .text.MX_TIM2_Init
                0x0000000008002900       0xa0 Core/Src/tim.o
                0x0000000008002900                MX_TIM2_Init
 .text.MX_USART1_UART_Init
                0x00000000080029a0       0x38 Core/Src/usart.o
                0x00000000080029a0                MX_USART1_UART_Init
 .text.MX_USART2_UART_Init
                0x00000000080029d8       0x38 Core/Src/usart.o
                0x00000000080029d8                MX_USART2_UART_Init
 .text.HAL_UART_MspInit
                0x0000000008002a10      0x1cc Core/Src/usart.o
                0x0000000008002a10                HAL_UART_MspInit
 .text.Reset_Handler
                0x0000000008002bdc       0x50 Core/Startup/startup_stm32f401retx.o
                0x0000000008002bdc                Reset_Handler
 .text.Default_Handler
                0x0000000008002c2c        0x2 Core/Startup/startup_stm32f401retx.o
                0x0000000008002c2c                RTC_Alarm_IRQHandler
                0x0000000008002c2c                EXTI2_IRQHandler
                0x0000000008002c2c                SPI4_IRQHandler
                0x0000000008002c2c                TIM1_CC_IRQHandler
                0x0000000008002c2c                DMA2_Stream5_IRQHandler
                0x0000000008002c2c                PVD_IRQHandler
                0x0000000008002c2c                SDIO_IRQHandler
                0x0000000008002c2c                TAMP_STAMP_IRQHandler
                0x0000000008002c2c                EXTI3_IRQHandler
                0x0000000008002c2c                EXTI0_IRQHandler
                0x0000000008002c2c                DMA1_Stream2_IRQHandler
                0x0000000008002c2c                FPU_IRQHandler
                0x0000000008002c2c                SPI1_IRQHandler
                0x0000000008002c2c                DMA2_Stream3_IRQHandler
                0x0000000008002c2c                USART6_IRQHandler
                0x0000000008002c2c                DMA2_Stream0_IRQHandler
                0x0000000008002c2c                DMA1_Stream1_IRQHandler
                0x0000000008002c2c                TIM3_IRQHandler
                0x0000000008002c2c                RCC_IRQHandler
                0x0000000008002c2c                Default_Handler
                0x0000000008002c2c                ADC_IRQHandler
                0x0000000008002c2c                DMA1_Stream7_IRQHandler
                0x0000000008002c2c                EXTI9_5_IRQHandler
                0x0000000008002c2c                RTC_WKUP_IRQHandler
                0x0000000008002c2c                SPI2_IRQHandler
                0x0000000008002c2c                DMA1_Stream0_IRQHandler
                0x0000000008002c2c                EXTI4_IRQHandler
                0x0000000008002c2c                WWDG_IRQHandler
                0x0000000008002c2c                OTG_FS_WKUP_IRQHandler
                0x0000000008002c2c                EXTI1_IRQHandler
                0x0000000008002c2c                DMA2_Stream1_IRQHandler
                0x0000000008002c2c                FLASH_IRQHandler
                0x0000000008002c2c                DMA2_Stream4_IRQHandler
                0x0000000008002c2c                OTG_FS_IRQHandler
                0x0000000008002c2c                SPI3_IRQHandler
                0x0000000008002c2c                DMA1_Stream4_IRQHandler
                0x0000000008002c2c                DMA2_Stream6_IRQHandler
                0x0000000008002c2c                DMA1_Stream3_IRQHandler
 *fill*         0x0000000008002c2e        0x2 
 .text.HAL_InitTick
                0x0000000008002c30       0x48 Drivers/STM32F4xx_HAL_Driver/Src/stm32f4xx_hal.o
                0x0000000008002c30                HAL_InitTick
 .text.HAL_Init
                0x0000000008002c78       0x34 Drivers/STM32F4xx_HAL_Driver/Src/stm32f4xx_hal.o
                0x0000000008002c78                HAL_Init
 .text.HAL_IncTick
                0x0000000008002cac       0x18 Drivers/STM32F4xx_HAL_Driver/Src/stm32f4xx_hal.o
                0x0000000008002cac                HAL_IncTick
 .text.HAL_GetTick
                0x0000000008002cc4        0xc Drivers/STM32F4xx_HAL_Driver/Src/stm32f4xx_hal.o
                0x0000000008002cc4                HAL_GetTick
 .text.HAL_Delay
                0x0000000008002cd0       0x28 Drivers/STM32F4xx_HAL_Driver/Src/stm32f4xx_hal.o
                0x0000000008002cd0                HAL_Delay
 .text.HAL_NVIC_SetPriorityGrouping
                0x0000000008002cf8       0x24 Drivers/STM32F4xx_HAL_Driver/Src/stm32f4xx_hal_cortex.o
                0x0000000008002cf8                HAL_NVIC_SetPriorityGrouping
 .text.HAL_NVIC_SetPriority
                0x0000000008002d1c       0x68 Drivers/STM32F4xx_HAL_Driver/Src/stm32f4xx_hal_cortex.o
                0x0000000008002d1c                HAL_NVIC_SetPriority
 .text.HAL_NVIC_EnableIRQ
                0x0000000008002d84       0x1c Drivers/STM32F4xx_HAL_Driver/Src/stm32f4xx_hal_cortex.o
                0x0000000008002d84                HAL_NVIC_EnableIRQ
 .text.HAL_SYSTICK_Config
                0x0000000008002da0       0x2c Drivers/STM32F4xx_HAL_Driver/Src/stm32f4xx_hal_cortex.o
                0x0000000008002da0                HAL_SYSTICK_Config
 .text.DMA_CalcBaseAndBitshift
                0x0000000008002dcc       0x2c Drivers/STM32F4xx_HAL_Driver/Src/stm32f4xx_hal_dma.o
 .text.HAL_DMA_Init
                0x0000000008002df8       0xfc Drivers/STM32F4xx_HAL_Driver/Src/stm32f4xx_hal_dma.o
                0x0000000008002df8                HAL_DMA_Init
 .text.HAL_DMA_Start_IT
                0x0000000008002ef4       0x74 Drivers/STM32F4xx_HAL_Driver/Src/stm32f4xx_hal_dma.o
                0x0000000008002ef4                HAL_DMA_Start_IT
 .text.HAL_DMA_Abort_IT
                0x0000000008002f68       0x24 Drivers/STM32F4xx_HAL_Driver/Src/stm32f4xx_hal_dma.o
                0x0000000008002f68                HAL_DMA_Abort_IT
 .text.HAL_DMA_IRQHandler
                0x0000000008002f8c      0x17c Drivers/STM32F4xx_HAL_Driver/Src/stm32f4xx_hal_dma.o
                0x0000000008002f8c                HAL_DMA_IRQHandler
 .text.HAL_DMA_GetState
                0x0000000008003108        0x6 Drivers/STM32F4xx_HAL_Driver/Src/stm32f4xx_hal_dma.o
                0x0000000008003108                HAL_DMA_GetState
 *fill*         0x000000000800310e        0x2 
 .text.HAL_GPIO_Init
                0x0000000008003110      0x19c Drivers/STM32F4xx_HAL_Driver/Src/stm32f4xx_hal_gpio.o
                0x0000000008003110                HAL_GPIO_Init
 .text.HAL_GPIO_ReadPin
                0x00000000080032ac        0xc Drivers/STM32F4xx_HAL_Driver/Src/stm32f4xx_hal_gpio.o
                0x00000000080032ac                HAL_GPIO_ReadPin
 .text.HAL_GPIO_WritePin
                0x00000000080032b8        0xa Drivers/STM32F4xx_HAL_Driver/Src/stm32f4xx_hal_gpio.o
                0x00000000080032b8                HAL_GPIO_WritePin
 .text.HAL_GPIO_TogglePin
                0x00000000080032c2        0xe Drivers/STM32F4xx_HAL_Driver/Src/stm32f4xx_hal_gpio.o
                0x00000000080032c2                HAL_GPIO_TogglePin
 .text.HAL_GPIO_EXTI_IRQHandler
                0x00000000080032d0       0x18 Drivers/STM32F4xx_HAL_Driver/Src/stm32f4xx_hal_gpio.o
                0x00000000080032d0                HAL_GPIO_EXTI_IRQHandler
 .text.I2C_IsAcknowledgeFailed
                0x00000000080032e8       0x34 Drivers/STM32F4xx_HAL_Driver/Src/stm32f4xx_hal_i2c.o
 .text.I2C_WaitOnMasterAddressFlagUntilTimeout
                0x000000000800331c       0x74 Drivers/STM32F4xx_HAL_Driver/Src/stm32f4xx_hal_i2c.o
 .text.I2C_MemoryTransmit_TXE_BTF
                0x0000000008003390       0x6c Drivers/STM32F4xx_HAL_Driver/Src/stm32f4xx_hal_i2c.o
 .text.I2C_WaitOnBTFFlagUntilTimeout
                0x00000000080033fc       0x4c Drivers/STM32F4xx_HAL_Driver/Src/stm32f4xx_hal_i2c.o
 .text.I2C_WaitOnRXNEFlagUntilTimeout
                0x0000000008003448       0x5e Drivers/STM32F4xx_HAL_Driver/Src/stm32f4xx_hal_i2c.o
 .text.I2C_WaitOnFlagUntilTimeout
                0x00000000080034a6       0x62 Drivers/STM32F4xx_HAL_Driver/Src/stm32f4xx_hal_i2c.o
 .text.I2C_WaitOnTXEFlagUntilTimeout
                0x0000000008003508       0x4c Drivers/STM32F4xx_HAL_Driver/Src/stm32f4xx_hal_i2c.o
 .text.I2C_RequestMemoryWrite
                0x0000000008003554       0xac Drivers/STM32F4xx_HAL_Driver/Src/stm32f4xx_hal_i2c.o
 .text.I2C_RequestMemoryRead
                0x0000000008003600       0xfc Drivers/STM32F4xx_HAL_Driver/Src/stm32f4xx_hal_i2c.o
 .text.HAL_I2C_Init
                0x00000000080036fc      0x158 Drivers/STM32F4xx_HAL_Driver/Src/stm32f4xx_hal_i2c.o
                0x00000000080036fc                HAL_I2C_Init
 .text.HAL_I2C_Master_Transmit
                0x0000000008003854      0x1a8 Drivers/STM32F4xx_HAL_Driver/Src/stm32f4xx_hal_i2c.o
                0x0000000008003854                HAL_I2C_Master_Transmit
 .text.HAL_I2C_Mem_Write
                0x00000000080039fc      0x120 Drivers/STM32F4xx_HAL_Driver/Src/stm32f4xx_hal_i2c.o
                0x00000000080039fc                HAL_I2C_Mem_Write
 .text.HAL_I2C_Mem_Read
                0x0000000008003b1c      0x218 Drivers/STM32F4xx_HAL_Driver/Src/stm32f4xx_hal_i2c.o
                0x0000000008003b1c                HAL_I2C_Mem_Read
 .text.HAL_I2C_IsDeviceReady
                0x0000000008003d34      0x160 Drivers/STM32F4xx_HAL_Driver/Src/stm32f4xx_hal_i2c.o
                0x0000000008003d34                HAL_I2C_IsDeviceReady
 .text.HAL_I2C_MasterTxCpltCallback
                0x0000000008003e94        0x2 Drivers/STM32F4xx_HAL_Driver/Src/stm32f4xx_hal_i2c.o
                0x0000000008003e94                HAL_I2C_MasterTxCpltCallback
 .text.HAL_I2C_MasterRxCpltCallback
                0x0000000008003e96        0x2 Drivers/STM32F4xx_HAL_Driver/Src/stm32f4xx_hal_i2c.o
                0x0000000008003e96                HAL_I2C_MasterRxCpltCallback
 .text.HAL_I2C_SlaveTxCpltCallback
                0x0000000008003e98        0x2 Drivers/STM32F4xx_HAL_Driver/Src/stm32f4xx_hal_i2c.o
                0x0000000008003e98                HAL_I2C_SlaveTxCpltCallback
 .text.HAL_I2C_SlaveRxCpltCallback
                0x0000000008003e9a        0x2 Drivers/STM32F4xx_HAL_Driver/Src/stm32f4xx_hal_i2c.o
                0x0000000008003e9a                HAL_I2C_SlaveRxCpltCallback
 .text.HAL_I2C_AddrCallback
                0x0000000008003e9c        0x2 Drivers/STM32F4xx_HAL_Driver/Src/stm32f4xx_hal_i2c.o
                0x0000000008003e9c                HAL_I2C_AddrCallback
 .text.HAL_I2C_ListenCpltCallback
                0x0000000008003e9e        0x2 Drivers/STM32F4xx_HAL_Driver/Src/stm32f4xx_hal_i2c.o
                0x0000000008003e9e                HAL_I2C_ListenCpltCallback
 .text.HAL_I2C_MemTxCpltCallback
                0x0000000008003ea0        0x2 Drivers/STM32F4xx_HAL_Driver/Src/stm32f4xx_hal_i2c.o
                0x0000000008003ea0                HAL_I2C_MemTxCpltCallback
 .text.HAL_I2C_MemRxCpltCallback
                0x0000000008003ea2        0x2 Drivers/STM32F4xx_HAL_Driver/Src/stm32f4xx_hal_i2c.o
                0x0000000008003ea2                HAL_I2C_MemRxCpltCallback
 .text.HAL_I2C_ErrorCallback
                0x0000000008003ea4        0x2 Drivers/STM32F4xx_HAL_Driver/Src/stm32f4xx_hal_i2c.o
                0x0000000008003ea4                HAL_I2C_ErrorCallback
 .text.HAL_I2C_AbortCpltCallback
                0x0000000008003ea6        0x2 Drivers/STM32F4xx_HAL_Driver/Src/stm32f4xx_hal_i2c.o
                0x0000000008003ea6                HAL_I2C_AbortCpltCallback
 .text.I2C_DMAAbort
                0x0000000008003ea8       0x88 Drivers/STM32F4xx_HAL_Driver/Src/stm32f4xx_hal_i2c.o
 .text.I2C_ITError
                0x0000000008003f30      0x148 Drivers/STM32F4xx_HAL_Driver/Src/stm32f4xx_hal_i2c.o
 .text.HAL_I2C_EV_IRQHandler
                0x0000000008004078      0x814 Drivers/STM32F4xx_HAL_Driver/Src/stm32f4xx_hal_i2c.o
                0x0000000008004078                HAL_I2C_EV_IRQHandler
 .text.HAL_I2C_ER_IRQHandler
                0x000000000800488c      0x130 Drivers/STM32F4xx_HAL_Driver/Src/stm32f4xx_hal_i2c.o
                0x000000000800488c                HAL_I2C_ER_IRQHandler
 .text.HAL_RCC_OscConfig
                0x00000000080049bc      0x34c Drivers/STM32F4xx_HAL_Driver/Src/stm32f4xx_hal_rcc.o
                0x00000000080049bc                HAL_RCC_OscConfig
 .text.HAL_RCC_GetSysClockFreq
                0x0000000008004d08       0x5c Drivers/STM32F4xx_HAL_Driver/Src/stm32f4xx_hal_rcc.o
                0x0000000008004d08                HAL_RCC_GetSysClockFreq
 .text.HAL_RCC_ClockConfig
                0x0000000008004d64      0x134 Drivers/STM32F4xx_HAL_Driver/Src/stm32f4xx_hal_rcc.o
                0x0000000008004d64                HAL_RCC_ClockConfig
 .text.HAL_RCC_GetPCLK1Freq
                0x0000000008004e98       0x20 Drivers/STM32F4xx_HAL_Driver/Src/stm32f4xx_hal_rcc.o
                0x0000000008004e98                HAL_RCC_GetPCLK1Freq
 .text.HAL_RCC_GetPCLK2Freq
                0x0000000008004eb8       0x20 Drivers/STM32F4xx_HAL_Driver/Src/stm32f4xx_hal_rcc.o
                0x0000000008004eb8                HAL_RCC_GetPCLK2Freq
 .text.TIM_OC1_SetConfig
                0x0000000008004ed8       0x50 Drivers/STM32F4xx_HAL_Driver/Src/stm32f4xx_hal_tim.o
 .text.TIM_OC3_SetConfig
                0x0000000008004f28       0x54 Drivers/STM32F4xx_HAL_Driver/Src/stm32f4xx_hal_tim.o
 .text.TIM_OC4_SetConfig
                0x0000000008004f7c       0x44 Drivers/STM32F4xx_HAL_Driver/Src/stm32f4xx_hal_tim.o
 .text.HAL_TIM_Base_Start_IT
                0x0000000008004fc0       0x20 Drivers/STM32F4xx_HAL_Driver/Src/stm32f4xx_hal_tim.o
                0x0000000008004fc0                HAL_TIM_Base_Start_IT
 .text.HAL_TIM_Base_Stop_IT
                0x0000000008004fe0       0x2a Drivers/STM32F4xx_HAL_Driver/Src/stm32f4xx_hal_tim.o
                0x0000000008004fe0                HAL_TIM_Base_Stop_IT
 .text.HAL_TIM_PWM_MspInit
                0x000000000800500a        0x2 Drivers/STM32F4xx_HAL_Driver/Src/stm32f4xx_hal_tim.o
                0x000000000800500a                HAL_TIM_PWM_MspInit
 .text.HAL_TIM_OC_DelayElapsedCallback
                0x000000000800500c        0x2 Drivers/STM32F4xx_HAL_Driver/Src/stm32f4xx_hal_tim.o
                0x000000000800500c                HAL_TIM_OC_DelayElapsedCallback
 .text.HAL_TIM_IC_CaptureCallback
                0x000000000800500e        0x2 Drivers/STM32F4xx_HAL_Driver/Src/stm32f4xx_hal_tim.o
                0x000000000800500e                HAL_TIM_IC_CaptureCallback
 .text.HAL_TIM_PWM_PulseFinishedCallback
                0x0000000008005010        0x2 Drivers/STM32F4xx_HAL_Driver/Src/stm32f4xx_hal_tim.o
                0x0000000008005010                HAL_TIM_PWM_PulseFinishedCallback
 .text.HAL_TIM_TriggerCallback
                0x0000000008005012        0x2 Drivers/STM32F4xx_HAL_Driver/Src/stm32f4xx_hal_tim.o
                0x0000000008005012                HAL_TIM_TriggerCallback
 .text.HAL_TIM_IRQHandler
                0x0000000008005014      0x144 Drivers/STM32F4xx_HAL_Driver/Src/stm32f4xx_hal_tim.o
                0x0000000008005014                HAL_TIM_IRQHandler
 .text.TIM_Base_SetConfig
                0x0000000008005158       0x9c Drivers/STM32F4xx_HAL_Driver/Src/stm32f4xx_hal_tim.o
                0x0000000008005158                TIM_Base_SetConfig
 .text.HAL_TIM_Base_Init
                0x00000000080051f4       0x34 Drivers/STM32F4xx_HAL_Driver/Src/stm32f4xx_hal_tim.o
                0x00000000080051f4                HAL_TIM_Base_Init
 .text.HAL_TIM_PWM_Init
                0x0000000008005228       0x34 Drivers/STM32F4xx_HAL_Driver/Src/stm32f4xx_hal_tim.o
                0x0000000008005228                HAL_TIM_PWM_Init
 .text.HAL_TIM_OnePulse_Init
                0x000000000800525c       0x46 Drivers/STM32F4xx_HAL_Driver/Src/stm32f4xx_hal_tim.o
                0x000000000800525c                HAL_TIM_OnePulse_Init
 *fill*         0x00000000080052a2        0x2 
 .text.TIM_OC2_SetConfig
                0x00000000080052a4       0x58 Drivers/STM32F4xx_HAL_Driver/Src/stm32f4xx_hal_tim.o
                0x00000000080052a4                TIM_OC2_SetConfig
 .text.HAL_TIM_PWM_ConfigChannel
                0x00000000080052fc       0xc4 Drivers/STM32F4xx_HAL_Driver/Src/stm32f4xx_hal_tim.o
                0x00000000080052fc                HAL_TIM_PWM_ConfigChannel
 .text.TIM_ETR_SetConfig
                0x00000000080053c0       0x14 Drivers/STM32F4xx_HAL_Driver/Src/stm32f4xx_hal_tim.o
                0x00000000080053c0                TIM_ETR_SetConfig
 .text.HAL_TIM_ConfigClockSource
                0x00000000080053d4      0x128 Drivers/STM32F4xx_HAL_Driver/Src/stm32f4xx_hal_tim.o
                0x00000000080053d4                HAL_TIM_ConfigClockSource
 .text.HAL_TIMEx_MasterConfigSynchronization
                0x00000000080054fc       0x74 Drivers/STM32F4xx_HAL_Driver/Src/stm32f4xx_hal_tim_ex.o
                0x00000000080054fc                HAL_TIMEx_MasterConfigSynchronization
 .text.HAL_TIMEx_CommutCallback
                0x0000000008005570        0x2 Drivers/STM32F4xx_HAL_Driver/Src/stm32f4xx_hal_tim_ex.o
                0x0000000008005570                HAL_TIMEx_CommutCallback
 .text.HAL_TIMEx_BreakCallback
                0x0000000008005572        0x2 Drivers/STM32F4xx_HAL_Driver/Src/stm32f4xx_hal_tim_ex.o
                0x0000000008005572                HAL_TIMEx_BreakCallback
 .text.UART_EndRxTransfer
                0x0000000008005574       0x1a Drivers/STM32F4xx_HAL_Driver/Src/stm32f4xx_hal_uart.o
 *fill*         0x000000000800558e        0x2 
 .text.UART_SetConfig
                0x0000000008005590       0xe0 Drivers/STM32F4xx_HAL_Driver/Src/stm32f4xx_hal_uart.o
 .text.HAL_UART_Init
                0x0000000008005670       0x5c Drivers/STM32F4xx_HAL_Driver/Src/stm32f4xx_hal_uart.o
                0x0000000008005670                HAL_UART_Init
 .text.HAL_UART_Transmit_DMA
                0x00000000080056cc       0x74 Drivers/STM32F4xx_HAL_Driver/Src/stm32f4xx_hal_uart.o
                0x00000000080056cc                HAL_UART_Transmit_DMA
 .text.HAL_UART_Receive_DMA
                0x0000000008005740       0x90 Drivers/STM32F4xx_HAL_Driver/Src/stm32f4xx_hal_uart.o
                0x0000000008005740                HAL_UART_Receive_DMA
 .text.UART_DMATransmitCplt
                0x00000000080057d0       0x2c Drivers/STM32F4xx_HAL_Driver/Src/stm32f4xx_hal_uart.o
 .text.HAL_UART_TxHalfCpltCallback
                0x00000000080057fc        0x2 Drivers/STM32F4xx_HAL_Driver/Src/stm32f4xx_hal_uart.o
                0x00000000080057fc                HAL_UART_TxHalfCpltCallback
 .text.UART_DMATxHalfCplt
                0x00000000080057fe        0xa Drivers/STM32F4xx_HAL_Driver/Src/stm32f4xx_hal_uart.o
 .text.UART_DMAReceiveCplt
                0x0000000008005808       0x38 Drivers/STM32F4xx_HAL_Driver/Src/stm32f4xx_hal_uart.o
 .text.UART_Receive_IT
                0x0000000008005840       0x76 Drivers/STM32F4xx_HAL_Driver/Src/stm32f4xx_hal_uart.o
 .text.HAL_UART_RxHalfCpltCallback
                0x00000000080058b6        0x2 Drivers/STM32F4xx_HAL_Driver/Src/stm32f4xx_hal_uart.o
                0x00000000080058b6                HAL_UART_RxHalfCpltCallback
 .text.UART_DMARxHalfCplt
                0x00000000080058b8        0xa Drivers/STM32F4xx_HAL_Driver/Src/stm32f4xx_hal_uart.o
 .text.HAL_UART_ErrorCallback
                0x00000000080058c2        0x2 Drivers/STM32F4xx_HAL_Driver/Src/stm32f4xx_hal_uart.o
                0x00000000080058c2                HAL_UART_ErrorCallback
 .text.UART_DMAError
                0x00000000080058c4       0x4e Drivers/STM32F4xx_HAL_Driver/Src/stm32f4xx_hal_uart.o
 *fill*         0x0000000008005912        0x2 
 .text.HAL_UART_IRQHandler
                0x0000000008005914      0x144 Drivers/STM32F4xx_HAL_Driver/Src/stm32f4xx_hal_uart.o
                0x0000000008005914                HAL_UART_IRQHandler
 .text.UART_DMAAbortOnError
                0x0000000008005a58       0x10 Drivers/STM32F4xx_HAL_Driver/Src/stm32f4xx_hal_uart.o
 .text.atoi     0x0000000008005a68        0x8 d:/programmi/stm32cubeide_1.3.0/stm32cubeide/plugins/com.st.stm32cube.ide.mcu.externaltools.gnu-tools-for-stm32.7-2018-q2-update.win32_1.0.0.201904181610/tools/bin/../lib/gcc/arm-none-eabi/7.3.1/../../../../arm-none-eabi/lib/thumb/v7e-m/fpv4-sp/hard\libc_nano.a(lib_a-atoi.o)
                0x0000000008005a68                atoi
 .text.__errno  0x0000000008005a70        0xc d:/programmi/stm32cubeide_1.3.0/stm32cubeide/plugins/com.st.stm32cube.ide.mcu.externaltools.gnu-tools-for-stm32.7-2018-q2-update.win32_1.0.0.201904181610/tools/bin/../lib/gcc/arm-none-eabi/7.3.1/../../../../arm-none-eabi/lib/thumb/v7e-m/fpv4-sp/hard\libc_nano.a(lib_a-errno.o)
                0x0000000008005a70                __errno
 .text.__libc_init_array
                0x0000000008005a7c       0x48 d:/programmi/stm32cubeide_1.3.0/stm32cubeide/plugins/com.st.stm32cube.ide.mcu.externaltools.gnu-tools-for-stm32.7-2018-q2-update.win32_1.0.0.201904181610/tools/bin/../lib/gcc/arm-none-eabi/7.3.1/../../../../arm-none-eabi/lib/thumb/v7e-m/fpv4-sp/hard\libc_nano.a(lib_a-init.o)
                0x0000000008005a7c                __libc_init_array
 .text.memset   0x0000000008005ac4       0x10 d:/programmi/stm32cubeide_1.3.0/stm32cubeide/plugins/com.st.stm32cube.ide.mcu.externaltools.gnu-tools-for-stm32.7-2018-q2-update.win32_1.0.0.201904181610/tools/bin/../lib/gcc/arm-none-eabi/7.3.1/../../../../arm-none-eabi/lib/thumb/v7e-m/fpv4-sp/hard\libc_nano.a(lib_a-memset.o)
                0x0000000008005ac4                memset
 .text.sprintf  0x0000000008005ad4       0x40 d:/programmi/stm32cubeide_1.3.0/stm32cubeide/plugins/com.st.stm32cube.ide.mcu.externaltools.gnu-tools-for-stm32.7-2018-q2-update.win32_1.0.0.201904181610/tools/bin/../lib/gcc/arm-none-eabi/7.3.1/../../../../arm-none-eabi/lib/thumb/v7e-m/fpv4-sp/hard\libc_nano.a(lib_a-sprintf.o)
                0x0000000008005ad4                siprintf
                0x0000000008005ad4                sprintf
 .text.strcat   0x0000000008005b14       0x1e d:/programmi/stm32cubeide_1.3.0/stm32cubeide/plugins/com.st.stm32cube.ide.mcu.externaltools.gnu-tools-for-stm32.7-2018-q2-update.win32_1.0.0.201904181610/tools/bin/../lib/gcc/arm-none-eabi/7.3.1/../../../../arm-none-eabi/lib/thumb/v7e-m/fpv4-sp/hard\libc_nano.a(lib_a-strcat.o)
                0x0000000008005b14                strcat
 .text.strcpy   0x0000000008005b32       0x10 d:/programmi/stm32cubeide_1.3.0/stm32cubeide/plugins/com.st.stm32cube.ide.mcu.externaltools.gnu-tools-for-stm32.7-2018-q2-update.win32_1.0.0.201904181610/tools/bin/../lib/gcc/arm-none-eabi/7.3.1/../../../../arm-none-eabi/lib/thumb/v7e-m/fpv4-sp/hard\libc_nano.a(lib_a-strcpy.o)
                0x0000000008005b32                strcpy
 .text._strtol_l.isra.0
                0x0000000008005b42       0xf6 d:/programmi/stm32cubeide_1.3.0/stm32cubeide/plugins/com.st.stm32cube.ide.mcu.externaltools.gnu-tools-for-stm32.7-2018-q2-update.win32_1.0.0.201904181610/tools/bin/../lib/gcc/arm-none-eabi/7.3.1/../../../../arm-none-eabi/lib/thumb/v7e-m/fpv4-sp/hard\libc_nano.a(lib_a-strtol.o)
 .text.strtol   0x0000000008005c38       0x2c d:/programmi/stm32cubeide_1.3.0/stm32cubeide/plugins/com.st.stm32cube.ide.mcu.externaltools.gnu-tools-for-stm32.7-2018-q2-update.win32_1.0.0.201904181610/tools/bin/../lib/gcc/arm-none-eabi/7.3.1/../../../../arm-none-eabi/lib/thumb/v7e-m/fpv4-sp/hard\libc_nano.a(lib_a-strtol.o)
                0x0000000008005c38                strtol
 .text.__locale_ctype_ptr_l
                0x0000000008005c64        0x6 d:/programmi/stm32cubeide_1.3.0/stm32cubeide/plugins/com.st.stm32cube.ide.mcu.externaltools.gnu-tools-for-stm32.7-2018-q2-update.win32_1.0.0.201904181610/tools/bin/../lib/gcc/arm-none-eabi/7.3.1/../../../../arm-none-eabi/lib/thumb/v7e-m/fpv4-sp/hard\libc_nano.a(lib_a-locale.o)
                0x0000000008005c64                __locale_ctype_ptr_l
 .text.__ascii_mbtowc
                0x0000000008005c6a       0x24 d:/programmi/stm32cubeide_1.3.0/stm32cubeide/plugins/com.st.stm32cube.ide.mcu.externaltools.gnu-tools-for-stm32.7-2018-q2-update.win32_1.0.0.201904181610/tools/bin/../lib/gcc/arm-none-eabi/7.3.1/../../../../arm-none-eabi/lib/thumb/v7e-m/fpv4-sp/hard\libc_nano.a(lib_a-mbtowc_r.o)
                0x0000000008005c6a                __ascii_mbtowc
 .text.__ssputs_r
                0x0000000008005c8e       0xb4 d:/programmi/stm32cubeide_1.3.0/stm32cubeide/plugins/com.st.stm32cube.ide.mcu.externaltools.gnu-tools-for-stm32.7-2018-q2-update.win32_1.0.0.201904181610/tools/bin/../lib/gcc/arm-none-eabi/7.3.1/../../../../arm-none-eabi/lib/thumb/v7e-m/fpv4-sp/hard\libc_nano.a(lib_a-nano-svfprintf.o)
                0x0000000008005c8e                __ssputs_r
 *fill*         0x0000000008005d42        0x2 
 .text._svfprintf_r
                0x0000000008005d44      0x1f0 d:/programmi/stm32cubeide_1.3.0/stm32cubeide/plugins/com.st.stm32cube.ide.mcu.externaltools.gnu-tools-for-stm32.7-2018-q2-update.win32_1.0.0.201904181610/tools/bin/../lib/gcc/arm-none-eabi/7.3.1/../../../../arm-none-eabi/lib/thumb/v7e-m/fpv4-sp/hard\libc_nano.a(lib_a-nano-svfprintf.o)
                0x0000000008005d44                _svfiprintf_r
                0x0000000008005d44                _svfprintf_r
 .text._printf_common
                0x0000000008005f34       0xea d:/programmi/stm32cubeide_1.3.0/stm32cubeide/plugins/com.st.stm32cube.ide.mcu.externaltools.gnu-tools-for-stm32.7-2018-q2-update.win32_1.0.0.201904181610/tools/bin/../lib/gcc/arm-none-eabi/7.3.1/../../../../arm-none-eabi/lib/thumb/v7e-m/fpv4-sp/hard\libc_nano.a(lib_a-nano-vfprintf_i.o)
                0x0000000008005f34                _printf_common
 *fill*         0x000000000800601e        0x2 
 .text._printf_i
                0x0000000008006020      0x224 d:/programmi/stm32cubeide_1.3.0/stm32cubeide/plugins/com.st.stm32cube.ide.mcu.externaltools.gnu-tools-for-stm32.7-2018-q2-update.win32_1.0.0.201904181610/tools/bin/../lib/gcc/arm-none-eabi/7.3.1/../../../../arm-none-eabi/lib/thumb/v7e-m/fpv4-sp/hard\libc_nano.a(lib_a-nano-vfprintf_i.o)
                0x0000000008006020                _printf_i
 .text.__ascii_wctomb
                0x0000000008006244       0x1a d:/programmi/stm32cubeide_1.3.0/stm32cubeide/plugins/com.st.stm32cube.ide.mcu.externaltools.gnu-tools-for-stm32.7-2018-q2-update.win32_1.0.0.201904181610/tools/bin/../lib/gcc/arm-none-eabi/7.3.1/../../../../arm-none-eabi/lib/thumb/v7e-m/fpv4-sp/hard\libc_nano.a(lib_a-wctomb_r.o)
                0x0000000008006244                __ascii_wctomb
 .text.memcpy   0x000000000800625e       0x16 d:/programmi/stm32cubeide_1.3.0/stm32cubeide/plugins/com.st.stm32cube.ide.mcu.externaltools.gnu-tools-for-stm32.7-2018-q2-update.win32_1.0.0.201904181610/tools/bin/../lib/gcc/arm-none-eabi/7.3.1/../../../../arm-none-eabi/lib/thumb/v7e-m/fpv4-sp/hard\libc_nano.a(lib_a-memcpy-stub.o)
                0x000000000800625e                memcpy
 .text.memmove  0x0000000008006274       0x32 d:/programmi/stm32cubeide_1.3.0/stm32cubeide/plugins/com.st.stm32cube.ide.mcu.externaltools.gnu-tools-for-stm32.7-2018-q2-update.win32_1.0.0.201904181610/tools/bin/../lib/gcc/arm-none-eabi/7.3.1/../../../../arm-none-eabi/lib/thumb/v7e-m/fpv4-sp/hard\libc_nano.a(lib_a-memmove.o)
                0x0000000008006274                memmove
 *fill*         0x00000000080062a6        0x2 
 .text._free_r  0x00000000080062a8       0x9c d:/programmi/stm32cubeide_1.3.0/stm32cubeide/plugins/com.st.stm32cube.ide.mcu.externaltools.gnu-tools-for-stm32.7-2018-q2-update.win32_1.0.0.201904181610/tools/bin/../lib/gcc/arm-none-eabi/7.3.1/../../../../arm-none-eabi/lib/thumb/v7e-m/fpv4-sp/hard\libc_nano.a(lib_a-nano-freer.o)
                0x00000000080062a8                _free_r
 .text._malloc_r
                0x0000000008006344       0xb4 d:/programmi/stm32cubeide_1.3.0/stm32cubeide/plugins/com.st.stm32cube.ide.mcu.externaltools.gnu-tools-for-stm32.7-2018-q2-update.win32_1.0.0.201904181610/tools/bin/../lib/gcc/arm-none-eabi/7.3.1/../../../../arm-none-eabi/lib/thumb/v7e-m/fpv4-sp/hard\libc_nano.a(lib_a-nano-mallocr.o)
                0x0000000008006344                _malloc_r
 .text._realloc_r
                0x00000000080063f8       0x4c d:/programmi/stm32cubeide_1.3.0/stm32cubeide/plugins/com.st.stm32cube.ide.mcu.externaltools.gnu-tools-for-stm32.7-2018-q2-update.win32_1.0.0.201904181610/tools/bin/../lib/gcc/arm-none-eabi/7.3.1/../../../../arm-none-eabi/lib/thumb/v7e-m/fpv4-sp/hard\libc_nano.a(lib_a-nano-reallocr.o)
                0x00000000080063f8                _realloc_r
 .text._sbrk_r  0x0000000008006444       0x20 d:/programmi/stm32cubeide_1.3.0/stm32cubeide/plugins/com.st.stm32cube.ide.mcu.externaltools.gnu-tools-for-stm32.7-2018-q2-update.win32_1.0.0.201904181610/tools/bin/../lib/gcc/arm-none-eabi/7.3.1/../../../../arm-none-eabi/lib/thumb/v7e-m/fpv4-sp/hard\libc_nano.a(lib_a-sbrkr.o)
                0x0000000008006444                _sbrk_r
 .text.__malloc_lock
                0x0000000008006464        0x2 d:/programmi/stm32cubeide_1.3.0/stm32cubeide/plugins/com.st.stm32cube.ide.mcu.externaltools.gnu-tools-for-stm32.7-2018-q2-update.win32_1.0.0.201904181610/tools/bin/../lib/gcc/arm-none-eabi/7.3.1/../../../../arm-none-eabi/lib/thumb/v7e-m/fpv4-sp/hard\libc_nano.a(lib_a-mlock.o)
                0x0000000008006464                __malloc_lock
 .text.__malloc_unlock
                0x0000000008006466        0x2 d:/programmi/stm32cubeide_1.3.0/stm32cubeide/plugins/com.st.stm32cube.ide.mcu.externaltools.gnu-tools-for-stm32.7-2018-q2-update.win32_1.0.0.201904181610/tools/bin/../lib/gcc/arm-none-eabi/7.3.1/../../../../arm-none-eabi/lib/thumb/v7e-m/fpv4-sp/hard\libc_nano.a(lib_a-mlock.o)
                0x0000000008006466                __malloc_unlock
 .text._malloc_usable_size_r
                0x0000000008006468       0x10 d:/programmi/stm32cubeide_1.3.0/stm32cubeide/plugins/com.st.stm32cube.ide.mcu.externaltools.gnu-tools-for-stm32.7-2018-q2-update.win32_1.0.0.201904181610/tools/bin/../lib/gcc/arm-none-eabi/7.3.1/../../../../arm-none-eabi/lib/thumb/v7e-m/fpv4-sp/hard\libc_nano.a(lib_a-nano-msizer.o)
                0x0000000008006468                _malloc_usable_size_r
 .text.log      0x0000000008006478      0x100 d:/programmi/stm32cubeide_1.3.0/stm32cubeide/plugins/com.st.stm32cube.ide.mcu.externaltools.gnu-tools-for-stm32.7-2018-q2-update.win32_1.0.0.201904181610/tools/bin/../lib/gcc/arm-none-eabi/7.3.1/../../../../arm-none-eabi/lib/thumb/v7e-m/fpv4-sp/hard\libm.a(lib_a-w_log.o)
                0x0000000008006478                log
 .text.__ieee754_log
                0x0000000008006578      0x364 d:/programmi/stm32cubeide_1.3.0/stm32cubeide/plugins/com.st.stm32cube.ide.mcu.externaltools.gnu-tools-for-stm32.7-2018-q2-update.win32_1.0.0.201904181610/tools/bin/../lib/gcc/arm-none-eabi/7.3.1/../../../../arm-none-eabi/lib/thumb/v7e-m/fpv4-sp/hard\libm.a(lib_a-e_log.o)
                0x0000000008006578                __ieee754_log
 .text.matherr  0x00000000080068dc        0x4 d:/programmi/stm32cubeide_1.3.0/stm32cubeide/plugins/com.st.stm32cube.ide.mcu.externaltools.gnu-tools-for-stm32.7-2018-q2-update.win32_1.0.0.201904181610/tools/bin/../lib/gcc/arm-none-eabi/7.3.1/../../../../arm-none-eabi/lib/thumb/v7e-m/fpv4-sp/hard\libm.a(lib_a-s_matherr.o)
                0x00000000080068dc                matherr
 .text.nan      0x00000000080068e0       0x10 d:/programmi/stm32cubeide_1.3.0/stm32cubeide/plugins/com.st.stm32cube.ide.mcu.externaltools.gnu-tools-for-stm32.7-2018-q2-update.win32_1.0.0.201904181610/tools/bin/../lib/gcc/arm-none-eabi/7.3.1/../../../../arm-none-eabi/lib/thumb/v7e-m/fpv4-sp/hard\libm.a(lib_a-s_nan.o)
                0x00000000080068e0                nan
 *(.glue_7)
 .glue_7        0x00000000080068f0        0x0 linker stubs
 *(.glue_7t)
 .glue_7t       0x00000000080068f0        0x0 linker stubs
 *(.eh_frame)
 .eh_frame      0x00000000080068f0        0x0 d:/programmi/stm32cubeide_1.3.0/stm32cubeide/plugins/com.st.stm32cube.ide.mcu.externaltools.gnu-tools-for-stm32.7-2018-q2-update.win32_1.0.0.201904181610/tools/bin/../lib/gcc/arm-none-eabi/7.3.1/thumb/v7e-m/fpv4-sp/hard/crtbegin.o
 *(.init)
 .init          0x00000000080068f0        0x4 d:/programmi/stm32cubeide_1.3.0/stm32cubeide/plugins/com.st.stm32cube.ide.mcu.externaltools.gnu-tools-for-stm32.7-2018-q2-update.win32_1.0.0.201904181610/tools/bin/../lib/gcc/arm-none-eabi/7.3.1/thumb/v7e-m/fpv4-sp/hard/crti.o
                0x00000000080068f0                _init
 .init          0x00000000080068f4        0x8 d:/programmi/stm32cubeide_1.3.0/stm32cubeide/plugins/com.st.stm32cube.ide.mcu.externaltools.gnu-tools-for-stm32.7-2018-q2-update.win32_1.0.0.201904181610/tools/bin/../lib/gcc/arm-none-eabi/7.3.1/thumb/v7e-m/fpv4-sp/hard/crtn.o
 *(.fini)
 .fini          0x00000000080068fc        0x4 d:/programmi/stm32cubeide_1.3.0/stm32cubeide/plugins/com.st.stm32cube.ide.mcu.externaltools.gnu-tools-for-stm32.7-2018-q2-update.win32_1.0.0.201904181610/tools/bin/../lib/gcc/arm-none-eabi/7.3.1/thumb/v7e-m/fpv4-sp/hard/crti.o
                0x00000000080068fc                _fini
 .fini          0x0000000008006900        0x8 d:/programmi/stm32cubeide_1.3.0/stm32cubeide/plugins/com.st.stm32cube.ide.mcu.externaltools.gnu-tools-for-stm32.7-2018-q2-update.win32_1.0.0.201904181610/tools/bin/../lib/gcc/arm-none-eabi/7.3.1/thumb/v7e-m/fpv4-sp/hard/crtn.o
                0x0000000008006908                . = ALIGN (0x4)
                0x0000000008006908                _etext = .

.vfp11_veneer   0x0000000008006908        0x0
 .vfp11_veneer  0x0000000008006908        0x0 linker stubs

.v4_bx          0x0000000008006908        0x0
 .v4_bx         0x0000000008006908        0x0 linker stubs

.iplt           0x0000000008006908        0x0
 .iplt          0x0000000008006908        0x0 d:/programmi/stm32cubeide_1.3.0/stm32cubeide/plugins/com.st.stm32cube.ide.mcu.externaltools.gnu-tools-for-stm32.7-2018-q2-update.win32_1.0.0.201904181610/tools/bin/../lib/gcc/arm-none-eabi/7.3.1/thumb/v7e-m/fpv4-sp/hard/crtbegin.o

.rodata         0x0000000008006908      0x1f8
                0x0000000008006908                . = ALIGN (0x4)
 *(.rodata)
 .rodata        0x0000000008006908       0x18 Core/Src/configuration.o
 .rodata        0x0000000008006920        0x2 Core/Src/mqtt_log.o
 *(.rodata*)
 .rodata.lcd_send_status.str1.1
                0x0000000008006922       0x16 Core/Src/lcd.o
 .rodata.log_system_boot.str1.1
                0x0000000008006938        0xd Core/Src/log.o
 .rodata.log_system_configuration_loaded.str1.1
                0x0000000008006945       0x1d Core/Src/log.o
 .rodata.log_transmit.str1.1
                0x0000000008006962       0x37 Core/Src/log.o
 .rodata.mqtt_check_state.str1.1
                0x0000000008006999        0x4 Core/Src/mqtt_log.o
 .rodata.AHBPrescTable
                0x000000000800699d       0x10 Core/Src/system_stm32f4xx.o
                0x000000000800699d                AHBPrescTable
 .rodata.APBPrescTable
                0x00000000080069ad        0x8 Core/Src/system_stm32f4xx.o
                0x00000000080069ad                APBPrescTable
 .rodata.flagBitshiftOffset.8199
                0x00000000080069b5        0x8 Drivers/STM32F4xx_HAL_Driver/Src/stm32f4xx_hal_dma.o
 .rodata._setlocale_r.str1.1
                0x00000000080069bd        0x8 d:/programmi/stm32cubeide_1.3.0/stm32cubeide/plugins/com.st.stm32cube.ide.mcu.externaltools.gnu-tools-for-stm32.7-2018-q2-update.win32_1.0.0.201904181610/tools/bin/../lib/gcc/arm-none-eabi/7.3.1/../../../../arm-none-eabi/lib/thumb/v7e-m/fpv4-sp/hard\libc_nano.a(lib_a-locale.o)
                                          0x9 (size before relaxing)
 .rodata.str1.1
                0x00000000080069c5        0x2 d:/programmi/stm32cubeide_1.3.0/stm32cubeide/plugins/com.st.stm32cube.ide.mcu.externaltools.gnu-tools-for-stm32.7-2018-q2-update.win32_1.0.0.201904181610/tools/bin/../lib/gcc/arm-none-eabi/7.3.1/../../../../arm-none-eabi/lib/thumb/v7e-m/fpv4-sp/hard\libc_nano.a(lib_a-locale.o)
 .rodata._svfprintf_r.str1.1
                0x00000000080069c7       0x11 d:/programmi/stm32cubeide_1.3.0/stm32cubeide/plugins/com.st.stm32cube.ide.mcu.externaltools.gnu-tools-for-stm32.7-2018-q2-update.win32_1.0.0.201904181610/tools/bin/../lib/gcc/arm-none-eabi/7.3.1/../../../../arm-none-eabi/lib/thumb/v7e-m/fpv4-sp/hard\libc_nano.a(lib_a-nano-svfprintf.o)
 .rodata._printf_i.str1.1
                0x00000000080069d8       0x22 d:/programmi/stm32cubeide_1.3.0/stm32cubeide/plugins/com.st.stm32cube.ide.mcu.externaltools.gnu-tools-for-stm32.7-2018-q2-update.win32_1.0.0.201904181610/tools/bin/../lib/gcc/arm-none-eabi/7.3.1/../../../../arm-none-eabi/lib/thumb/v7e-m/fpv4-sp/hard\libc_nano.a(lib_a-nano-vfprintf_i.o)
 .rodata._ctype_
                0x00000000080069fa      0x101 d:/programmi/stm32cubeide_1.3.0/stm32cubeide/plugins/com.st.stm32cube.ide.mcu.externaltools.gnu-tools-for-stm32.7-2018-q2-update.win32_1.0.0.201904181610/tools/bin/../lib/gcc/arm-none-eabi/7.3.1/../../../../arm-none-eabi/lib/thumb/v7e-m/fpv4-sp/hard\libc_nano.a(lib_a-ctype_.o)
                0x00000000080069fa                _ctype_
 .rodata.log.str1.1
                0x0000000008006afb        0x4 d:/programmi/stm32cubeide_1.3.0/stm32cubeide/plugins/com.st.stm32cube.ide.mcu.externaltools.gnu-tools-for-stm32.7-2018-q2-update.win32_1.0.0.201904181610/tools/bin/../lib/gcc/arm-none-eabi/7.3.1/../../../../arm-none-eabi/lib/thumb/v7e-m/fpv4-sp/hard\libm.a(lib_a-w_log.o)
                                          0x5 (size before relaxing)
                0x0000000008006b00                . = ALIGN (0x4)
 *fill*         0x0000000008006aff        0x1 

.ARM.extab      0x0000000008006b00        0x0
                0x0000000008006b00                . = ALIGN (0x4)
 *(.ARM.extab* .gnu.linkonce.armextab.*)
                0x0000000008006b00                . = ALIGN (0x4)

.ARM            0x0000000008006b00        0x8
                0x0000000008006b00                . = ALIGN (0x4)
                0x0000000008006b00                __exidx_start = .
 *(.ARM.exidx*)
 .ARM.exidx     0x0000000008006b00        0x8 d:/programmi/stm32cubeide_1.3.0/stm32cubeide/plugins/com.st.stm32cube.ide.mcu.externaltools.gnu-tools-for-stm32.7-2018-q2-update.win32_1.0.0.201904181610/tools/bin/../lib/gcc/arm-none-eabi/7.3.1/thumb/v7e-m/fpv4-sp/hard\libgcc.a(_udivmoddi4.o)
                0x0000000008006b08                __exidx_end = .
                0x0000000008006b08                . = ALIGN (0x4)

.rel.dyn        0x0000000008006b08        0x0
 .rel.iplt      0x0000000008006b08        0x0 d:/programmi/stm32cubeide_1.3.0/stm32cubeide/plugins/com.st.stm32cube.ide.mcu.externaltools.gnu-tools-for-stm32.7-2018-q2-update.win32_1.0.0.201904181610/tools/bin/../lib/gcc/arm-none-eabi/7.3.1/thumb/v7e-m/fpv4-sp/hard/crtbegin.o

.preinit_array  0x0000000008006b08        0x0
                0x0000000008006b08                . = ALIGN (0x4)
                0x0000000008006b08                PROVIDE (__preinit_array_start = .)
 *(.preinit_array*)
                0x0000000008006b08                PROVIDE (__preinit_array_end = .)
                0x0000000008006b08                . = ALIGN (0x4)

.init_array     0x0000000008006b08        0x4
                0x0000000008006b08                . = ALIGN (0x4)
                0x0000000008006b08                PROVIDE (__init_array_start = .)
 *(SORT_BY_NAME(.init_array.*))
 *(.init_array*)
 .init_array    0x0000000008006b08        0x4 d:/programmi/stm32cubeide_1.3.0/stm32cubeide/plugins/com.st.stm32cube.ide.mcu.externaltools.gnu-tools-for-stm32.7-2018-q2-update.win32_1.0.0.201904181610/tools/bin/../lib/gcc/arm-none-eabi/7.3.1/thumb/v7e-m/fpv4-sp/hard/crtbegin.o
                0x0000000008006b0c                PROVIDE (__init_array_end = .)
                0x0000000008006b0c                . = ALIGN (0x4)

.fini_array     0x0000000008006b0c        0x4
                0x0000000008006b0c                . = ALIGN (0x4)
                [!provide]                        PROVIDE (__fini_array_start = .)
 *(SORT_BY_NAME(.fini_array.*))
 *(.fini_array*)
 .fini_array    0x0000000008006b0c        0x4 d:/programmi/stm32cubeide_1.3.0/stm32cubeide/plugins/com.st.stm32cube.ide.mcu.externaltools.gnu-tools-for-stm32.7-2018-q2-update.win32_1.0.0.201904181610/tools/bin/../lib/gcc/arm-none-eabi/7.3.1/thumb/v7e-m/fpv4-sp/hard/crtbegin.o
                [!provide]                        PROVIDE (__fini_array_end = .)
                0x0000000008006b10                . = ALIGN (0x4)
                0x0000000008006b10                _sidata = LOADADDR (.data)

.data           0x0000000020000000      0x294 load address 0x0000000008006b10
                0x0000000020000000                . = ALIGN (0x4)
                0x0000000020000000                _sdata = .
 *(.data)
 *(.data*)
 .data.spo2_LUT
                0x0000000020000000       0xac Core/Src/MAX30100_spo2_calculator.o
                0x0000000020000000                spo2_LUT
 .data.end      0x00000000200000ac        0x2 Core/Src/mqtt_log.o
                0x00000000200000ac                end
 .data.sep      0x00000000200000ae        0x3 Core/Src/mqtt_log.o
                0x00000000200000ae                sep
 *fill*         0x00000000200000b1        0x3 
 .data.SystemCoreClock
                0x00000000200000b4        0x4 Core/Src/system_stm32f4xx.o
                0x00000000200000b4                SystemCoreClock
 .data.uwTickFreq
                0x00000000200000b8        0x1 Drivers/STM32F4xx_HAL_Driver/Src/stm32f4xx_hal.o
                0x00000000200000b8                uwTickFreq
 *fill*         0x00000000200000b9        0x3 
 .data.uwTickPrio
                0x00000000200000bc        0x4 Drivers/STM32F4xx_HAL_Driver/Src/stm32f4xx_hal.o
                0x00000000200000bc                uwTickPrio
 .data._impure_ptr
                0x00000000200000c0        0x4 d:/programmi/stm32cubeide_1.3.0/stm32cubeide/plugins/com.st.stm32cube.ide.mcu.externaltools.gnu-tools-for-stm32.7-2018-q2-update.win32_1.0.0.201904181610/tools/bin/../lib/gcc/arm-none-eabi/7.3.1/../../../../arm-none-eabi/lib/thumb/v7e-m/fpv4-sp/hard\libc_nano.a(lib_a-impure.o)
                0x00000000200000c0                _impure_ptr
 .data.impure_data
                0x00000000200000c4       0x60 d:/programmi/stm32cubeide_1.3.0/stm32cubeide/plugins/com.st.stm32cube.ide.mcu.externaltools.gnu-tools-for-stm32.7-2018-q2-update.win32_1.0.0.201904181610/tools/bin/../lib/gcc/arm-none-eabi/7.3.1/../../../../arm-none-eabi/lib/thumb/v7e-m/fpv4-sp/hard\libc_nano.a(lib_a-impure.o)
 .data.__global_locale
                0x0000000020000124      0x16c d:/programmi/stm32cubeide_1.3.0/stm32cubeide/plugins/com.st.stm32cube.ide.mcu.externaltools.gnu-tools-for-stm32.7-2018-q2-update.win32_1.0.0.201904181610/tools/bin/../lib/gcc/arm-none-eabi/7.3.1/../../../../arm-none-eabi/lib/thumb/v7e-m/fpv4-sp/hard\libc_nano.a(lib_a-locale.o)
                0x0000000020000124                __global_locale
 .data.__fdlib_version
                0x0000000020000290        0x1 d:/programmi/stm32cubeide_1.3.0/stm32cubeide/plugins/com.st.stm32cube.ide.mcu.externaltools.gnu-tools-for-stm32.7-2018-q2-update.win32_1.0.0.201904181610/tools/bin/../lib/gcc/arm-none-eabi/7.3.1/../../../../arm-none-eabi/lib/thumb/v7e-m/fpv4-sp/hard\libm.a(lib_a-s_lib_ver.o)
                0x0000000020000290                __fdlib_version
                0x0000000020000294                . = ALIGN (0x4)
 *fill*         0x0000000020000291        0x3 
                0x0000000020000294                _edata = .

.igot.plt       0x0000000020000294        0x0 load address 0x0000000008006da4
 .igot.plt      0x0000000020000294        0x0 d:/programmi/stm32cubeide_1.3.0/stm32cubeide/plugins/com.st.stm32cube.ide.mcu.externaltools.gnu-tools-for-stm32.7-2018-q2-update.win32_1.0.0.201904181610/tools/bin/../lib/gcc/arm-none-eabi/7.3.1/thumb/v7e-m/fpv4-sp/hard/crtbegin.o
                0x0000000020000294                . = ALIGN (0x4)

.bss            0x0000000020000294      0x69c load address 0x0000000008006da4
                0x0000000020000294                _sbss = .
                0x0000000020000294                __bss_start__ = _sbss
 *(.bss)
 .bss           0x0000000020000294       0x1c d:/programmi/stm32cubeide_1.3.0/stm32cubeide/plugins/com.st.stm32cube.ide.mcu.externaltools.gnu-tools-for-stm32.7-2018-q2-update.win32_1.0.0.201904181610/tools/bin/../lib/gcc/arm-none-eabi/7.3.1/thumb/v7e-m/fpv4-sp/hard/crtbegin.o
 *(.bss*)
 .bss.IR        0x00000000200002b0        0x2 Core/Src/MAX30100.o
                0x00000000200002b0                IR
 .bss.RED       0x00000000200002b2        0x2 Core/Src/MAX30100.o
                0x00000000200002b2                RED
 .bss.h         0x00000000200002b4        0x4 Core/Src/MAX30100.o
                0x00000000200002b4                h
 .bss.temp      0x00000000200002b8        0x4 Core/Src/MAX30100.o
                0x00000000200002b8                temp
 .bss.w         0x00000000200002bc        0x4 Core/Src/MAX30100.o
                0x00000000200002bc                w
 .bss._millis   0x00000000200002c0        0x4 Core/Src/stm32f4xx_it.o
 .bss.heap_end.6424
                0x00000000200002c4        0x4 Core/Src/sysmem.o
 .bss.__malloc_free_list
                0x00000000200002c8        0x4 d:/programmi/stm32cubeide_1.3.0/stm32cubeide/plugins/com.st.stm32cube.ide.mcu.externaltools.gnu-tools-for-stm32.7-2018-q2-update.win32_1.0.0.201904181610/tools/bin/../lib/gcc/arm-none-eabi/7.3.1/../../../../arm-none-eabi/lib/thumb/v7e-m/fpv4-sp/hard\libc_nano.a(lib_a-nano-mallocr.o)
                0x00000000200002c8                __malloc_free_list
 .bss.__malloc_sbrk_start
                0x00000000200002cc        0x4 d:/programmi/stm32cubeide_1.3.0/stm32cubeide/plugins/com.st.stm32cube.ide.mcu.externaltools.gnu-tools-for-stm32.7-2018-q2-update.win32_1.0.0.201904181610/tools/bin/../lib/gcc/arm-none-eabi/7.3.1/../../../../arm-none-eabi/lib/thumb/v7e-m/fpv4-sp/hard\libc_nano.a(lib_a-nano-mallocr.o)
                0x00000000200002cc                __malloc_sbrk_start
 *(COMMON)
 COMMON         0x00000000200002d0       0x24 Core/Src/MAX30100.o
                0x00000000200002d0                beat_detected
                0x00000000200002d4                filtered_pulse_value
                0x00000000200002d8                red_ACvalue
                0x00000000200002dc                ir_ACvalue
                0x00000000200002e0                spo2_calculator
 COMMON         0x00000000200002f4       0x14 Core/Src/MAX30100_beat_detector.o
                0x00000000200002f4                threshold
                0x00000000200002f8                ts_last_beat
                0x00000000200002fc                beat_period
                0x0000000020000300                beat_state
                0x0000000020000304                last_max_value
 COMMON         0x0000000020000308        0x8 Core/Src/MAX30100_filters.o
                0x0000000020000308                v
 COMMON         0x0000000020000310       0x40 Core/Src/configuration.o
                0x0000000020000310                buff
 COMMON         0x0000000020000350       0xfc Core/Src/i2c.o
                0x0000000020000350                hi2c3
                0x00000000200003a4                hi2c1
                0x00000000200003f8                hi2c2
 COMMON         0x000000002000044c       0x98 Core/Src/main.o
                0x000000002000044c                conf_status
                0x000000002000044d                conf
                0x000000002000046d                hr_ox
                0x000000002000046f                conf_buffer
                0x000000002000049b                dma_buffer
                0x00000000200004dc                date
 COMMON         0x00000000200004e4       0x84 Core/Src/mqtt_log.o
                0x00000000200004e4                mqtt
                0x0000000020000554                dest
 COMMON         0x0000000020000568      0x1c0 Core/Src/tim.o
                0x0000000020000568                htim4
                0x00000000200005a8                htim10
                0x00000000200005e8                htim5
                0x0000000020000628                htim11
                0x0000000020000668                htim1
                0x00000000200006a8                htim9
                0x00000000200006e8                htim2
 COMMON         0x0000000020000728      0x200 Core/Src/usart.o
                0x0000000020000728                hdma_usart2_rx
                0x0000000020000788                hdma_usart1_tx
                0x00000000200007e8                hdma_usart1_rx
                0x0000000020000848                hdma_usart2_tx
                0x00000000200008a8                huart1
                0x00000000200008e8                huart2
 COMMON         0x0000000020000928        0x4 Drivers/STM32F4xx_HAL_Driver/Src/stm32f4xx_hal.o
                0x0000000020000928                uwTick
 COMMON         0x000000002000092c        0x4 d:/programmi/stm32cubeide_1.3.0/stm32cubeide/plugins/com.st.stm32cube.ide.mcu.externaltools.gnu-tools-for-stm32.7-2018-q2-update.win32_1.0.0.201904181610/tools/bin/../lib/gcc/arm-none-eabi/7.3.1/../../../../arm-none-eabi/lib/thumb/v7e-m/fpv4-sp/hard\libc_nano.a(lib_a-reent.o)
                0x000000002000092c                errno
                0x0000000020000930                . = ALIGN (0x4)
                0x0000000020000930                _ebss = .
                0x0000000020000930                __bss_end__ = _ebss

._user_heap_stack
                0x0000000020000930      0x600 load address 0x0000000008006da4
                0x0000000020000930                . = ALIGN (0x8)
                [!provide]                        PROVIDE (end = .)
                [!provide]                        PROVIDE (_end = .)
                0x0000000020000b30                . = (. + _Min_Heap_Size)
 *fill*         0x0000000020000930      0x200 
                0x0000000020000f30                . = (. + _Min_Stack_Size)
 *fill*         0x0000000020000b30      0x400 
                0x0000000020000f30                . = ALIGN (0x8)

/DISCARD/
 libc.a(*)
 libm.a(*)
 libgcc.a(*)

.ARM.attributes
                0x0000000000000000       0x30
 *(.ARM.attributes)
 .ARM.attributes
                0x0000000000000000       0x22 d:/programmi/stm32cubeide_1.3.0/stm32cubeide/plugins/com.st.stm32cube.ide.mcu.externaltools.gnu-tools-for-stm32.7-2018-q2-update.win32_1.0.0.201904181610/tools/bin/../lib/gcc/arm-none-eabi/7.3.1/thumb/v7e-m/fpv4-sp/hard/crti.o
 .ARM.attributes
                0x0000000000000022       0x34 d:/programmi/stm32cubeide_1.3.0/stm32cubeide/plugins/com.st.stm32cube.ide.mcu.externaltools.gnu-tools-for-stm32.7-2018-q2-update.win32_1.0.0.201904181610/tools/bin/../lib/gcc/arm-none-eabi/7.3.1/thumb/v7e-m/fpv4-sp/hard/crtbegin.o
 .ARM.attributes
                0x0000000000000056       0x39 Core/Src/MAX30100.o
 .ARM.attributes
                0x000000000000008f       0x39 Core/Src/MAX30100_beat_detector.o
 .ARM.attributes
                0x00000000000000c8       0x39 Core/Src/MAX30100_filters.o
 .ARM.attributes
                0x0000000000000101       0x39 Core/Src/MAX30100_spo2_calculator.o
 .ARM.attributes
                0x000000000000013a       0x39 Core/Src/configuration.o
 .ARM.attributes
                0x0000000000000173       0x39 Core/Src/datastructure.o
 .ARM.attributes
                0x00000000000001ac       0x39 Core/Src/dma.o
 .ARM.attributes
                0x00000000000001e5       0x39 Core/Src/eeprom_i2c.o
 .ARM.attributes
                0x000000000000021e       0x39 Core/Src/gpio.o
 .ARM.attributes
                0x0000000000000257       0x39 Core/Src/i2c.o
 .ARM.attributes
                0x0000000000000290       0x39 Core/Src/lcd.o
 .ARM.attributes
                0x00000000000002c9       0x39 Core/Src/log.o
 .ARM.attributes
                0x0000000000000302       0x39 Core/Src/main.o
 .ARM.attributes
                0x000000000000033b       0x39 Core/Src/mqtt_log.o
 .ARM.attributes
                0x0000000000000374       0x39 Core/Src/ring_buffer.o
 .ARM.attributes
                0x00000000000003ad       0x39 Core/Src/stm32f4xx_hal_msp.o
 .ARM.attributes
                0x00000000000003e6       0x39 Core/Src/stm32f4xx_it.o
 .ARM.attributes
                0x000000000000041f       0x39 Core/Src/sysmem.o
 .ARM.attributes
                0x0000000000000458       0x39 Core/Src/system_stm32f4xx.o
 .ARM.attributes
                0x0000000000000491       0x39 Core/Src/tim.o
 .ARM.attributes
                0x00000000000004ca       0x39 Core/Src/usart.o
 .ARM.attributes
                0x0000000000000503       0x21 Core/Startup/startup_stm32f401retx.o
 .ARM.attributes
                0x0000000000000524       0x39 Drivers/STM32F4xx_HAL_Driver/Src/stm32f4xx_hal.o
 .ARM.attributes
                0x000000000000055d       0x39 Drivers/STM32F4xx_HAL_Driver/Src/stm32f4xx_hal_cortex.o
 .ARM.attributes
                0x0000000000000596       0x39 Drivers/STM32F4xx_HAL_Driver/Src/stm32f4xx_hal_dma.o
 .ARM.attributes
                0x00000000000005cf       0x39 Drivers/STM32F4xx_HAL_Driver/Src/stm32f4xx_hal_gpio.o
 .ARM.attributes
                0x0000000000000608       0x39 Drivers/STM32F4xx_HAL_Driver/Src/stm32f4xx_hal_i2c.o
 .ARM.attributes
                0x0000000000000641       0x39 Drivers/STM32F4xx_HAL_Driver/Src/stm32f4xx_hal_rcc.o
 .ARM.attributes
                0x000000000000067a       0x39 Drivers/STM32F4xx_HAL_Driver/Src/stm32f4xx_hal_tim.o
 .ARM.attributes
                0x00000000000006b3       0x39 Drivers/STM32F4xx_HAL_Driver/Src/stm32f4xx_hal_tim_ex.o
 .ARM.attributes
                0x00000000000006ec       0x39 Drivers/STM32F4xx_HAL_Driver/Src/stm32f4xx_hal_uart.o
 .ARM.attributes
                0x0000000000000725       0x34 d:/programmi/stm32cubeide_1.3.0/stm32cubeide/plugins/com.st.stm32cube.ide.mcu.externaltools.gnu-tools-for-stm32.7-2018-q2-update.win32_1.0.0.201904181610/tools/bin/../lib/gcc/arm-none-eabi/7.3.1/../../../../arm-none-eabi/lib/thumb/v7e-m/fpv4-sp/hard\libc_nano.a(lib_a-atoi.o)
 .ARM.attributes
                0x0000000000000759       0x34 d:/programmi/stm32cubeide_1.3.0/stm32cubeide/plugins/com.st.stm32cube.ide.mcu.externaltools.gnu-tools-for-stm32.7-2018-q2-update.win32_1.0.0.201904181610/tools/bin/../lib/gcc/arm-none-eabi/7.3.1/../../../../arm-none-eabi/lib/thumb/v7e-m/fpv4-sp/hard\libc_nano.a(lib_a-errno.o)
 .ARM.attributes
                0x000000000000078d       0x34 d:/programmi/stm32cubeide_1.3.0/stm32cubeide/plugins/com.st.stm32cube.ide.mcu.externaltools.gnu-tools-for-stm32.7-2018-q2-update.win32_1.0.0.201904181610/tools/bin/../lib/gcc/arm-none-eabi/7.3.1/../../../../arm-none-eabi/lib/thumb/v7e-m/fpv4-sp/hard\libc_nano.a(lib_a-impure.o)
 .ARM.attributes
                0x00000000000007c1       0x34 d:/programmi/stm32cubeide_1.3.0/stm32cubeide/plugins/com.st.stm32cube.ide.mcu.externaltools.gnu-tools-for-stm32.7-2018-q2-update.win32_1.0.0.201904181610/tools/bin/../lib/gcc/arm-none-eabi/7.3.1/../../../../arm-none-eabi/lib/thumb/v7e-m/fpv4-sp/hard\libc_nano.a(lib_a-init.o)
 .ARM.attributes
                0x00000000000007f5       0x34 d:/programmi/stm32cubeide_1.3.0/stm32cubeide/plugins/com.st.stm32cube.ide.mcu.externaltools.gnu-tools-for-stm32.7-2018-q2-update.win32_1.0.0.201904181610/tools/bin/../lib/gcc/arm-none-eabi/7.3.1/../../../../arm-none-eabi/lib/thumb/v7e-m/fpv4-sp/hard\libc_nano.a(lib_a-memset.o)
 .ARM.attributes
                0x0000000000000829       0x34 d:/programmi/stm32cubeide_1.3.0/stm32cubeide/plugins/com.st.stm32cube.ide.mcu.externaltools.gnu-tools-for-stm32.7-2018-q2-update.win32_1.0.0.201904181610/tools/bin/../lib/gcc/arm-none-eabi/7.3.1/../../../../arm-none-eabi/lib/thumb/v7e-m/fpv4-sp/hard\libc_nano.a(lib_a-sprintf.o)
 .ARM.attributes
                0x000000000000085d       0x34 d:/programmi/stm32cubeide_1.3.0/stm32cubeide/plugins/com.st.stm32cube.ide.mcu.externaltools.gnu-tools-for-stm32.7-2018-q2-update.win32_1.0.0.201904181610/tools/bin/../lib/gcc/arm-none-eabi/7.3.1/../../../../arm-none-eabi/lib/thumb/v7e-m/fpv4-sp/hard\libc_nano.a(lib_a-strcat.o)
 .ARM.attributes
                0x0000000000000891       0x20 d:/programmi/stm32cubeide_1.3.0/stm32cubeide/plugins/com.st.stm32cube.ide.mcu.externaltools.gnu-tools-for-stm32.7-2018-q2-update.win32_1.0.0.201904181610/tools/bin/../lib/gcc/arm-none-eabi/7.3.1/../../../../arm-none-eabi/lib/thumb/v7e-m/fpv4-sp/hard\libc_nano.a(lib_a-strcmp.o)
 .ARM.attributes
                0x00000000000008b1       0x34 d:/programmi/stm32cubeide_1.3.0/stm32cubeide/plugins/com.st.stm32cube.ide.mcu.externaltools.gnu-tools-for-stm32.7-2018-q2-update.win32_1.0.0.201904181610/tools/bin/../lib/gcc/arm-none-eabi/7.3.1/../../../../arm-none-eabi/lib/thumb/v7e-m/fpv4-sp/hard\libc_nano.a(lib_a-strcpy.o)
 .ARM.attributes
                0x00000000000008e5       0x1b d:/programmi/stm32cubeide_1.3.0/stm32cubeide/plugins/com.st.stm32cube.ide.mcu.externaltools.gnu-tools-for-stm32.7-2018-q2-update.win32_1.0.0.201904181610/tools/bin/../lib/gcc/arm-none-eabi/7.3.1/../../../../arm-none-eabi/lib/thumb/v7e-m/fpv4-sp/hard\libc_nano.a(lib_a-strlen.o)
 .ARM.attributes
                0x0000000000000900       0x34 d:/programmi/stm32cubeide_1.3.0/stm32cubeide/plugins/com.st.stm32cube.ide.mcu.externaltools.gnu-tools-for-stm32.7-2018-q2-update.win32_1.0.0.201904181610/tools/bin/../lib/gcc/arm-none-eabi/7.3.1/../../../../arm-none-eabi/lib/thumb/v7e-m/fpv4-sp/hard\libc_nano.a(lib_a-strtol.o)
 .ARM.attributes
                0x0000000000000934       0x34 d:/programmi/stm32cubeide_1.3.0/stm32cubeide/plugins/com.st.stm32cube.ide.mcu.externaltools.gnu-tools-for-stm32.7-2018-q2-update.win32_1.0.0.201904181610/tools/bin/../lib/gcc/arm-none-eabi/7.3.1/../../../../arm-none-eabi/lib/thumb/v7e-m/fpv4-sp/hard\libc_nano.a(lib_a-locale.o)
 .ARM.attributes
                0x0000000000000968       0x34 d:/programmi/stm32cubeide_1.3.0/stm32cubeide/plugins/com.st.stm32cube.ide.mcu.externaltools.gnu-tools-for-stm32.7-2018-q2-update.win32_1.0.0.201904181610/tools/bin/../lib/gcc/arm-none-eabi/7.3.1/../../../../arm-none-eabi/lib/thumb/v7e-m/fpv4-sp/hard\libc_nano.a(lib_a-mbtowc_r.o)
 .ARM.attributes
                0x000000000000099c       0x34 d:/programmi/stm32cubeide_1.3.0/stm32cubeide/plugins/com.st.stm32cube.ide.mcu.externaltools.gnu-tools-for-stm32.7-2018-q2-update.win32_1.0.0.201904181610/tools/bin/../lib/gcc/arm-none-eabi/7.3.1/../../../../arm-none-eabi/lib/thumb/v7e-m/fpv4-sp/hard\libc_nano.a(lib_a-nano-svfprintf.o)
 .ARM.attributes
                0x00000000000009d0       0x34 d:/programmi/stm32cubeide_1.3.0/stm32cubeide/plugins/com.st.stm32cube.ide.mcu.externaltools.gnu-tools-for-stm32.7-2018-q2-update.win32_1.0.0.201904181610/tools/bin/../lib/gcc/arm-none-eabi/7.3.1/../../../../arm-none-eabi/lib/thumb/v7e-m/fpv4-sp/hard\libc_nano.a(lib_a-nano-vfprintf_i.o)
 .ARM.attributes
                0x0000000000000a04       0x34 d:/programmi/stm32cubeide_1.3.0/stm32cubeide/plugins/com.st.stm32cube.ide.mcu.externaltools.gnu-tools-for-stm32.7-2018-q2-update.win32_1.0.0.201904181610/tools/bin/../lib/gcc/arm-none-eabi/7.3.1/../../../../arm-none-eabi/lib/thumb/v7e-m/fpv4-sp/hard\libc_nano.a(lib_a-wctomb_r.o)
 .ARM.attributes
                0x0000000000000a38       0x34 d:/programmi/stm32cubeide_1.3.0/stm32cubeide/plugins/com.st.stm32cube.ide.mcu.externaltools.gnu-tools-for-stm32.7-2018-q2-update.win32_1.0.0.201904181610/tools/bin/../lib/gcc/arm-none-eabi/7.3.1/../../../../arm-none-eabi/lib/thumb/v7e-m/fpv4-sp/hard\libc_nano.a(lib_a-ctype_.o)
 .ARM.attributes
                0x0000000000000a6c       0x20 d:/programmi/stm32cubeide_1.3.0/stm32cubeide/plugins/com.st.stm32cube.ide.mcu.externaltools.gnu-tools-for-stm32.7-2018-q2-update.win32_1.0.0.201904181610/tools/bin/../lib/gcc/arm-none-eabi/7.3.1/../../../../arm-none-eabi/lib/thumb/v7e-m/fpv4-sp/hard\libc_nano.a(lib_a-memchr.o)
 .ARM.attributes
                0x0000000000000a8c       0x34 d:/programmi/stm32cubeide_1.3.0/stm32cubeide/plugins/com.st.stm32cube.ide.mcu.externaltools.gnu-tools-for-stm32.7-2018-q2-update.win32_1.0.0.201904181610/tools/bin/../lib/gcc/arm-none-eabi/7.3.1/../../../../arm-none-eabi/lib/thumb/v7e-m/fpv4-sp/hard\libc_nano.a(lib_a-memcpy-stub.o)
 .ARM.attributes
                0x0000000000000ac0       0x34 d:/programmi/stm32cubeide_1.3.0/stm32cubeide/plugins/com.st.stm32cube.ide.mcu.externaltools.gnu-tools-for-stm32.7-2018-q2-update.win32_1.0.0.201904181610/tools/bin/../lib/gcc/arm-none-eabi/7.3.1/../../../../arm-none-eabi/lib/thumb/v7e-m/fpv4-sp/hard\libc_nano.a(lib_a-memmove.o)
 .ARM.attributes
                0x0000000000000af4       0x34 d:/programmi/stm32cubeide_1.3.0/stm32cubeide/plugins/com.st.stm32cube.ide.mcu.externaltools.gnu-tools-for-stm32.7-2018-q2-update.win32_1.0.0.201904181610/tools/bin/../lib/gcc/arm-none-eabi/7.3.1/../../../../arm-none-eabi/lib/thumb/v7e-m/fpv4-sp/hard\libc_nano.a(lib_a-nano-freer.o)
 .ARM.attributes
                0x0000000000000b28       0x34 d:/programmi/stm32cubeide_1.3.0/stm32cubeide/plugins/com.st.stm32cube.ide.mcu.externaltools.gnu-tools-for-stm32.7-2018-q2-update.win32_1.0.0.201904181610/tools/bin/../lib/gcc/arm-none-eabi/7.3.1/../../../../arm-none-eabi/lib/thumb/v7e-m/fpv4-sp/hard\libc_nano.a(lib_a-nano-mallocr.o)
 .ARM.attributes
                0x0000000000000b5c       0x34 d:/programmi/stm32cubeide_1.3.0/stm32cubeide/plugins/com.st.stm32cube.ide.mcu.externaltools.gnu-tools-for-stm32.7-2018-q2-update.win32_1.0.0.201904181610/tools/bin/../lib/gcc/arm-none-eabi/7.3.1/../../../../arm-none-eabi/lib/thumb/v7e-m/fpv4-sp/hard\libc_nano.a(lib_a-nano-reallocr.o)
 .ARM.attributes
                0x0000000000000b90       0x34 d:/programmi/stm32cubeide_1.3.0/stm32cubeide/plugins/com.st.stm32cube.ide.mcu.externaltools.gnu-tools-for-stm32.7-2018-q2-update.win32_1.0.0.201904181610/tools/bin/../lib/gcc/arm-none-eabi/7.3.1/../../../../arm-none-eabi/lib/thumb/v7e-m/fpv4-sp/hard\libc_nano.a(lib_a-sbrkr.o)
 .ARM.attributes
                0x0000000000000bc4       0x34 d:/programmi/stm32cubeide_1.3.0/stm32cubeide/plugins/com.st.stm32cube.ide.mcu.externaltools.gnu-tools-for-stm32.7-2018-q2-update.win32_1.0.0.201904181610/tools/bin/../lib/gcc/arm-none-eabi/7.3.1/../../../../arm-none-eabi/lib/thumb/v7e-m/fpv4-sp/hard\libc_nano.a(lib_a-mlock.o)
 .ARM.attributes
                0x0000000000000bf8       0x34 d:/programmi/stm32cubeide_1.3.0/stm32cubeide/plugins/com.st.stm32cube.ide.mcu.externaltools.gnu-tools-for-stm32.7-2018-q2-update.win32_1.0.0.201904181610/tools/bin/../lib/gcc/arm-none-eabi/7.3.1/../../../../arm-none-eabi/lib/thumb/v7e-m/fpv4-sp/hard\libc_nano.a(lib_a-nano-msizer.o)
 .ARM.attributes
                0x0000000000000c2c       0x34 d:/programmi/stm32cubeide_1.3.0/stm32cubeide/plugins/com.st.stm32cube.ide.mcu.externaltools.gnu-tools-for-stm32.7-2018-q2-update.win32_1.0.0.201904181610/tools/bin/../lib/gcc/arm-none-eabi/7.3.1/../../../../arm-none-eabi/lib/thumb/v7e-m/fpv4-sp/hard\libc_nano.a(lib_a-reent.o)
 .ARM.attributes
                0x0000000000000c60       0x34 d:/programmi/stm32cubeide_1.3.0/stm32cubeide/plugins/com.st.stm32cube.ide.mcu.externaltools.gnu-tools-for-stm32.7-2018-q2-update.win32_1.0.0.201904181610/tools/bin/../lib/gcc/arm-none-eabi/7.3.1/../../../../arm-none-eabi/lib/thumb/v7e-m/fpv4-sp/hard\libm.a(lib_a-w_log.o)
 .ARM.attributes
                0x0000000000000c94       0x34 d:/programmi/stm32cubeide_1.3.0/stm32cubeide/plugins/com.st.stm32cube.ide.mcu.externaltools.gnu-tools-for-stm32.7-2018-q2-update.win32_1.0.0.201904181610/tools/bin/../lib/gcc/arm-none-eabi/7.3.1/../../../../arm-none-eabi/lib/thumb/v7e-m/fpv4-sp/hard\libm.a(lib_a-e_log.o)
 .ARM.attributes
                0x0000000000000cc8       0x34 d:/programmi/stm32cubeide_1.3.0/stm32cubeide/plugins/com.st.stm32cube.ide.mcu.externaltools.gnu-tools-for-stm32.7-2018-q2-update.win32_1.0.0.201904181610/tools/bin/../lib/gcc/arm-none-eabi/7.3.1/../../../../arm-none-eabi/lib/thumb/v7e-m/fpv4-sp/hard\libm.a(lib_a-s_lib_ver.o)
 .ARM.attributes
                0x0000000000000cfc       0x34 d:/programmi/stm32cubeide_1.3.0/stm32cubeide/plugins/com.st.stm32cube.ide.mcu.externaltools.gnu-tools-for-stm32.7-2018-q2-update.win32_1.0.0.201904181610/tools/bin/../lib/gcc/arm-none-eabi/7.3.1/../../../../arm-none-eabi/lib/thumb/v7e-m/fpv4-sp/hard\libm.a(lib_a-s_matherr.o)
 .ARM.attributes
                0x0000000000000d30       0x34 d:/programmi/stm32cubeide_1.3.0/stm32cubeide/plugins/com.st.stm32cube.ide.mcu.externaltools.gnu-tools-for-stm32.7-2018-q2-update.win32_1.0.0.201904181610/tools/bin/../lib/gcc/arm-none-eabi/7.3.1/../../../../arm-none-eabi/lib/thumb/v7e-m/fpv4-sp/hard\libm.a(lib_a-s_nan.o)
 .ARM.attributes
                0x0000000000000d64       0x22 d:/programmi/stm32cubeide_1.3.0/stm32cubeide/plugins/com.st.stm32cube.ide.mcu.externaltools.gnu-tools-for-stm32.7-2018-q2-update.win32_1.0.0.201904181610/tools/bin/../lib/gcc/arm-none-eabi/7.3.1/thumb/v7e-m/fpv4-sp/hard\libgcc.a(_arm_addsubdf3.o)
 .ARM.attributes
                0x0000000000000d86       0x22 d:/programmi/stm32cubeide_1.3.0/stm32cubeide/plugins/com.st.stm32cube.ide.mcu.externaltools.gnu-tools-for-stm32.7-2018-q2-update.win32_1.0.0.201904181610/tools/bin/../lib/gcc/arm-none-eabi/7.3.1/thumb/v7e-m/fpv4-sp/hard\libgcc.a(_arm_muldivdf3.o)
 .ARM.attributes
                0x0000000000000da8       0x22 d:/programmi/stm32cubeide_1.3.0/stm32cubeide/plugins/com.st.stm32cube.ide.mcu.externaltools.gnu-tools-for-stm32.7-2018-q2-update.win32_1.0.0.201904181610/tools/bin/../lib/gcc/arm-none-eabi/7.3.1/thumb/v7e-m/fpv4-sp/hard\libgcc.a(_arm_cmpdf2.o)
 .ARM.attributes
                0x0000000000000dca       0x22 d:/programmi/stm32cubeide_1.3.0/stm32cubeide/plugins/com.st.stm32cube.ide.mcu.externaltools.gnu-tools-for-stm32.7-2018-q2-update.win32_1.0.0.201904181610/tools/bin/../lib/gcc/arm-none-eabi/7.3.1/thumb/v7e-m/fpv4-sp/hard\libgcc.a(_arm_unorddf2.o)
 .ARM.attributes
                0x0000000000000dec       0x22 d:/programmi/stm32cubeide_1.3.0/stm32cubeide/plugins/com.st.stm32cube.ide.mcu.externaltools.gnu-tools-for-stm32.7-2018-q2-update.win32_1.0.0.201904181610/tools/bin/../lib/gcc/arm-none-eabi/7.3.1/thumb/v7e-m/fpv4-sp/hard\libgcc.a(_arm_truncdfsf2.o)
 .ARM.attributes